
pikokey.elf:     file format elf32-littleriscv


Disassembly of section .init:

00000000 <InterruptVector>:
   0:	0b60006f          	j	b6 <handle_reset>
   4:	00000000          	.word	0x00000000
   8:	0000012a          	.word	0x0000012a
   c:	00000128          	.word	0x00000128
	...
  30:	00000480          	.word	0x00000480
  34:	00000000          	.word	0x00000000
  38:	00000128          	.word	0x00000128
  3c:	00000000          	.word	0x00000000
  40:	00000128          	.word	0x00000128
  44:	00000128          	.word	0x00000128
  48:	00000128          	.word	0x00000128
  4c:	00000128          	.word	0x00000128
  50:	00000698          	.word	0x00000698
  54:	00000128          	.word	0x00000128
  58:	00000128          	.word	0x00000128
  5c:	00000128          	.word	0x00000128
  60:	00000128          	.word	0x00000128
  64:	00000128          	.word	0x00000128
  68:	00000128          	.word	0x00000128
  6c:	00000128          	.word	0x00000128
  70:	00000128          	.word	0x00000128
  74:	00000128          	.word	0x00000128
  78:	00000128          	.word	0x00000128
  7c:	00000128          	.word	0x00000128
  80:	00000128          	.word	0x00000128
  84:	00000128          	.word	0x00000128
  88:	00000128          	.word	0x00000128
  8c:	00000128          	.word	0x00000128
  90:	00000128          	.word	0x00000128
  94:	00000128          	.word	0x00000128
  98:	00000128          	.word	0x00000128
  9c:	0000                	.2byte	0x0
	...

Disassembly of section .text:

000000a0 <DelaySysTick>:
  a0:	e000f7b7          	lui	a5,0xe000f
  a4:	479c                	lw	a5,8(a5)
  a6:	e000f737          	lui	a4,0xe000f
  aa:	953e                	add	a0,a0,a5
  ac:	471c                	lw	a5,8(a4)
  ae:	8f89                	sub	a5,a5,a0
  b0:	fe07cee3          	bltz	a5,ac <DelaySysTick+0xc>
  b4:	8082                	ret

000000b6 <handle_reset>:
  b6:	20000197          	auipc	gp,0x20000
  ba:	74a18193          	add	gp,gp,1866 # 20000800 <__global_pointer$>
  be:	00018113          	mv	sp,gp
  c2:	08000513          	li	a0,128
  c6:	30051073          	csrw	mstatus,a0
  ca:	468d                	li	a3,3
  cc:	00000517          	auipc	a0,0x0
  d0:	f3450513          	add	a0,a0,-204 # 0 <InterruptVector>
  d4:	8d55                	or	a0,a0,a3
  d6:	30551073          	csrw	mtvec,a0
  da:	80c18513          	add	a0,gp,-2036 # 2000000c <previous_report>
  de:	8b018593          	add	a1,gp,-1872 # 200000b0 <_ebss>
  e2:	4601                	li	a2,0
  e4:	00b55663          	bge	a0,a1,f0 <handle_reset+0x3a>
  e8:	c110                	sw	a2,0(a0)
  ea:	0511                	add	a0,a0,4
  ec:	feb54ee3          	blt	a0,a1,e8 <handle_reset+0x32>
  f0:	00001517          	auipc	a0,0x1
  f4:	aa850513          	add	a0,a0,-1368 # b98 <_data_lma>
  f8:	20000597          	auipc	a1,0x20000
  fc:	f0858593          	add	a1,a1,-248 # 20000000 <cols>
 100:	80c18613          	add	a2,gp,-2036 # 2000000c <previous_report>
 104:	00c58863          	beq	a1,a2,114 <handle_reset+0x5e>
 108:	4114                	lw	a3,0(a0)
 10a:	c194                	sw	a3,0(a1)
 10c:	0511                	add	a0,a0,4
 10e:	0591                	add	a1,a1,4
 110:	fec59ae3          	bne	a1,a2,104 <handle_reset+0x4e>
 114:	e000f7b7          	lui	a5,0xe000f
 118:	4715                	li	a4,5
 11a:	c398                	sw	a4,0(a5)
 11c:	18000793          	li	a5,384
 120:	34179073          	csrw	mepc,a5
 124:	30200073          	mret

00000128 <ADC1_2_IRQHandler>:
 128:	a001                	j	128 <ADC1_2_IRQHandler>

0000012a <NMI_Handler>:
 12a:	40021737          	lui	a4,0x40021
 12e:	471c                	lw	a5,8(a4)
 130:	008006b7          	lui	a3,0x800
 134:	8fd5                	or	a5,a5,a3
 136:	c71c                	sw	a5,8(a4)

00000138 <SystemInit>:
 138:	400227b7          	lui	a5,0x40022
 13c:	4705                	li	a4,1
 13e:	c398                	sw	a4,0(a5)
 140:	400217b7          	lui	a5,0x40021
 144:	01080737          	lui	a4,0x1080
 148:	0007a223          	sw	zero,4(a5) # 40021004 <__global_pointer$+0x20020804>
 14c:	08170713          	add	a4,a4,129 # 1080081 <rv003usb.c.4b30943f+0x107d25b>
 150:	c398                	sw	a4,0(a5)
 152:	009f0737          	lui	a4,0x9f0
 156:	c798                	sw	a4,8(a5)
 158:	020006b7          	lui	a3,0x2000
 15c:	40021737          	lui	a4,0x40021
 160:	431c                	lw	a5,0(a4)
 162:	8ff5                	and	a5,a5,a3
 164:	dff5                	beqz	a5,160 <SystemInit+0x28>
 166:	435c                	lw	a5,4(a4)
 168:	400216b7          	lui	a3,0x40021
 16c:	9bf1                	and	a5,a5,-4
 16e:	0027e793          	or	a5,a5,2
 172:	c35c                	sw	a5,4(a4)
 174:	4721                	li	a4,8
 176:	42dc                	lw	a5,4(a3)
 178:	8bb1                	and	a5,a5,12
 17a:	fee79ee3          	bne	a5,a4,176 <SystemInit+0x3e>
 17e:	8082                	ret

00000180 <main>:
    lastChangeTime = now;
  }
}

int main()
{
 180:	fd410113          	add	sp,sp,-44
 184:	d406                	sw	ra,40(sp)
 186:	d222                	sw	s0,36(sp)
 188:	d026                	sw	s1,32(sp)
  SystemInit();
  Delay_Ms(1); // Ensures USB re-enumeration after bootloader or reset; Spec demand >2.5µs ( TDDIS )
 18a:	6431                	lui	s0,0xc
  SystemInit();
 18c:	3775                	jal	138 <SystemInit>
  Delay_Ms(1); // Ensures USB re-enumeration after bootloader or reset; Spec demand >2.5µs ( TDDIS )
 18e:	b8040513          	add	a0,s0,-1152 # bb80 <rv003usb.c.4b30943f+0x8d5a>
 192:	3739                	jal	a0 <DelaySysTick>
 * Start up the SysTick IRQ
 */
void systick_init(void)
{
	/* disable default SysTick behavior */
	SysTick->CTLR = 0;
 194:	e000f7b7          	lui	a5,0xe000f
 198:	0007a023          	sw	zero,0(a5) # e000f000 <__global_pointer$+0xc000e800>
}

// Enable Interrupt (by interrupt number)
RV_STATIC_INLINE void NVIC_EnableIRQ(IRQn_Type IRQn)
{
	NVIC->IENR[((uint32_t)(IRQn) >> 5)] = (1 << ((uint32_t)(IRQn) & 0x1F));
 19c:	e000e737          	lui	a4,0xe000e
 1a0:	6685                	lui	a3,0x1
 1a2:	10d72023          	sw	a3,256(a4) # e000e100 <__global_pointer$+0xc000d900>
	
	/* enable the SysTick IRQ */
	NVIC_EnableIRQ(SysTicK_IRQn);
	
	/* Set the tick interval to 1ms for normal op */
	SysTick->CMP = (FUNCONF_SYSTEM_CORE_CLOCK/1000)-1;
 1a6:	b7f40413          	add	s0,s0,-1153
 1aa:	cb80                	sw	s0,16(a5)
	
	/* Start at zero */
	SysTick->CNT = 0;
 1ac:	0007a423          	sw	zero,8(a5)
	SysTick_Count = 0;
 1b0:	8201a023          	sw	zero,-2016(gp) # 20000020 <SysTick_Count>
	
	/* Enable SysTick counter, IRQ, HCLK/1 */
	SysTick->CTLR = SYSTICK_CTLR_STE | SYSTICK_CTLR_STIE |
 1b4:	471d                	li	a4,7
 1b6:	c398                	sw	a4,0(a5)
  systick_init();

  // Enable GPIOs
  RCC->APB2PCENR |= RCC_APB2Periph_GPIOD | RCC_APB2Periph_GPIOC | RCC_AFIOEN;
 1b8:	400217b7          	lui	a5,0x40021
 1bc:	4f98                	lw	a4,24(a5)
  // Convert PD1 from SWIO to GPIO
  AFIO->PCFR1 &= ~(AFIO_PCFR1_SWJ_CFG);
 1be:	f9000637          	lui	a2,0xf9000
 1c2:	167d                	add	a2,a2,-1 # f8ffffff <__global_pointer$+0xd8fff7ff>
  RCC->APB2PCENR |= RCC_APB2Periph_GPIOD | RCC_APB2Periph_GPIOC | RCC_AFIOEN;
 1c4:	03176713          	or	a4,a4,49
 1c8:	cf98                	sw	a4,24(a5)
  AFIO->PCFR1 &= ~(AFIO_PCFR1_SWJ_CFG);
 1ca:	40010737          	lui	a4,0x40010
 1ce:	4354                	lw	a3,4(a4)
  AFIO->PCFR1 |= AFIO_PCFR1_SWJ_CFG_DISABLE;

  funGpioInitAll();
  for (int i=0;i<nrows;i++){
    funPinMode(rows[i], GPIO_CFGLR_IN_PUPD);
 1d0:	400115b7          	lui	a1,0x40011
 1d4:	80058593          	add	a1,a1,-2048 # 40010800 <__global_pointer$+0x20010000>
  AFIO->PCFR1 &= ~(AFIO_PCFR1_SWJ_CFG);
 1d8:	8ef1                	and	a3,a3,a2
 1da:	c354                	sw	a3,4(a4)
  AFIO->PCFR1 |= AFIO_PCFR1_SWJ_CFG_DISABLE;
 1dc:	4354                	lw	a3,4(a4)
 1de:	04000637          	lui	a2,0x4000
    funPinMode(rows[i], GPIO_CFGLR_IN_PUPD);
 1e2:	43bd                	li	t2,15
  AFIO->PCFR1 |= AFIO_PCFR1_SWJ_CFG_DISABLE;
 1e4:	8ed1                	or	a3,a3,a2
 1e6:	c354                	sw	a3,4(a4)
  funGpioInitAll();
 1e8:	4f98                	lw	a4,24(a5)
  for (int i=0;i<nrows;i++){
 1ea:	4601                	li	a2,0
    funPinMode(rows[i], GPIO_CFGLR_IN_PUPD);
 1ec:	42a1                	li	t0,8
  funGpioInitAll();
 1ee:	03576713          	or	a4,a4,53
 1f2:	cf98                	sw	a4,24(a5)
    funPinMode(rows[i], GPIO_CFGLR_IN_PUPD);
 1f4:	80818793          	add	a5,gp,-2040 # 20000008 <rows>
 1f8:	c43e                	sw	a5,8(sp)
    funDigitalWrite(rows[i], FUN_HIGH);
 1fa:	4305                	li	t1,1
  for (int i=0;i<nrows;i++){
 1fc:	4511                	li	a0,4
    funPinMode(rows[i], GPIO_CFGLR_IN_PUPD);
 1fe:	47a2                	lw	a5,8(sp)
 200:	97b2                	add	a5,a5,a2
 202:	0007c703          	lbu	a4,0(a5) # 40021000 <__global_pointer$+0x20020800>
  for (int i=0;i<nrows;i++){
 206:	0605                	add	a2,a2,1 # 4000001 <rv003usb.c.4b30943f+0x3ffd1db>
    funPinMode(rows[i], GPIO_CFGLR_IN_PUPD);
 208:	00475793          	srl	a5,a4,0x4
 20c:	07aa                	sll	a5,a5,0xa
 20e:	97ae                	add	a5,a5,a1
 210:	8b3d                	and	a4,a4,15
 212:	4380                	lw	s0,0(a5)
 214:	00271093          	sll	ra,a4,0x2
 218:	001396b3          	sll	a3,t2,ra
 21c:	fff6c693          	not	a3,a3
 220:	8ee1                	and	a3,a3,s0
 222:	001290b3          	sll	ra,t0,ra
 226:	0016e6b3          	or	a3,a3,ra
 22a:	c394                	sw	a3,0(a5)
    funDigitalWrite(rows[i], FUN_HIGH);
 22c:	00e31733          	sll	a4,t1,a4
 230:	cb98                	sw	a4,16(a5)
  for (int i=0;i<nrows;i++){
 232:	fca616e3          	bne	a2,a0,1fe <main+0x7e>
  }
  for (int i=0;i<ncols;i++){
    funPinMode(cols[i], GPIO_CFGLR_IN_PUPD);
 236:	200007b7          	lui	a5,0x20000
 23a:	00078793          	mv	a5,a5
 23e:	40011637          	lui	a2,0x40011
  for (int i=0;i<ncols;i++){
 242:	4581                	li	a1,0
    funPinMode(cols[i], GPIO_CFGLR_IN_PUPD);
 244:	c63e                	sw	a5,12(sp)
 246:	80060493          	add	s1,a2,-2048 # 40010800 <__global_pointer$+0x20010000>
 24a:	443d                	li	s0,15
 24c:	43a1                	li	t2,8
    funDigitalWrite(cols[i], FUN_HIGH);
 24e:	4285                	li	t0,1
  for (int i=0;i<ncols;i++){
 250:	4319                	li	t1,6
    funPinMode(cols[i], GPIO_CFGLR_IN_PUPD);
 252:	47b2                	lw	a5,12(sp)
 254:	97ae                	add	a5,a5,a1
 256:	0007c703          	lbu	a4,0(a5) # 20000000 <cols>
  for (int i=0;i<ncols;i++){
 25a:	0585                	add	a1,a1,1
    funPinMode(cols[i], GPIO_CFGLR_IN_PUPD);
 25c:	00475793          	srl	a5,a4,0x4
 260:	07aa                	sll	a5,a5,0xa
 262:	97a6                	add	a5,a5,s1
 264:	8b3d                	and	a4,a4,15
 266:	0007a083          	lw	ra,0(a5)
 26a:	00271513          	sll	a0,a4,0x2
 26e:	00a416b3          	sll	a3,s0,a0
 272:	fff6c693          	not	a3,a3
 276:	0016f6b3          	and	a3,a3,ra
 27a:	00a39533          	sll	a0,t2,a0
 27e:	8ec9                	or	a3,a3,a0
 280:	c394                	sw	a3,0(a5)
    funDigitalWrite(cols[i], FUN_HIGH);
 282:	00e29733          	sll	a4,t0,a4
 286:	cb98                	sw	a4,16(a5)
  for (int i=0;i<ncols;i++){
 288:	fc6595e3          	bne	a1,t1,252 <main+0xd2>
#define LOCAL_CONCAT(A, B) A##B
#define LOCAL_EXP(A, B) LOCAL_CONCAT(A,B)

void usb_setup()
{
	rv003usb_internal_data.se0_windup = 0;
 28c:	200007b7          	lui	a5,0x20000
 290:	0207ae23          	sw	zero,60(a5) # 2000003c <rv003usb_internal_data+0x18>

	// Enable GPIOs, TIMERs
	RCC->APB2PCENR |= LOCAL_EXP( RCC_APB2Periph_GPIO, USB_PORT ) | RCC_APB2Periph_AFIO;
 294:	40021737          	lui	a4,0x40021
 298:	4f1c                	lw	a5,24(a4)
	}
#endif

	// GPIO Setup
	LOCAL_EXP( GPIO, USB_PORT )->CFGLR = 
		( LOCAL_EXP( GPIO, USB_PORT )->CFGLR & 
 29a:	40060613          	add	a2,a2,1024
	RCC->APB2PCENR |= LOCAL_EXP( RCC_APB2Periph_GPIO, USB_PORT ) | RCC_APB2Periph_AFIO;
 29e:	0217e793          	or	a5,a5,33
 2a2:	cf1c                	sw	a5,24(a4)
		( LOCAL_EXP( GPIO, USB_PORT )->CFGLR & 
 2a4:	421c                	lw	a5,0(a2)
 2a6:	fff01737          	lui	a4,0xfff01
 2aa:	177d                	add	a4,a4,-1 # fff00fff <__global_pointer$+0xdff007ff>
 2ac:	8ff9                	and	a5,a5,a4
			) )) )
		 |
#ifdef USB_PIN_DPU
		(GPIO_Speed_50MHz | GPIO_CNF_OUT_PP)<<(4*USB_PIN_DPU) |
#endif
		(GPIO_Speed_In | GPIO_CNF_IN_PUPD)<<(4*USB_PIN_DP) | 
 2ae:	00088737          	lui	a4,0x88
 2b2:	8fd9                	or	a5,a5,a4
	LOCAL_EXP( GPIO, USB_PORT )->CFGLR = 
 2b4:	c21c                	sw	a5,0(a2)
		(GPIO_Speed_In | GPIO_CNF_IN_PUPD)<<(4*USB_PIN_DM);

	// Configure USB_PIN_DM (D-) as an interrupt on falling edge.
	AFIO->EXTICR = LOCAL_EXP(GPIO_PortSourceGPIO,USB_PORT)<<(USB_PIN_DM*2); // Configure EXTI interrupt for USB_PIN_DM
 2b6:	30000713          	li	a4,768
 2ba:	400107b7          	lui	a5,0x40010
 2be:	c798                	sw	a4,8(a5)
	EXTI->INTENR = 1<<USB_PIN_DM; // Enable EXTI interrupt
 2c0:	40078793          	add	a5,a5,1024 # 40010400 <__global_pointer$+0x2000fc00>
 2c4:	4741                	li	a4,16
 2c6:	c398                	sw	a4,0(a5)
	EXTI->FTENR = 1<<USB_PIN_DM;  // Enable falling edge trigger for USB_PIN_DM (D-)
 2c8:	c7d8                	sw	a4,12(a5)
 2ca:	e000e7b7          	lui	a5,0xe000e
 2ce:	00100737          	lui	a4,0x100
 2d2:	10e7a023          	sw	a4,256(a5) # e000e100 <__global_pointer$+0xc000d900>
	SysTick_Count++;
}

// Get Current Time in ms
uint32_t GetSystemTime(void) {
    return SysTick_Count;
 2d6:	8201a783          	lw	a5,-2016(gp) # 20000020 <SysTick_Count>
 2da:	c03e                	sw	a5,0(sp)
  bool leaped = now < lastChangeTime;
 2dc:	81c1a783          	lw	a5,-2020(gp) # 2000001c <lastChangeTime>
  if (!leaped && debunceTime) return;
 2e0:	4702                	lw	a4,0(sp)
 2e2:	00f76563          	bltu	a4,a5,2ec <main+0x16c>
  bool debunceTime = lastChangeTime + 10 > now;
 2e6:	07a9                	add	a5,a5,10
  if (!leaped && debunceTime) return;
 2e8:	fef767e3          	bltu	a4,a5,2d6 <main+0x156>
    funPinMode(rows[i], GPIO_CFGLR_OUT_10Mhz_PP);
 2ec:	400115b7          	lui	a1,0x40011
  for (int i=0;i<ncols;i++){
 2f0:	88018493          	add	s1,gp,-1920 # 20000080 <matrix>
 2f4:	c202                	sw	zero,4(sp)
 2f6:	4601                	li	a2,0
    funPinMode(rows[i], GPIO_CFGLR_OUT_10Mhz_PP);
 2f8:	80058593          	add	a1,a1,-2048 # 40010800 <__global_pointer$+0x20010000>
 2fc:	47a2                	lw	a5,8(sp)
 2fe:	46bd                	li	a3,15
 300:	4505                	li	a0,1
 302:	97b2                	add	a5,a5,a2
 304:	0007c703          	lbu	a4,0(a5)
 308:	ce32                	sw	a2,28(sp)
 30a:	00475413          	srl	s0,a4,0x4
 30e:	042a                	sll	s0,s0,0xa
 310:	942e                	add	s0,s0,a1
 312:	8b3d                	and	a4,a4,15
 314:	00271313          	sll	t1,a4,0x2
 318:	401c                	lw	a5,0(s0)
 31a:	006696b3          	sll	a3,a3,t1
 31e:	fff6c693          	not	a3,a3
 322:	006512b3          	sll	t0,a0,t1
 326:	8ff5                	and	a5,a5,a3
 328:	0057e7b3          	or	a5,a5,t0
 32c:	c01c                	sw	a5,0(s0)
    funDigitalWrite(rows[i], FUN_LOW);
 32e:	01070793          	add	a5,a4,16 # 100010 <rv003usb.c.4b30943f+0xfd1ea>
 332:	00f51533          	sll	a0,a0,a5
 336:	c808                	sw	a0,16(s0)
    Delay_Us(1);
 338:	03000513          	li	a0,48
    funPinMode(rows[i], GPIO_CFGLR_OUT_10Mhz_PP);
 33c:	cc36                	sw	a3,24(sp)
 33e:	ca1a                	sw	t1,20(sp)
    funDigitalWrite(rows[i], FUN_LOW);
 340:	c83a                	sw	a4,16(sp)
    Delay_Us(1);
 342:	3bb9                	jal	a0 <DelaySysTick>
    for (int j=0;j<ncols;j++){
 344:	4672                	lw	a2,28(sp)
 346:	46e2                	lw	a3,24(sp)
 348:	4352                	lw	t1,20(sp)
 34a:	4742                	lw	a4,16(sp)
 34c:	400117b7          	lui	a5,0x40011
    Delay_Us(1);
 350:	82a6                	mv	t0,s1
    for (int j=0;j<ncols;j++){
 352:	4501                	li	a0,0
 354:	4399                	li	t2,6
 356:	80078593          	add	a1,a5,-2048 # 40010800 <__global_pointer$+0x20010000>
      bool state = funDigitalRead(cols[j]) == FUN_LOW;
 35a:	47b2                	lw	a5,12(sp)
 35c:	97aa                	add	a5,a5,a0
 35e:	0007c083          	lbu	ra,0(a5)
 362:	0040d793          	srl	a5,ra,0x4
 366:	07aa                	sll	a5,a5,0xa
 368:	97ae                	add	a5,a5,a1
 36a:	479c                	lw	a5,8(a5)
 36c:	00f0f093          	and	ra,ra,15
 370:	0017d7b3          	srl	a5,a5,ra
      if (state != matrix[i][j]) changed = true;
 374:	0002c083          	lbu	ra,0(t0)
      bool state = funDigitalRead(cols[j]) == FUN_LOW;
 378:	fff7c793          	not	a5,a5
 37c:	8b85                	and	a5,a5,1
      if (state != matrix[i][j]) changed = true;
 37e:	00f08463          	beq	ra,a5,386 <main+0x206>
 382:	4085                	li	ra,1
 384:	c206                	sw	ra,4(sp)
      matrix[i][j] = state;
 386:	00f28023          	sb	a5,0(t0)
    for (int j=0;j<ncols;j++){
 38a:	0505                	add	a0,a0,1
 38c:	0285                	add	t0,t0,1
 38e:	fc7516e3          	bne	a0,t2,35a <main+0x1da>
    funPinMode(rows[i], GPIO_CFGLR_IN_PUPD);
 392:	401c                	lw	a5,0(s0)
  for (int i=0;i<nrows;i++){
 394:	0605                	add	a2,a2,1
 396:	04b1                	add	s1,s1,12
    funPinMode(rows[i], GPIO_CFGLR_IN_PUPD);
 398:	8ff5                	and	a5,a5,a3
 39a:	46a1                	li	a3,8
 39c:	006696b3          	sll	a3,a3,t1
 3a0:	8fd5                	or	a5,a5,a3
 3a2:	c01c                	sw	a5,0(s0)
    funDigitalWrite(rows[i], FUN_HIGH);
 3a4:	4785                	li	a5,1
 3a6:	00e797b3          	sll	a5,a5,a4
 3aa:	c81c                	sw	a5,16(s0)
  for (int i=0;i<nrows;i++){
 3ac:	4791                	li	a5,4
 3ae:	f4f617e3          	bne	a2,a5,2fc <main+0x17c>
    funPinMode(cols[i], GPIO_CFGLR_OUT_10Mhz_PP);
 3b2:	400115b7          	lui	a1,0x40011
  for (int i=0;i<ncols;i++){
 3b6:	4601                	li	a2,0
    funPinMode(cols[i], GPIO_CFGLR_OUT_10Mhz_PP);
 3b8:	80058593          	add	a1,a1,-2048 # 40010800 <__global_pointer$+0x20010000>
 3bc:	47b2                	lw	a5,12(sp)
 3be:	473d                	li	a4,15
 3c0:	4685                	li	a3,1
 3c2:	97b2                	add	a5,a5,a2
 3c4:	0007c483          	lbu	s1,0(a5)
 3c8:	cc32                	sw	a2,24(sp)
 3ca:	0044d413          	srl	s0,s1,0x4
 3ce:	042a                	sll	s0,s0,0xa
 3d0:	942e                	add	s0,s0,a1
 3d2:	88bd                	and	s1,s1,15
 3d4:	00249313          	sll	t1,s1,0x2
 3d8:	401c                	lw	a5,0(s0)
 3da:	00671733          	sll	a4,a4,t1
 3de:	fff74713          	not	a4,a4
 3e2:	00669533          	sll	a0,a3,t1
 3e6:	8ff9                	and	a5,a5,a4
 3e8:	8fc9                	or	a5,a5,a0
 3ea:	c01c                	sw	a5,0(s0)
    funDigitalWrite(cols[i], FUN_LOW);
 3ec:	01048793          	add	a5,s1,16
 3f0:	00f696b3          	sll	a3,a3,a5
 3f4:	c814                	sw	a3,16(s0)
    Delay_Us(1);
 3f6:	03000513          	li	a0,48
    funPinMode(cols[i], GPIO_CFGLR_OUT_10Mhz_PP);
 3fa:	ca3a                	sw	a4,20(sp)
 3fc:	c81a                	sw	t1,16(sp)
    Delay_Us(1);
 3fe:	314d                	jal	a0 <DelaySysTick>
    for (int j=0;j<nrows;j++){
 400:	4662                	lw	a2,24(sp)
 402:	88018793          	add	a5,gp,-1920 # 20000080 <matrix>
 406:	4752                	lw	a4,20(sp)
 408:	4342                	lw	t1,16(sp)
 40a:	00b78693          	add	a3,a5,11
 40e:	400117b7          	lui	a5,0x40011
 412:	8e91                	sub	a3,a3,a2
 414:	4501                	li	a0,0
 416:	4291                	li	t0,4
 418:	80078593          	add	a1,a5,-2048 # 40010800 <__global_pointer$+0x20010000>
      bool state = funDigitalRead(rows[j]) == FUN_LOW;
 41c:	47a2                	lw	a5,8(sp)
 41e:	97aa                	add	a5,a5,a0
 420:	0007c383          	lbu	t2,0(a5)
 424:	0043d793          	srl	a5,t2,0x4
 428:	07aa                	sll	a5,a5,0xa
 42a:	97ae                	add	a5,a5,a1
 42c:	479c                	lw	a5,8(a5)
 42e:	00f3f393          	and	t2,t2,15
 432:	0077d7b3          	srl	a5,a5,t2
      if (state != matrix[j][11-i]) changed = true;
 436:	0006c383          	lbu	t2,0(a3) # 1000 <_data_lma+0x468>
      bool state = funDigitalRead(rows[j]) == FUN_LOW;
 43a:	fff7c793          	not	a5,a5
 43e:	8b85                	and	a5,a5,1
      if (state != matrix[j][11-i]) changed = true;
 440:	00f38463          	beq	t2,a5,448 <main+0x2c8>
 444:	4385                	li	t2,1
 446:	c21e                	sw	t2,4(sp)
      matrix[j][11-i] = state;
 448:	00f68023          	sb	a5,0(a3)
    for (int j=0;j<nrows;j++){
 44c:	0505                	add	a0,a0,1
 44e:	06b1                	add	a3,a3,12
 450:	fc5516e3          	bne	a0,t0,41c <main+0x29c>
    funPinMode(cols[i], GPIO_CFGLR_IN_PUPD);
 454:	401c                	lw	a5,0(s0)
  for (int i=0;i<ncols;i++){
 456:	0605                	add	a2,a2,1
    funPinMode(cols[i], GPIO_CFGLR_IN_PUPD);
 458:	8ff9                	and	a5,a5,a4
 45a:	4721                	li	a4,8
 45c:	00671733          	sll	a4,a4,t1
 460:	8fd9                	or	a5,a5,a4
 462:	c01c                	sw	a5,0(s0)
    funDigitalWrite(cols[i], FUN_HIGH);
 464:	4785                	li	a5,1
 466:	009797b3          	sll	a5,a5,s1
 46a:	c81c                	sw	a5,16(s0)
  for (int i=0;i<ncols;i++){
 46c:	4799                	li	a5,6
 46e:	f4f617e3          	bne	a2,a5,3bc <main+0x23c>
  if (changed) {
 472:	4792                	lw	a5,4(sp)
 474:	e60781e3          	beqz	a5,2d6 <main+0x156>
    lastChangeTime = now;
 478:	4702                	lw	a4,0(sp)
 47a:	80e1ae23          	sw	a4,-2020(gp) # 2000001c <lastChangeTime>
 47e:	bda1                	j	2d6 <main+0x156>

00000480 <SysTick_Handler>:
{
 480:	1151                	add	sp,sp,-12
 482:	c03e                	sw	a5,0(sp)
	SysTick->CMP += (FUNCONF_SYSTEM_CORE_CLOCK/1000);
 484:	e000f7b7          	lui	a5,0xe000f
{
 488:	c23a                	sw	a4,4(sp)
	SysTick->CMP += (FUNCONF_SYSTEM_CORE_CLOCK/1000);
 48a:	4b98                	lw	a4,16(a5)
{
 48c:	c436                	sw	a3,8(sp)
	SysTick->CMP += (FUNCONF_SYSTEM_CORE_CLOCK/1000);
 48e:	66b1                	lui	a3,0xc
 490:	b8068693          	add	a3,a3,-1152 # bb80 <rv003usb.c.4b30943f+0x8d5a>
 494:	9736                	add	a4,a4,a3
 496:	cb98                	sw	a4,16(a5)
	SysTick->SR = 0;
 498:	0007a223          	sw	zero,4(a5) # e000f004 <__global_pointer$+0xc000e804>
	SysTick_Count++;
 49c:	8201a783          	lw	a5,-2016(gp) # 20000020 <SysTick_Count>
}
 4a0:	46a2                	lw	a3,8(sp)
	SysTick_Count++;
 4a2:	0785                	add	a5,a5,1
 4a4:	82f1a023          	sw	a5,-2016(gp) # 20000020 <SysTick_Count>
}
 4a8:	4712                	lw	a4,4(sp)
 4aa:	4782                	lw	a5,0(sp)
 4ac:	0131                	add	sp,sp,12
 4ae:	30200073          	mret

000004b2 <usb_pid_handle_in>:
	NVIC_EnableIRQ( EXTI7_0_IRQn );
}


void usb_pid_handle_in( uint32_t addr, uint8_t * data, uint32_t endp, uint32_t unused, struct rv003usb_internal * ist )
{
 4b2:	1131                	add	sp,sp,-20
 4b4:	c622                	sw	s0,12(sp)
 4b6:	c426                	sw	s1,8(sp)
 4b8:	c806                	sw	ra,16(sp)
	ist->current_endpoint = endp;
	struct usb_endpoint * e = &ist->eps[endp];

	int tosend = 0;
	uint8_t * sendnow;
	int sendtok = e->toggle_in?0b01001011:0b11000011;
 4ba:	00561793          	sll	a5,a2,0x5
{
 4be:	843a                	mv	s0,a4
	ist->current_endpoint = endp;
 4c0:	c310                	sw	a2,0(a4)
	int sendtok = e->toggle_in?0b01001011:0b11000011;
 4c2:	973e                	add	a4,a4,a5
 4c4:	5318                	lw	a4,32(a4)
{
 4c6:	84b2                	mv	s1,a2
	int sendtok = e->toggle_in?0b01001011:0b11000011;
 4c8:	04b00693          	li	a3,75
 4cc:	e319                	bnez	a4,4d2 <usb_pid_handle_in+0x20>
 4ce:	0c300693          	li	a3,195



#if RV003USB_USE_REBOOT_FEATURE_REPORT
	if( ist->reboot_armed == 2 )
 4d2:	4450                	lw	a2,12(s0)
 4d4:	4709                	li	a4,2
 4d6:	02e61f63          	bne	a2,a4,514 <usb_pid_handle_in+0x62>
	{
		usb_send_empty( sendtok );
 4da:	8536                	mv	a0,a3
 4dc:	c23e                	sw	a5,4(sp)
 4de:	c036                	sw	a3,0(sp)
 4e0:	2995                	jal	954 <usb_send_empty>

		// Initiate boot into bootloader
		FLASH->BOOT_MODEKEYR = FLASH_KEY1;
 4e2:	45670637          	lui	a2,0x45670
 4e6:	40022737          	lui	a4,0x40022
 4ea:	12360613          	add	a2,a2,291 # 45670123 <__global_pointer$+0x2566f923>
 4ee:	d710                	sw	a2,40(a4)
		FLASH->BOOT_MODEKEYR = FLASH_KEY2;
 4f0:	cdef9637          	lui	a2,0xcdef9
 4f4:	9ab60613          	add	a2,a2,-1621 # cdef89ab <__global_pointer$+0xadef81ab>
 4f8:	d710                	sw	a2,40(a4)
		FLASH->STATR = 1<<14; // 1<<14 is zero, so, boot bootloader code. Unset for user code.
 4fa:	6611                	lui	a2,0x4
 4fc:	c750                	sw	a2,12(a4)
		FLASH->CTLR = CR_LOCK_Set;
		PFIC->SCTLR = 1<<31;
 4fe:	4792                	lw	a5,4(sp)
		FLASH->CTLR = CR_LOCK_Set;
 500:	08000613          	li	a2,128
		PFIC->SCTLR = 1<<31;
 504:	4682                	lw	a3,0(sp)
		FLASH->CTLR = CR_LOCK_Set;
 506:	cb10                	sw	a2,16(a4)
		PFIC->SCTLR = 1<<31;
 508:	e000f737          	lui	a4,0xe000f
 50c:	80000637          	lui	a2,0x80000
 510:	d0c72823          	sw	a2,-752(a4) # e000ed10 <__global_pointer$+0xc000e510>
	}
#endif

#if RV003USB_HANDLE_IN_REQUEST
	if( e->custom || endp )
 514:	97a2                	add	a5,a5,s0
 516:	579c                	lw	a5,40(a5)
 518:	8fc5                	or	a5,a5,s1
 51a:	cfa1                	beqz	a5,572 <usb_pid_handle_in+0xc0>

uint8_t previous_report[8] = { 0x00,0x00,0x00,0x00,0x00,0x00,0x00,0x00 };

void usb_handle_user_in_request( struct usb_endpoint * e, uint8_t * scratchpad, int endp, uint32_t sendtok, struct rv003usb_internal * ist )
{
  if( endp == 1 )
 51c:	4785                	li	a5,1
 51e:	06f49563          	bne	s1,a5,588 <usb_pid_handle_in+0xd6>
  {
    bool changed = false;
    for (int i=0;i<8;i++) {
      if (key_report[i] != previous_report[i]) changed = true;
 522:	200007b7          	lui	a5,0x20000
 526:	00c78793          	add	a5,a5,12 # 2000000c <previous_report>
    bool changed = false;
 52a:	4601                	li	a2,0
    for (int i=0;i<8;i++) {
 52c:	4701                	li	a4,0
      if (key_report[i] != previous_report[i]) changed = true;
 52e:	81418393          	add	t2,gp,-2028 # 20000014 <key_report>
 532:	81418293          	add	t0,gp,-2028 # 20000014 <key_report>
    for (int i=0;i<8;i++) {
 536:	45a1                	li	a1,8
      if (key_report[i] != previous_report[i]) changed = true;
 538:	00e38333          	add	t1,t2,a4
 53c:	00034303          	lbu	t1,0(t1)
 540:	0007c403          	lbu	s0,0(a5)
 544:	00640363          	beq	s0,t1,54a <usb_pid_handle_in+0x98>
 548:	4605                	li	a2,1
      previous_report[i] = key_report[i];
 54a:	00e28333          	add	t1,t0,a4
 54e:	00034303          	lbu	t1,0(t1)
    for (int i=0;i<8;i++) {
 552:	0705                	add	a4,a4,1
 554:	0785                	add	a5,a5,1
      previous_report[i] = key_report[i];
 556:	fe678fa3          	sb	t1,-1(a5)
    for (int i=0;i<8;i++) {
 55a:	fcb71fe3          	bne	a4,a1,538 <usb_pid_handle_in+0x86>
    }
    if (changed) {
 55e:	ce15                	beqz	a2,59a <usb_pid_handle_in+0xe8>
      usb_send_data( key_report, 8, 0, sendtok );
 560:	4601                	li	a2,0
 562:	45a1                	li	a1,8
 564:	81418513          	add	a0,gp,-2028 # 20000014 <key_report>
	}
	else
	{
		usb_send_data( sendnow, tosend, 0, sendtok );
	}
}
 568:	4432                	lw	s0,12(sp)
 56a:	40c2                	lw	ra,16(sp)
 56c:	44a2                	lw	s1,8(sp)
 56e:	0151                	add	sp,sp,20
		usb_send_data( sendnow, tosend, 0, sendtok );
 570:	aecd                	j	962 <usb_send_data>
	int offset = (e->count)<<3;
 572:	4c5c                	lw	a5,28(s0)
	tosend = (int)e->max_len - offset;
 574:	544c                	lw	a1,44(s0)
	sendnow = tsend + offset;
 576:	5c08                	lw	a0,56(s0)
	int offset = (e->count)<<3;
 578:	078e                	sll	a5,a5,0x3
	tosend = (int)e->max_len - offset;
 57a:	8d9d                	sub	a1,a1,a5
	sendnow = tsend + offset;
 57c:	953e                	add	a0,a0,a5
	if( tosend > ENDPOINT0_SIZE ) tosend = ENDPOINT0_SIZE;
 57e:	47a1                	li	a5,8
 580:	00b7ca63          	blt	a5,a1,594 <usb_pid_handle_in+0xe2>
	if( tosend <= 0 )
 584:	00b04963          	bgtz	a1,596 <usb_pid_handle_in+0xe4>
}
 588:	4432                	lw	s0,12(sp)
 58a:	40c2                	lw	ra,16(sp)
 58c:	44a2                	lw	s1,8(sp)
		usb_send_empty( sendtok );
 58e:	8536                	mv	a0,a3
}
 590:	0151                	add	sp,sp,20
		usb_send_empty( sendtok );
 592:	a6c9                	j	954 <usb_send_empty>
	if( tosend > ENDPOINT0_SIZE ) tosend = ENDPOINT0_SIZE;
 594:	45a1                	li	a1,8
		usb_send_data( sendnow, tosend, 0, sendtok );
 596:	4601                	li	a2,0
 598:	bfc1                	j	568 <usb_pid_handle_in+0xb6>
}
 59a:	40c2                	lw	ra,16(sp)
 59c:	4432                	lw	s0,12(sp)
 59e:	44a2                	lw	s1,8(sp)
 5a0:	0151                	add	sp,sp,20
 5a2:	8082                	ret

000005a4 <usb_pid_handle_data>:
}

void usb_pid_handle_data( uint32_t this_token, uint8_t * data, uint32_t which_data, uint32_t length, struct rv003usb_internal * ist )
{
	//Received data from host.
	int epno = ist->current_endpoint;
 5a4:	00072303          	lw	t1,0(a4)

	length -= 3;
	uint8_t * data_in = __builtin_assume_aligned( data, 4 );

	// Already received this packet.
	if( e->toggle_out != which_data )
 5a8:	00531793          	sll	a5,t1,0x5
 5ac:	97ba                	add	a5,a5,a4
 5ae:	53c8                	lw	a0,36(a5)
 5b0:	00c51963          	bne	a0,a2,5c2 <usb_pid_handle_data+0x1e>
	{
		goto just_ack;
	}

	e->toggle_out = !e->toggle_out;
 5b4:	00153513          	seqz	a0,a0
 5b8:	d3c8                	sw	a0,36(a5)


#if RV003USB_HANDLE_USER_DATA || RV003USB_USE_REBOOT_FEATURE_REPORT
	if( epno || ( !ist->setup_request && length > 3 )  )
 5ba:	00030a63          	beqz	t1,5ce <usb_pid_handle_data+0x2a>
	{
#if RV003USB_USE_REBOOT_FEATURE_REPORT
		if( ist->reboot_armed )
 5be:	475c                	lw	a5,12(a4)
 5c0:	e7a1                	bnez	a5,608 <usb_pid_handle_data+0x64>
		}
	}
just_ack:
	{
		//Got the right data.  Acknowledge.
		usb_send_data( 0, 0, 2, 0xD2 ); // Send ACK
 5c2:	0d200693          	li	a3,210
 5c6:	4609                	li	a2,2
 5c8:	4581                	li	a1,0
 5ca:	4501                	li	a0,0
 5cc:	ae59                	j	962 <usb_send_data>
	if( epno || ( !ist->setup_request && length > 3 )  )
 5ce:	471c                	lw	a5,8(a4)
 5d0:	ef9d                	bnez	a5,60e <usb_pid_handle_data+0x6a>
	length -= 3;
 5d2:	16f5                	add	a3,a3,-3
	if( epno || ( !ist->setup_request && length > 3 )  )
 5d4:	478d                	li	a5,3
 5d6:	fed7f6e3          	bgeu	a5,a3,5c2 <usb_pid_handle_data+0x1e>
		if( ist->reboot_armed )
 5da:	475c                	lw	a5,12(a4)
 5dc:	d3fd                	beqz	a5,5c2 <usb_pid_handle_data+0x1e>
			if( epno == 0 && base[0] == 0xaa3412fd && (base[1] & 0x00ffffff) == 0x00ddccbb )
 5de:	4194                	lw	a3,0(a1)
 5e0:	aa3417b7          	lui	a5,0xaa341
 5e4:	2fd78793          	add	a5,a5,765 # aa3412fd <__global_pointer$+0x8a340afd>
 5e8:	02f69063          	bne	a3,a5,608 <usb_pid_handle_data+0x64>
 5ec:	41dc                	lw	a5,4(a1)
 5ee:	00ddd6b7          	lui	a3,0xddd
 5f2:	cbb68693          	add	a3,a3,-837 # ddccbb <rv003usb.c.4b30943f+0xdd9e95>
 5f6:	07a2                	sll	a5,a5,0x8
 5f8:	83a1                	srl	a5,a5,0x8
 5fa:	00d79763          	bne	a5,a3,608 <usb_pid_handle_data+0x64>
				e->count = 7;
 5fe:	479d                	li	a5,7
 600:	cf5c                	sw	a5,28(a4)
				ist->reboot_armed = 2;
 602:	4789                	li	a5,2
			if( wvi == 0x000003fd ) ist->reboot_armed = 1;
 604:	c75c                	sw	a5,12(a4)
 606:	bf75                	j	5c2 <usb_pid_handle_data+0x1e>
				ist->reboot_armed = 0;
 608:	00072623          	sw	zero,12(a4)
 60c:	bf5d                	j	5c2 <usb_pid_handle_data+0x1e>
		uint32_t wvi = s->lValueLSBIndexMSB;
 60e:	0045d683          	lhu	a3,4(a1)
 612:	0025d783          	lhu	a5,2(a1)
		uint32_t wLength = s->wLength;
 616:	0065d503          	lhu	a0,6(a1)
		uint32_t wvi = s->lValueLSBIndexMSB;
 61a:	06c2                	sll	a3,a3,0x10
 61c:	8edd                	or	a3,a3,a5
		uint32_t reqShl = s->wRequestTypeLSBRequestMSB >> 1;
 61e:	0005d783          	lhu	a5,0(a1)
		e->count = 0;
 622:	00072e23          	sw	zero,28(a4)
		e->opaque = 0;
 626:	02072c23          	sw	zero,56(a4)
		e->custom = 0;
 62a:	02072423          	sw	zero,40(a4)
		e->max_len = 0;
 62e:	02072623          	sw	zero,44(a4)
		ist->setup_request = 0;
 632:	00072423          	sw	zero,8(a4)
		uint32_t reqShl = s->wRequestTypeLSBRequestMSB >> 1;
 636:	8385                	srl	a5,a5,0x1
		if( reqShl == (0x0921>>1) )
 638:	49000613          	li	a2,1168
 63c:	00c79863          	bne	a5,a2,64c <usb_pid_handle_data+0xa8>
			if( wvi == 0x000003fd ) ist->reboot_armed = 1;
 640:	3fd00793          	li	a5,1021
 644:	f6f69fe3          	bne	a3,a5,5c2 <usb_pid_handle_data+0x1e>
 648:	4785                	li	a5,1
 64a:	bf6d                	j	604 <usb_pid_handle_data+0x60>
		if( reqShl == (0x0680>>1) ) // GET_DESCRIPTOR = 6 (msb)
 64c:	34000613          	li	a2,832
 650:	02c79d63          	bne	a5,a2,68a <usb_pid_handle_data+0xe6>
 654:	6785                	lui	a5,0x1
 656:	b4478793          	add	a5,a5,-1212 # b44 <descriptor_list>
 65a:	05478593          	add	a1,a5,84
					e->max_len = (swLen < elLen)?swLen:elLen;
 65e:	832a                	mv	t1,a0
				if( dl->lIndexValue == wvi )
 660:	4390                	lw	a2,0(a5)
 662:	02d61063          	bne	a2,a3,682 <usb_pid_handle_data+0xde>
					e->opaque = (uint8_t*)dl->addr;
 666:	43d0                	lw	a2,4(a5)
 668:	df10                	sw	a2,56(a4)
					uint16_t elLen = dl->length;
 66a:	0087c603          	lbu	a2,8(a5)
					e->max_len = (swLen < elLen)?swLen:elLen;
 66e:	01061293          	sll	t0,a2,0x10
 672:	0102d293          	srl	t0,t0,0x10
 676:	00557363          	bgeu	a0,t0,67c <usb_pid_handle_data+0xd8>
 67a:	861a                	mv	a2,t1
 67c:	0642                	sll	a2,a2,0x10
 67e:	8241                	srl	a2,a2,0x10
 680:	d750                	sw	a2,44(a4)
			for( i = 0; i < DESCRIPTOR_LIST_ENTRIES; i++ )
 682:	07b1                	add	a5,a5,12
 684:	fcb79ee3          	bne	a5,a1,660 <usb_pid_handle_data+0xbc>
 688:	bf2d                	j	5c2 <usb_pid_handle_data+0x1e>
		else if( reqShl == (0x0500>>1) ) // SET_ADDRESS = 0x05
 68a:	28000613          	li	a2,640
 68e:	f2c79ae3          	bne	a5,a2,5c2 <usb_pid_handle_data+0x1e>
			ist->my_address = wvi;
 692:	c354                	sw	a3,4(a4)
 694:	b73d                	j	5c2 <usb_pid_handle_data+0x1e>
	...

00000698 <EXTI7_0_IRQHandler>:

.section .text.vector_handler
.global EXTI7_0_IRQHandler
.balign 4
EXTI7_0_IRQHandler:
	addi	sp,sp,-80
 698:	715d                	add	sp,sp,-80
	sw	a0, 0(sp)
 69a:	c02a                	sw	a0,0(sp)
	sw	a5, 20(sp)
 69c:	ca3e                	sw	a5,20(sp)
	la a5, USB_GPIO_BASE
 69e:	400117b7          	lui	a5,0x40011
 6a2:	40078793          	add	a5,a5,1024 # 40011400 <__global_pointer$+0x20010c00>
	c.lw a0, INDR_OFFSET(a5) // MUST check SE0 immediately.
 6a6:	4788                	lw	a0,8(a5)
	c.andi a0, USB_DMASK
 6a8:	8961                	and	a0,a0,24

	sw	a1, 4(sp)
 6aa:	c22e                	sw	a1,4(sp)
	sw	a2, 8(sp)
 6ac:	c432                	sw	a2,8(sp)
	sw	a3, 12(sp)
 6ae:	c636                	sw	a3,12(sp)
	sw	a4, 16(sp)
 6b0:	c83a                	sw	a4,16(sp)
	sw	s1, 28(sp)
 6b2:	ce26                	sw	s1,28(sp)

	SAVE_DEBUG_MARKER( 48 );
 6b4:	d812                	sw	tp,48(sp)
	DEBUG_TICK_SETUP
 6b6:	40013237          	lui	tp,0x40013
 6ba:	c5820213          	add	tp,tp,-936 # 40012c58 <__global_pointer$+0x20012458>
	c.lw a1, INDR_OFFSET(a5)
 6be:	478c                	lw	a1,8(a5)
	c.andi a1, USB_DMASK;
 6c0:	89e1                	and	a1,a1,24

	// Finish jump to se0
	c.beqz a0, handle_se0_keepalive
 6c2:	22050963          	beqz	a0,8f4 <handle_se0_keepalive>

	c.lw a0, INDR_OFFSET(a5); c.andi a0, USB_DMASK; bne a0, a1, syncout
 6c6:	4788                	lw	a0,8(a5)
 6c8:	8961                	and	a0,a0,24
 6ca:	02b51b63          	bne	a0,a1,700 <syncout>
	c.lw a0, INDR_OFFSET(a5); c.andi a0, USB_DMASK; bne a0, a1, syncout
 6ce:	4788                	lw	a0,8(a5)
 6d0:	8961                	and	a0,a0,24
 6d2:	02b51763          	bne	a0,a1,700 <syncout>
	c.lw a0, INDR_OFFSET(a5); c.andi a0, USB_DMASK; bne a0, a1, syncout
 6d6:	4788                	lw	a0,8(a5)
 6d8:	8961                	and	a0,a0,24
 6da:	02b51363          	bne	a0,a1,700 <syncout>
	c.lw a0, INDR_OFFSET(a5); c.andi a0, USB_DMASK; bne a0, a1, syncout
 6de:	4788                	lw	a0,8(a5)
 6e0:	8961                	and	a0,a0,24
 6e2:	00b51f63          	bne	a0,a1,700 <syncout>
	c.lw a0, INDR_OFFSET(a5); c.andi a0, USB_DMASK; bne a0, a1, syncout
 6e6:	4788                	lw	a0,8(a5)
 6e8:	8961                	and	a0,a0,24
 6ea:	00b51b63          	bne	a0,a1,700 <syncout>
	c.lw a0, INDR_OFFSET(a5); c.andi a0, USB_DMASK; bne a0, a1, syncout
 6ee:	4788                	lw	a0,8(a5)
 6f0:	8961                	and	a0,a0,24
 6f2:	00b51763          	bne	a0,a1,700 <syncout>
	c.lw a0, INDR_OFFSET(a5); c.andi a0, USB_DMASK; bne a0, a1, syncout
 6f6:	4788                	lw	a0,8(a5)
 6f8:	8961                	and	a0,a0,24
 6fa:	00b51363          	bne	a0,a1,700 <syncout>
	c.j syncout
 6fe:	a009                	j	700 <syncout>

00000700 <syncout>:
syncout:
	sw	s0, 24(sp)
 700:	cc22                	sw	s0,24(sp)
	li a2, 0
 702:	4601                	li	a2,0
	sw	t0, 32(sp)  // XXX NOTE: This is actually unused register - remove some day?
 704:	d016                	sw	t0,32(sp)
	sw	t1, 36(sp)
 706:	d21a                	sw	t1,36(sp)

00000708 <preamble_loop>:
	
	// This is actually somewhat late.
	// The preamble loop should try to make it earlier.
.balign 4
preamble_loop:
	DEBUG_TICK_MARK
 708:	00022023          	sw	zero,0(tp) # 0 <InterruptVector>
	c.lw a0, INDR_OFFSET(a5);
 70c:	4788                	lw	a0,8(a5)
	c.andi a0, USB_DMASK;
 70e:	8961                	and	a0,a0,24
	c.beqz a0, done_usb_message // SE0 here?
 710:	18050163          	beqz	a0,892 <done_usb_message>
	c.xor a0, a1;
 714:	8d2d                	xor	a0,a0,a1
	c.xor a1, a0; // Recover a1.
 716:	8da9                	xor	a1,a1,a0
	j 1f; 1: // 4 cycles?
 718:	a009                	j	71a <preamble_loop+0x12>
	c.beqz a0, done_preamble
 71a:	c909                	beqz	a0,72c <done_preamble>
	j 1f; 1: // 4 cycles?
 71c:	a009                	j	71e <preamble_loop+0x16>
	c.lw s0, INDR_OFFSET(a5);
 71e:	4780                	lw	s0,8(a5)
	c.andi s0, USB_DMASK;
 720:	8861                	and	s0,s0,24
	c.xor s0, a1
 722:	8c2d                	xor	s0,s0,a1

	// TRICKY: This helps retime the USB sync.
	// If s0 is nonzero, then it's changed (we're going too slow)
	c.bnez s0, 2f;  // This code takes 6 cycles or 8 cycles, depending.
 724:	e011                	bnez	s0,728 <preamble_loop+0x20>
	c.j 1f; 1:
 726:	a009                	j	728 <preamble_loop+0x20>
	2:
	j preamble_loop // 4 cycles
 728:	b7c5                	j	708 <preamble_loop>
 72a:	0001                	nop

0000072c <done_preamble>:
.balign 4
done_preamble:
	sw  t2, 40(sp)
 72c:	d41e                	sw	t2,40(sp)
	sw  ra, 52(sp)
 72e:	da06                	sw	ra,52(sp)
	// 16-byte temporary buffer at 56+sp

	// XXX TODO: Do one byte here to determine the header byte and from that set the CRC.
	c.li s1, 8
 730:	44a1                	li	s1,8

	// This is the first bit that matters.
	c.li s0, 6 // 1 runs.
 732:	4419                	li	s0,6

	c.nop; 
 734:	0001                	nop
 736:	0001                	nop

00000738 <packet_type_loop>:
packet_type_loop:
	// Up here to delay loop a tad, and we need to execute them anyway.
	// TODO: Maybe we could further sync bits here instead of take up time?
	// I.e. can we do what we're doing above, here, and take less time, but sync
	// up when possible.
	li a3, 0xffff // Starting CRC of 0.   Because USB doesn't respect reverse CRCing.
 738:	66c1                	lui	a3,0x10
 73a:	16fd                	add	a3,a3,-1 # ffff <rv003usb.c.4b30943f+0xd1d9>
	li a4, 0xa001
 73c:	6729                	lui	a4,0xa
 73e:	0705                	add	a4,a4,1 # a001 <rv003usb.c.4b30943f+0x71db>
	addi  t2, sp, DATA_PTR_OFFSET //rv003usb_internal_data
 740:	03f10393          	add	t2,sp,63
	la  t0, 0x80
 744:	08000293          	li	t0,128
	c.nop
 748:	0001                	nop
 74a:	0001                	nop

	DEBUG_TICK_MARK
 74c:	00022023          	sw	zero,0(tp) # 0 <InterruptVector>
	c.lw a0, INDR_OFFSET(a5);
 750:	4788                	lw	a0,8(a5)
	c.andi a0, USB_DMASK;
 752:	8961                	and	a0,a0,24
	c.beqz a0, done_usb_message // Not se0 complete, that can't happen here and be valid.
 754:	12050f63          	beqz	a0,892 <done_usb_message>
	c.xor a0, a1;
 758:	8d2d                	xor	a0,a0,a1
	c.xor a1, a0; // Recover a1, for next cycle
 75a:	8da9                	xor	a1,a1,a0

	// No CRC for the header.
	//c.srli a0, USB_PIN_DP
	//c.addi a0, 1 // 00 -> 1, 11 -> 100
	//c.andi a0, 1 // If 1, 1 if 0, 0
        c.nop
 75c:	0001                	nop
        seqz a0, a0
 75e:	00153513          	seqz	a0,a0

	// Write header into byte in reverse order, because we can.
	c.slli a2, 1
 762:	0606                	sll	a2,a2,0x1
	c.or a2, a0
 764:	8e49                	or	a2,a2,a0

	// Handle bit stuffing rules.
	c.addi a0, -1 // 0->0xffffffff 1->0
 766:	157d                	add	a0,a0,-1
	c.or s0, a0
 768:	8c49                	or	s0,s0,a0
	c.andi s0, 7
 76a:	881d                	and	s0,s0,7
	c.addi s0, -1
 76c:	147d                	add	s0,s0,-1
	c.addi s1, -1
 76e:	14fd                	add	s1,s1,-1
	c.bnez s1, packet_type_loop
 770:	f4e1                	bnez	s1,738 <packet_type_loop>
///////////////////////////////////////////////////////////////////////////////////////
///////////////////////////////////////////////////////////////////////////////////////	

	// XXX Here, figure out CRC polynomial.

	li s1, (USB_BUFFER_SIZE*8) // # of bits we culd read.
 772:	06000493          	li	s1,96
	//
	// When we get here, packet type is loaded in A2.
	// If packet type is 0xXX01 or 0xXX11
	// the LSBs are the inverted packet type.
	// we can branch off of bit 2.
	andi a0, a2, 0x0c
 776:	00c67513          	and	a0,a2,12

	// if a0 is 1 then it's DATA (full CRC) otherwise,
	// (0) for setup or PARTIAL CRC.
	// Careful:  This has to take a constant amount of time either way the branch goes.
	c.beqz a0, data_crc
 77a:	c509                	beqz	a0,784 <data_crc>
	c.li a4, 0x14	
 77c:	4751                	li	a4,20
	c.li a3, 0x1e
 77e:	46f9                	li	a3,30
 780:	00000013          	.word	0x00000013

00000784 <data_crc>:

///////////////////////////////////////////////////////////////////////////////////////
///////////////////////////////////////////////////////////////////////////////////////	
.balign 4
is_end_of_byte:
	HANDLE_EOB_YES
 784:	00c38023          	sb	a2,0(t2)
 788:	00138393          	.word	0x00138393

0000078c <bit_process>:
	// end-of-byte.
.balign 4
bit_process:
	// Debug blip
//	c.lw a4, INDR_OFFSET(a5);
	DEBUG_TICK_MARK
 78c:	00022023          	sw	zero,0(tp) # 0 <InterruptVector>
	c.lw a0, INDR_OFFSET(a5);
 790:	4788                	lw	a0,8(a5)
	c.andi a0, USB_DMASK;
 792:	8961                	and	a0,a0,24
	c.xor a0, a1;
 794:	8d2d                	xor	a0,a0,a1
#define HANDLE_NEXT_BYTE(is_end_of_byte, jumptype)  \
	c.addi s1, -1; \
	andi a0, s1, 7; /* s1 could be really really big */ \
	c.jumptype a0, is_end_of_byte /* 4 cycles for this section. (Checked) (Sometimes 5)? */ 

	c.beqz a0, handle_one_bit
 796:	c50d                	beqz	a0,7c0 <handle_one_bit>

00000798 <handle_zero_bit>:
handle_zero_bit:
	c.xor a1, a0; // Recover a1, for next cycle
 798:	8da9                	xor	a1,a1,a0
	// TODO: Do we have time to do time fixup here?
	// Can we resync time here?
	// If they are different, we need to sloowwww dowwwnnn
	// There is some free time.  Could do something interesting here!!!
	// I was thinking we could put the resync code here.
	c.j 1f; 1:  //Delay 4 cycles.
 79a:	a009                	j	79c <handle_zero_bit+0x4>

	c.li s0, 6      // reset runs-of-one.
 79c:	4419                	li	s0,6
	c.beqz a1, se0_complete
 79e:	c9bd                	beqz	a1,814 <se0_complete>

	// Handle CRC (0 bit)  (From @Domkeykong)
	slli a0,a3,31 // Put a3s LSB into a0s MSB
 7a0:	01f69513          	sll	a0,a3,0x1f
	c.srai a0,31    // Copy MSB into all other bits
 7a4:	857d                	sra	a0,a0,0x1f
	c.srli a3,1
 7a6:	8285                	srl	a3,a3,0x1
	c.and  a0, a4
 7a8:	8d79                	and	a0,a0,a4
	c.xor  a3, a0
 7aa:	8ea9                	xor	a3,a3,a0

	c.srli a2, 1;  // shift a2 down by 1
 7ac:	8205                	srl	a2,a2,0x1
	HANDLE_NEXT_BYTE(is_end_of_byte, beqz)
 7ae:	14fd                	add	s1,s1,-1
 7b0:	0074f513          	and	a0,s1,7
 7b4:	d961                	beqz	a0,784 <data_crc>
	c.nop
 7b6:	0001                	nop
	c.nop
 7b8:	0001                	nop
	c.nop
 7ba:	0001                	nop
	c.bnez s1, bit_process // + 4 cycles
 7bc:	f8e1                	bnez	s1,78c <bit_process>
	c.j done_usb_message
 7be:	a8d1                	j	892 <done_usb_message>

000007c0 <handle_one_bit>:


.balign 4
handle_one_bit:
	c.addi s0, -1; // Count # of runs of 1 (subtract 1)
 7c0:	147d                	add	s0,s0,-1
	//HANDLE_CRC (1 bit)
	andi a0, a3, 1
 7c2:	0016f513          	and	a0,a3,1
	c.addi a0, -1
 7c6:	157d                	add	a0,a0,-1
	c.and a0, a4
 7c8:	8d79                	and	a0,a0,a4
	c.srli a3, 1
 7ca:	8285                	srl	a3,a3,0x1
	c.xor a3, a0
 7cc:	8ea9                	xor	a3,a3,a0

	c.srli a2, 1;  // shift a2 down by 1
 7ce:	8205                	srl	a2,a2,0x1
	ori a2, a2, 0x80
 7d0:	08066613          	or	a2,a2,128
	c.beqz s0, handle_bit_stuff;
 7d4:	c811                	beqz	s0,7e8 <handle_bit_stuff>

	HANDLE_NEXT_BYTE(is_end_of_byte, beqz)
 7d6:	14fd                	add	s1,s1,-1
 7d8:	0074f513          	and	a0,s1,7
 7dc:	d545                	beqz	a0,784 <data_crc>
	c.nop // Need extra delay here because we need more time if it's end-of-byte.
 7de:	0001                	nop
	c.nop
 7e0:	0001                	nop
	c.nop
 7e2:	0001                	nop
	c.bnez s1, bit_process // + 4 cycles
 7e4:	f4c5                	bnez	s1,78c <bit_process>
	c.j done_usb_message
 7e6:	a075                	j	892 <done_usb_message>

000007e8 <handle_bit_stuff>:

handle_bit_stuff:
	// We want to wait a little bit, then read another byte, and make
	// sure everything is well, before heading back into the main loop
	// Debug blip
	HANDLE_NEXT_BYTE(not_is_end_of_byte_and_bit_stuffed, bnez)
 7e8:	14fd                	add	s1,s1,-1
 7ea:	0074f513          	and	a0,s1,7
 7ee:	e509                	bnez	a0,7f8 <not_is_end_of_byte_and_bit_stuffed>
	HANDLE_EOB_YES
 7f0:	00c38023          	sb	a2,0(t2)
 7f4:	00138393          	.word	0x00138393

000007f8 <not_is_end_of_byte_and_bit_stuffed>:

not_is_end_of_byte_and_bit_stuffed:
        DEBUG_TICK_MARK
 7f8:	00022023          	sw	zero,0(tp) # 0 <InterruptVector>
	c.lw a0, INDR_OFFSET(a5);
 7fc:	4788                	lw	a0,8(a5)
	c.andi a0, USB_DMASK;
 7fe:	8961                	and	a0,a0,24
	c.beqz a0, se0_complete
 800:	c911                	beqz	a0,814 <se0_complete>
	c.xor a0, a1;
 802:	8d2d                	xor	a0,a0,a1
	c.xor a1, a0; // Recover a1, for next cycle.
 804:	8da9                	xor	a1,a1,a0

	// If A0 is a 0 then that's bad, we just did a bit stuff
        //   and A0 == 0 means there was no signal transition
	c.beqz a0, done_usb_message
 806:	c551                	beqz	a0,892 <done_usb_message>

        // Reset bit stuff, delay, then continue onto the next actual bit
	c.li s0, 6;
 808:	4419                	li	s0,6

        c.nop;
 80a:	0001                	nop
	nx6p3delay( 2, a0 )
 80c:	450d                	li	a0,3
 80e:	157d                	add	a0,a0,-1
 810:	fd7d                	bnez	a0,80e <not_is_end_of_byte_and_bit_stuffed+0x16>

	c.bnez s1, bit_process // + 4 cycles
 812:	fcad                	bnez	s1,78c <bit_process>

00000814 <se0_complete>:

.balign 4
se0_complete:
	// This is triggered when we finished getting a packet.
	andi a0, s1, 7; // Make sure we received an even number of bytes.
 814:	0074f513          	and	a0,s1,7
	c.bnez a0, done_usb_message
 818:	ed2d                	bnez	a0,892 <done_usb_message>


	// Special: handle ACKs?
	// Now we have to decide what we're doing based on the
	// packet type.
	addi  a1, sp, DATA_PTR_OFFSET
 81a:	03f10593          	add	a1,sp,63
 81e:	2188                	.short	0x2188
	XW_C_LBU(a0, a1, 0);	//lbu  a0, 0(a1)
	c.addi a1, 1
 820:	0585                	add	a1,a1,1
	// 1001 => 10010110 => PID IN
	// 0001 => 10000111 => PID_OUT
	// 1101 => 10110100 => SETUP    (OK)

	// a0 contains first 4 bytes.
	la ra, done_usb_message_in // Common return address for all function calls.
 822:	00000097          	auipc	ra,0x0
 826:	07008093          	add	ra,ra,112 # 892 <done_usb_message>

	// For ACK don't worry about CRC.
	addi a5, a0, -0b01001011
 82a:	fb550793          	add	a5,a0,-75

	RESTORE_DEBUG_MARKER(48) // restore x4 for whatever in C land.
 82e:	5242                	lw	tp,48(sp)

	la a4, rv003usb_internal_data
 830:	1ffff717          	auipc	a4,0x1ffff
 834:	7f470713          	add	a4,a4,2036 # 20000024 <rv003usb_internal_data>

	// ACK doesn't need good CRC.
	c.beqz a5, usb_pid_handle_ack
 838:	c7c9                	beqz	a5,8c2 <usb_pid_handle_ack>

	// Next, check for tokens.
	c.bnez a3, crc_for_tokens_would_be_bad_maybe_data
 83a:	ea85                	bnez	a3,86a <crc_for_tokens_would_be_bad_maybe_data>

0000083c <may_be_a_token>:
 83c:	2192                	.short	0x2192
may_be_a_token:
	// Our CRC is 0, so we might be a token.

	// Do token-y things.
	XW_C_LHU( a2, a1, 0 )
	andi a0, a2, 0x7f // addr
 83e:	07f67513          	and	a0,a2,127
	c.srli a2, 7
 842:	821d                	srl	a2,a2,0x7
	c.andi a2, 0xf    // endp
 844:	8a3d                	and	a2,a2,15
	li s0, ENDPOINTS
 846:	4409                	li	s0,2
	bgeu a2, s0, done_usb_message // Make sure < ENDPOINTS
 848:	04867563          	bgeu	a2,s0,892 <done_usb_message>
	c.beqz a0,  yes_check_tokens
 84c:	c501                	beqz	a0,854 <yes_check_tokens>
 84e:	2340                	.short	0x2340
	// Otherwise, we might have our assigned address.
	XW_C_LBU(s0, a4, MY_ADDRESS_OFFSET_BYTES);	//	lbu s0, MY_ADDRESS_OFFSET_BYTES(a4)
	bne s0, a0, done_usb_message // addr != 0 && addr != ours.
 850:	04a41163          	bne	s0,a0,892 <done_usb_message>

00000854 <yes_check_tokens>:
yes_check_tokens:
	addi a5, a5, (0b01001011-0b10000111)
 854:	fc478793          	add	a5,a5,-60
	c.beqz a5, usb_pid_handle_out
 858:	cfc1                	beqz	a5,8f0 <usb_pid_handle_out>
	c.addi a5, (0b10000111-0b10010110)
 85a:	17c5                	add	a5,a5,-15
	c.beqz a5, usb_pid_handle_in
 85c:	00079463          	bnez	a5,864 <yes_check_tokens+0x10>
 860:	c53ff06f          	j	4b2 <usb_pid_handle_in>
	c.addi a5, (0b10010110-0b10110100)
 864:	1789                	add	a5,a5,-30
	c.beqz a5, usb_pid_handle_setup
 866:	cbb5                	beqz	a5,8da <usb_pid_handle_setup>

	c.j done_usb_message_in
 868:	a02d                	j	892 <done_usb_message>

0000086a <crc_for_tokens_would_be_bad_maybe_data>:

	// CRC is nonzero. (Good for Data packets)
crc_for_tokens_would_be_bad_maybe_data:
	li s0, 0xb001  // UGH: You can't use the CRC16 in reverse :(
 86a:	642d                	lui	s0,0xb
 86c:	0405                	add	s0,s0,1 # b001 <rv003usb.c.4b30943f+0x81db>
	c.sub a3, s0
 86e:	8e81                	sub	a3,a3,s0
	c.bnez a3, done_usb_message_in
 870:	e28d                	bnez	a3,892 <done_usb_message>
	// Good CRC!!
	sub a3, t2, a1 //a3 = # of bytes read..
 872:	40b386b3          	sub	a3,t2,a1
	c.addi a3, 1
 876:	0685                	add	a3,a3,1
	addi a5, a5, (0b01001011-0b11000011)
 878:	f8878793          	add	a5,a5,-120
	c.li a2, 0
 87c:	4601                	li	a2,0
	c.beqz a5, usb_pid_handle_data
 87e:	00079463          	bnez	a5,886 <crc_for_tokens_would_be_bad_maybe_data+0x1c>
 882:	d23ff06f          	j	5a4 <usb_pid_handle_data>
	c.addi a5, (0b11000011-0b11010010)
 886:	17c5                	add	a5,a5,-15
	c.li a2, 1
 888:	4605                	li	a2,1
	c.beqz a5, usb_pid_handle_data
 88a:	00079463          	bnez	a5,892 <done_usb_message>
 88e:	d17ff06f          	j	5a4 <usb_pid_handle_data>

00000892 <done_usb_message>:

done_usb_message:
done_usb_message_in:
	lw	s0, 24(sp)
 892:	4462                	lw	s0,24(sp)
	lw	s1, 28(sp)
 894:	44f2                	lw	s1,28(sp)
	lw	t0, 32(sp)
 896:	5282                	lw	t0,32(sp)
	lw	t1, 36(sp)
 898:	5312                	lw	t1,36(sp)
	lw	t2, 40(sp)
 89a:	53a2                	lw	t2,40(sp)
	lw  ra, 52(sp)
 89c:	50d2                	lw	ra,52(sp)

0000089e <ret_from_se0>:

ret_from_se0:
	lw	s1, 28(sp)
 89e:	44f2                	lw	s1,28(sp)
	RESTORE_DEBUG_MARKER(48)
 8a0:	5242                	lw	tp,48(sp)
	lw	a2, 8(sp)
 8a2:	4622                	lw	a2,8(sp)
	lw	a3, 12(sp)
 8a4:	46b2                	lw	a3,12(sp)
	lw	a4, 16(sp)
 8a6:	4742                	lw	a4,16(sp)
	lw	a1, 4(sp)
 8a8:	4592                	lw	a1,4(sp)

000008aa <interrupt_complete>:

interrupt_complete:
	// Acknowledge interrupt.
	// EXTI->INTFR = 1<<4
	c.j 1f; 1: // Extra little bit of delay to make sure we don't accidentally false fire.
 8aa:	a009                	j	8ac <interrupt_complete+0x2>

	la a5, EXTI_BASE + 20
 8ac:	400107b7          	lui	a5,0x40010
 8b0:	41478793          	add	a5,a5,1044 # 40010414 <__global_pointer$+0x2000fc14>
	li a0, (1<<USB_PIN_DM)
 8b4:	4541                	li	a0,16
	sw a0, 0(a5)
 8b6:	c388                	sw	a0,0(a5)

	// Restore stack.
	lw	a0, 0(sp)
 8b8:	4502                	lw	a0,0(sp)
	lw	a5, 20(sp)
 8ba:	47d2                	lw	a5,20(sp)
	addi	sp,sp,80
 8bc:	6161                	add	sp,sp,80
	mret
 8be:	30200073          	mret

000008c2 <usb_pid_handle_ack>:
	return;
}
*/

usb_pid_handle_ack:
	c.lw a2, 0(a4) //ist->current_endpoint -> endp;
 8c2:	4310                	lw	a2,0(a4)
	c.slli a2, 5
 8c4:	0616                	sll	a2,a2,0x5
	c.add a2, a4
 8c6:	963a                	add	a2,a2,a4
	c.addi a2, ENDP_OFFSET // usb_endpoint eps[ENDPOINTS];
 8c8:	0671                	add	a2,a2,28 # 8000001c <__global_pointer$+0x5ffff81c>

	c.lw a0, (EP_TOGGLE_IN_OFFSET)(a2) // toggle_in=!toggle_in
 8ca:	4248                	lw	a0,4(a2)
	c.li a1, 1
 8cc:	4585                	li	a1,1
	c.xor a0, a1
 8ce:	8d2d                	xor	a0,a0,a1
	c.sw a0, (EP_TOGGLE_IN_OFFSET)(a2)
 8d0:	c248                	sw	a0,4(a2)

	c.lw a0, (EP_COUNT_OFFSET)(a2) // count_in
 8d2:	4208                	lw	a0,0(a2)
	c.addi a0, 1
 8d4:	0505                	add	a0,a0,1
	c.sw a0, (EP_COUNT_OFFSET)(a2)
 8d6:	c208                	sw	a0,0(a2)

	c.j done_usb_message_in
 8d8:	bf6d                	j	892 <done_usb_message>

000008da <usb_pid_handle_setup>:
	e->count = 0;
	e->toggle_in = 1;
	ist->setup_request = 1;
}*/
usb_pid_handle_setup:
	c.sw a2, 0(a4) // ist->current_endpoint = endp
 8da:	c310                	sw	a2,0(a4)
	c.li a1, 1
 8dc:	4585                	li	a1,1
	c.sw a1, SETUP_REQUEST_OFFSET(a4) //ist->setup_request = 1;
 8de:	c70c                	sw	a1,8(a4)
	c.slli a2, 3+2
 8e0:	0616                	sll	a2,a2,0x5
	c.add a2, a4
 8e2:	963a                	add	a2,a2,a4
	c.sw a1, (ENDP_OFFSET+EP_TOGGLE_IN_OFFSET)(a2) //e->toggle_in = 1;
 8e4:	d20c                	sw	a1,32(a2)
	c.li a1, 0
 8e6:	4581                	li	a1,0
	c.sw a1, (ENDP_OFFSET+EP_COUNT_OFFSET)(a2)  //e->count = 0;
 8e8:	ce4c                	sw	a1,28(a2)
	c.sw a1, (ENDP_OFFSET+EP_OPAQUE_OFFSET)(a2)  //e->opaque = 0;
 8ea:	de0c                	sw	a1,56(a2)
	c.sw a1, (ENDP_OFFSET+EP_TOGGLE_OUT_OFFSET)(a2) //e->toggle_out = 0;
 8ec:	d24c                	sw	a1,36(a2)
	c.j done_usb_message_in	
 8ee:	b755                	j	892 <done_usb_message>

000008f0 <usb_pid_handle_out>:
 8f0:	a310                	.short	0xa310
//This will correctly swap back the endpoint.
usb_pid_handle_out:
	//void usb_pid_handle_out( uint32_t addr, uint8_t * data, uint32_t endp, uint32_t unused, struct rv003usb_internal * ist )	
	//sb a2, 0(a4) //ist->current_endpoint = endp;
	XW_C_SB( a2, a4, 0 ); // current_endpoint = endp
	c.j done_usb_message_in
 8f2:	b745                	j	892 <done_usb_message>

000008f4 <handle_se0_keepalive>:

handle_se0_keepalive:
	// In here, we want to do smart stuff with the
	// 1ms tick.

	la  a0, SYSTICK_CNT
 8f4:	e000f537          	lui	a0,0xe000f
 8f8:	0521                	add	a0,a0,8 # e000f008 <__global_pointer$+0xc000e808>
	la a4, rv003usb_internal_data
 8fa:	1ffff717          	auipc	a4,0x1ffff
 8fe:	72a70713          	add	a4,a4,1834 # 20000024 <rv003usb_internal_data>
	c.lw a1, LAST_SE0_OFFSET(a4) //last cycle count   last_se0_cyccount
 902:	4b0c                	lw	a1,16(a4)
	c.lw a2, 0(a0) //this cycle count
 904:	4110                	lw	a2,0(a0)
	c.sw a2, LAST_SE0_OFFSET(a4) //store it back to last_se0_cyccount
 906:	cb10                	sw	a2,16(a4)
	c.sub a2, a1
 908:	8e0d                	sub	a2,a2,a1
	c.sw a2, DELTA_SE0_OFFSET(a4) //record delta_se0_cyccount
 90a:	cb50                	sw	a2,20(a4)

	li a1, 48000
 90c:	65b1                	lui	a1,0xc
 90e:	b8058593          	add	a1,a1,-1152 # bb80 <rv003usb.c.4b30943f+0x8d5a>
	c.sub a2, a1
 912:	8e0d                	sub	a2,a2,a1
	// This is our deviance from 48MHz.

	// Make sure we aren't in left field.
	li a5, 4000
 914:	6785                	lui	a5,0x1
 916:	fa078793          	add	a5,a5,-96 # fa0 <_data_lma+0x408>
	bge a2, a5, ret_from_se0
 91a:	f8f652e3          	bge	a2,a5,89e <ret_from_se0>
	li a5, -4000
 91e:	77fd                	lui	a5,0xfffff
 920:	06078793          	add	a5,a5,96 # fffff060 <__global_pointer$+0xdfffe860>
	blt a2, a5, ret_from_se0
 924:	f6f64de3          	blt	a2,a5,89e <ret_from_se0>

	c.lw a1, SE0_WINDUP_OFFSET(a4) // load windup se0_windup
 928:	4f0c                	lw	a1,24(a4)
	c.add a1, a2
 92a:	95b2                	add	a1,a1,a2
	c.sw a1, SE0_WINDUP_OFFSET(a4) // save windup
 92c:	cf0c                	sw	a1,24(a4)

	// No further adjustments
	beqz a1, ret_from_se0
 92e:	d9a5                	beqz	a1,89e <ret_from_se0>

	// 0x40021000 = RCC.CTLR
	la a4, 0x40021000
 930:	40021737          	lui	a4,0x40021
	lw a0, 0(a4)
 934:	4308                	lw	a0,0(a4)
	srli a2, a0, 3 // Extract HSI Trim.
 936:	00355613          	srl	a2,a0,0x3
	andi a2, a2, 0b11111
 93a:	8a7d                	and	a2,a2,31
	li a5, 0xffffff07  
 93c:	f0700793          	li	a5,-249
	and a0, a0, a5	// Mask off non-HSI
 940:	8d7d                	and	a0,a0,a5

	// Decimate windup - use as HSIrim.
	neg a1, a1
 942:	40b005b3          	neg	a1,a1
	srai a2, a1, 9
 946:	4095d613          	sra	a2,a1,0x9
	addi a2, a2, 16  // add HSI offset.
 94a:	0641                	add	a2,a2,16

	// Put trim in place in register.
	slli a2, a2, 3
 94c:	060e                	sll	a2,a2,0x3
	or a0, a0, a2
 94e:	8d51                	or	a0,a0,a2
	sw a0, 0(a4)
 950:	c308                	sw	a0,0(a4)

	j ret_from_se0
 952:	b7b1                	j	89e <ret_from_se0>

00000954 <usb_send_empty>:


.balign 4
//void usb_send_empty( uint32_t token );
usb_send_empty:
	c.mv a3, a0
 954:	86aa                	mv	a3,a0
	la a0, always0
 956:	00000517          	auipc	a0,0x0
 95a:	13a50513          	add	a0,a0,314 # a90 <always0>
	li a1, 2
 95e:	4589                	li	a1,2
	c.mv a2, a1
 960:	862e                	mv	a2,a1

00000962 <usb_send_data>:
//void usb_send_data( uint8_t * data, uint32_t length, uint32_t poly_function, uint32_t token );
usb_send_data:
	addi	sp,sp,-16
 962:	1141                	add	sp,sp,-16
	sw	s0, 0(sp)
 964:	c022                	sw	s0,0(sp)
	sw	s1, 4(sp)
 966:	c226                	sw	s1,4(sp)

	la a5, USB_GPIO_BASE
 968:	400117b7          	lui	a5,0x40011
 96c:	40078793          	add	a5,a5,1024 # 40011400 <__global_pointer$+0x20010c00>

	// ASAP: Turn the bus around and send our preamble + token.
	c.lw a4, CFGLR_OFFSET(a5)
 970:	4398                	lw	a4,0(a5)

	li s1, ~((0b1111<<(USB_PIN_DP*4)) | (0b1111<<(USB_PIN_DM*4)))
 972:	fff014b7          	lui	s1,0xfff01
 976:	14fd                	add	s1,s1,-1 # fff00fff <__global_pointer$+0xdff007ff>
	and a4, s1, a4
 978:	8f65                	and	a4,a4,s1

	// Convert D+/D- into 2MHz outputs
	li s1, ((0b0010<<(USB_PIN_DP*4)) | (0b0010<<(USB_PIN_DM*4)))
 97a:	000224b7          	lui	s1,0x22
	or a4, s1, a4
 97e:	8f45                	or	a4,a4,s1

	li s1, (1<<USB_PIN_DP) | (1<<(USB_PIN_DM+16))
 980:	001004b7          	lui	s1,0x100
 984:	04a1                	add	s1,s1,8 # 100008 <rv003usb.c.4b30943f+0xfd1e2>
	c.sw s1, BSHR_OFFSET(a5)
 986:	cb84                	sw	s1,16(a5)

	//00: Universal push-pull output mode
	c.sw a4, CFGLR_OFFSET(a5)
 988:	c398                	sw	a4,0(a5)

	li t1, (1<<USB_PIN_DP) | (1<<(USB_PIN_DM+16)) | (1<<USB_PIN_DM) | (1<<(USB_PIN_DP+16));
 98a:	00180337          	lui	t1,0x180
 98e:	0361                	add	t1,t1,24 # 180018 <rv003usb.c.4b30943f+0x17d1f2>

	SAVE_DEBUG_MARKER( 8 )
 990:	c412                	sw	tp,8(sp)

	// Save off our preamble and token.
	c.slli a3, 7     //Put token further up so it gets sent later.
 992:	069e                	sll	a3,a3,0x7
	ori s0, a3, 0x40  
 994:	0406e413          	or	s0,a3,64

	li t0, 0x0000
 998:	4281                	li	t0,0
	c.bnez a2, done_poly_check
 99a:	e609                	bnez	a2,9a4 <done_poly_check>
	li t0, 0xa001
 99c:	62a9                	lui	t0,0xa
 99e:	0285                	add	t0,t0,1 # a001 <rv003usb.c.4b30943f+0x71db>
	li a2, 0xffff
 9a0:	6641                	lui	a2,0x10
 9a2:	167d                	add	a2,a2,-1 # ffff <rv003usb.c.4b30943f+0xd1d9>

000009a4 <done_poly_check>:
done_poly_check:

	c.slli a1, 3 // bump up one extra to be # of bits
 9a4:	058e                	sll	a1,a1,0x3
	mv t2, a1
 9a6:	83ae                	mv	t2,a1

	// t0 is our polynomial
	// a2 is our running CRC.
	// a3 is our token.
	DEBUG_TICK_SETUP
 9a8:	40013237          	lui	tp,0x40013
 9ac:	c5820213          	add	tp,tp,-936 # 40012c58 <__global_pointer$+0x20012458>

	c.li a4, 6 // reset bit stuffing.
 9b0:	4719                	li	a4,6
	c.li a1, 15 // 15 bits.
 9b2:	45bd                	li	a1,15

	//c.nop; c.nop; c.nop;
	c.j pre_and_tok_send_inner_loop
 9b4:	a011                	j	9b8 <pre_and_tok_send_inner_loop>
 9b6:	0001                	nop

000009b8 <pre_and_tok_send_inner_loop>:
		* We have to decrement our bit stuffing index.
		* If it is 0, we can reset our bit stuffing index.
	*/

	// a3 is now the lsb of s0 (the 'next bit' to read out)
	c.mv a3, s0
 9b8:	86a2                	mv	a3,s0
	c.srli s0, 1 // Shift down into the next bit.
 9ba:	8005                	srl	s0,s0,0x1
	c.andi a3, 1
 9bc:	8a85                	and	a3,a3,1
	// If a3 is 0, we should FLIP
	// if a3 is 1, we should NOT flip.

	c.addi a4, -1
 9be:	177d                	add	a4,a4,-1 # 40020fff <__global_pointer$+0x200207ff>
	c.bnez a3, pre_and_tok_send_one_bit
 9c0:	e681                	bnez	a3,9c8 <pre_and_tok_send_one_bit>
//Send 0 bit. (Flip)
	// Flip s1 (our bshr setting) by xoring it.
	// 10.....01
	// 11.....11 (xor with)
	// 01.....10
	xor s1, s1, t1
 9c2:	0064c4b3          	xor	s1,s1,t1
	c.li a4, 6 // reset bit stuffing.
 9c6:	4719                	li	a4,6

000009c8 <pre_and_tok_send_one_bit>:
	// DO NOT flip.  Allow a4 to increment.
// Deliberately unaligned for timing purposes.
.balign 4
pre_and_tok_send_one_bit:
	sw s1, BSHR_OFFSET(a5)
 9c8:	cb84                	sw	s1,16(a5)
	//Bit stuffing doesn't happen.
	c.addi a1, -1
 9ca:	15fd                	add	a1,a1,-1
	c.beqz a1, pre_and_tok_done_sending_data
 9cc:	c591                	beqz	a1,9d8 <pre_and_tok_done_sending_data>
	nx6p3delay( 2, a3 );	c.nop;             // Free time!
 9ce:	468d                	li	a3,3
 9d0:	16fd                	add	a3,a3,-1
 9d2:	fefd                	bnez	a3,9d0 <pre_and_tok_send_one_bit+0x8>
 9d4:	0001                	nop
	c.j pre_and_tok_send_inner_loop
 9d6:	b7cd                	j	9b8 <pre_and_tok_send_inner_loop>

000009d8 <pre_and_tok_done_sending_data>:
////////////////////////////////////////////////////////////////////////////

	// We have very little time here.  Just enough to do this.

	//Restore size.
	mv a1, t2//lw  a1, 12(sp)
 9d8:	859e                	mv	a1,t2
	c.beqz a1, no_really_done_sending_data  //No actual payload?  Bail!
 9da:	c5ad                	beqz	a1,a44 <no_really_done_sending_data>
	c.addi a1, -1
 9dc:	15fd                	add	a1,a1,-1
//	beqz t2, no_really_done_sending_data 

	bnez t0, done_poly_check2
 9de:	00029463          	bnez	t0,9e6 <done_poly_check2>
	li a2, 0xffff
 9e2:	6641                	lui	a2,0x10
 9e4:	167d                	add	a2,a2,-1 # ffff <rv003usb.c.4b30943f+0xd1d9>

000009e6 <done_poly_check2>:
 9e6:	0001                	nop

000009e8 <load_next_byte>:
 9e8:	2100                	.short	0x2100
	// CH32v003 has the XW extension.
	// this replaces: lb s0, 0(a0)
	XW_C_LBU(s0, a0, 0);
	//lb s0, 0(a0)
	//	.long 0x00150513 // addi a0, a0, 1  (For alignment's sake)
	c.addi a0, 1
 9ea:	0505                	add	a0,a0,1

000009ec <send_inner_loop>:
		* We have to decrement our bit stuffing index.
		* If it is 0, we can reset our bit stuffing index.
	*/

	// a3 is now the lsb of s0 (the 'next bit' to read out)
	c.mv a3, s0
 9ec:	86a2                	mv	a3,s0
	c.andi a3, 1
 9ee:	8a85                	and	a3,a3,1
	// If a3 is 0, we should FLIP
	// if a3 is 1, we should NOT flip.
	c.beqz a3, send_zero_bit
 9f0:	ce81                	beqz	a3,a08 <send_zero_bit>
	c.srli s0, 1 // Shift down into the next bit.
 9f2:	8005                	srl	s0,s0,0x1
//send_one_bit:
	//HANDLE_CRC (1 bit)
	andi a3, a2, 1
 9f4:	00167693          	and	a3,a2,1
	c.addi a3, -1
 9f8:	16fd                	add	a3,a3,-1
	and a3, a3, t0
 9fa:	0056f6b3          	and	a3,a3,t0
	c.srli a2, 1
 9fe:	8205                	srl	a2,a2,0x1
	c.xor a2, a3
 a00:	8e35                	xor	a2,a2,a3

	c.addi a4, -1
 a02:	177d                	add	a4,a4,-1
	c.beqz a4, insert_stuffed_bit
 a04:	cf25                	beqz	a4,a7c <insert_stuffed_bit>
	c.j cont_after_jump
 a06:	a829                	j	a20 <cont_after_jump>

00000a08 <send_zero_bit>:
//Send 0 bit. (Flip)
.balign 4
send_zero_bit:
	c.srli s0, 1 // Shift down into the next bit.
 a08:	8005                	srl	s0,s0,0x1
	// a3 is temp
	// t0 is polynomial.

	// XXX WARNING: this was by https://github.com/cnlohr/rv003usb/issues/7 
	// TODO Check me!
	slli a3,a2,31 // Put a3s LSB into a0s MSB
 a0a:	01f61693          	sll	a3,a2,0x1f
	c.srai a3,31    // Copy MSB into all other bits
 a0e:	86fd                	sra	a3,a3,0x1f

	// Flip s1 (our bshr setting) by xoring it.
	// 10.....01
	// 11.....11 (xor with)
	// 01.....10
	xor s1, s1, t1
 a10:	0064c4b3          	xor	s1,s1,t1
	sw s1, BSHR_OFFSET(a5)
 a14:	cb84                	sw	s1,16(a5)

	c.li a4, 6 // reset bit stuffing.
 a16:	4719                	li	a4,6

	// XXX XXX CRC down here to make bit stuffing timings line up.
	c.srli a2,1
 a18:	8205                	srl	a2,a2,0x1
	and a3,a3,t0
 a1a:	0056f6b3          	and	a3,a3,t0
	c.xor  a2,a3 
 a1e:	8e35                	xor	a2,a2,a3

00000a20 <cont_after_jump>:

.balign 4
cont_after_jump:
send_end_bit_complete:
	c.beqz a1, done_sending_data
 a20:	c981                	beqz	a1,a30 <done_sending_data>
	andi a3, a1, 7
 a22:	0075f693          	and	a3,a1,7
	c.addi a1, -1
 a26:	15fd                	add	a1,a1,-1
	c.beqz a3, load_next_byte
 a28:	d2e1                	beqz	a3,9e8 <load_next_byte>
	// Wait an extra few cycles.
	c.j 1f; 1:
 a2a:	a009                	j	a2c <cont_after_jump+0xc>
	c.j send_inner_loop
 a2c:	b7c1                	j	9ec <send_inner_loop>
 a2e:	0001                	nop

00000a30 <done_sending_data>:

.balign 4
done_sending_data:
	// BUT WAIT!! MAYBE WE NEED TO CRC!
	beqz t0, no_really_done_sending_data
 a30:	00028a63          	beqz	t0,a44 <no_really_done_sending_data>
	srli t0, t0, 8 // reset poly - we don't want it anymore.
 a34:	0082d293          	srl	t0,t0,0x8
	li a1, 7 // Load 8 more bits out
 a38:	459d                	li	a1,7
	beqz t0, send_inner_loop  //Second CRC byte
 a3a:	fa0289e3          	beqz	t0,9ec <send_inner_loop>
	// First CRC byte
	not s0, a2 // get read to send out the CRC.
 a3e:	fff64413          	not	s0,a2
	c.j send_inner_loop
 a42:	b76d                	j	9ec <send_inner_loop>

00000a44 <no_really_done_sending_data>:
.balign 4
no_really_done_sending_data:

//	c.bnez a2, poly_function  TODO: Uncomment me!

	nx6p3delay( 2, a3 );
 a44:	468d                	li	a3,3
 a46:	16fd                	add	a3,a3,-1
 a48:	fefd                	bnez	a3,a46 <no_really_done_sending_data+0x2>

	// Need to perform an SE0.
	li s1, (1<<(USB_PIN_DM+16)) | (1<<(USB_PIN_DP+16))
 a4a:	001804b7          	lui	s1,0x180
	c.sw s1, BSHR_OFFSET(a5)
 a4e:	cb84                	sw	s1,16(a5)

	nx6p3delay( 7, a3 );
 a50:	46a1                	li	a3,8
 a52:	16fd                	add	a3,a3,-1
 a54:	fefd                	bnez	a3,a52 <no_really_done_sending_data+0xe>

	li s1, (1<<(USB_PIN_DM)) | (1<<(USB_PIN_DP+16))
 a56:	000804b7          	lui	s1,0x80
 a5a:	04c1                	add	s1,s1,16 # 80010 <rv003usb.c.4b30943f+0x7d1ea>
	c.sw s1, BSHR_OFFSET(a5)
 a5c:	cb84                	sw	s1,16(a5)

	lw s1, CFGLR_OFFSET(a5)
 a5e:	4384                	lw	s1,0(a5)
	// Convert D+/D- into inputs.
	li a3, ~((0b11<<(USB_PIN_DP*4)) | (0b11<<(USB_PIN_DM*4)))
 a60:	fffcd6b7          	lui	a3,0xfffcd
 a64:	16fd                	add	a3,a3,-1 # fffccfff <__global_pointer$+0xdffcc7ff>
	and s1, a3, s1
 a66:	8cf5                	and	s1,s1,a3
	// 01: Floating input mode.
	li a3, ((0b01<<(USB_PIN_DP*4+2)) | (0b01<<(USB_PIN_DM*4+2)))
 a68:	000446b7          	lui	a3,0x44
	or s1, a3, s1
 a6c:	8cd5                	or	s1,s1,a3
	sw s1, CFGLR_OFFSET(a5)
 a6e:	c384                	sw	s1,0(a5)

	lw	s0, 0(sp)
 a70:	4402                	lw	s0,0(sp)
	lw	s1, 4(sp)
 a72:	4492                	lw	s1,4(sp)
	RESTORE_DEBUG_MARKER( 8 )
 a74:	4222                	lw	tp,8(sp)
	addi	sp,sp,16
 a76:	0141                	add	sp,sp,16
	ret
 a78:	8082                	ret
 a7a:	0001                	nop

00000a7c <insert_stuffed_bit>:

.balign 4
// TODO: This seems to be either 222 or 226 (not 224) in cases.
// It's off by 2 clock cycles.  Probably OK, but, hmm.
insert_stuffed_bit:
	nx6p3delay(3, a3)
 a7c:	4691                	li	a3,4
 a7e:	16fd                	add	a3,a3,-1 # 43fff <rv003usb.c.4b30943f+0x411d9>
 a80:	fefd                	bnez	a3,a7e <insert_stuffed_bit+0x2>
	xor s1, s1, t1
 a82:	0064c4b3          	xor	s1,s1,t1
	c.li a4, 6 // reset bit stuffing.
 a86:	4719                	li	a4,6
	c.nop
 a88:	0001                	nop
	c.nop
 a8a:	0001                	nop
	sw s1, BSHR_OFFSET(a5)
 a8c:	cb84                	sw	s1,16(a5)
	c.j send_end_bit_complete
 a8e:	bf49                	j	a20 <cont_after_jump>

00000a90 <always0>:
 a90:	00000000          	.word	0x00000000

00000a94 <string3>:
 a94:	00300308 00300030 00000000              ..0.0.0.....

00000aa0 <string2>:
 aa0:	00500310 006b0069 004b006f 00790065     ..P.i.k.o.K.e.y.
 ab0:	00000000                                ....

00000ab4 <string1>:
 ab4:	00500312 006f0072 0079006b 00650062     ..P.r.o.k.y.b.e.
 ac4:	00000072                                r...

00000ac8 <string0>:
 ac8:	04090304                                ....

00000acc <keyboard_hid_desc>:
 acc:	06090105 017501a1 07050895 e729e019     ......u.......).
 adc:	01250015 01950281 03810875 01750595     ..%.....u.....u.
 aec:	01190805 02910529 03750195 06950391     ....).....u.....
 afc:	00150875 0705a725 a7290019 00c00081     u...%.....).....

00000b0c <config_descriptor>:
 b0c:	00220209 80000101 00040964 01030100     ..".....d.......
 b1c:	21090001 01000110 07003f22 08038105     ...!...."?......
 b2c:	00000a00                                ....

00000b30 <device_descriptor>:
 b30:	01100112 08000000 13b916d0 02010002     ................
 b40:	00000103                                ....

00000b44 <descriptor_list>:
 b44:	00000100 00000b30 00000012 00000200     ....0...........
 b54:	00000b0c 00000022 00002200 00000acc     ...."...."......
 b64:	0000003f 00000300 00000ac8 00000004     ?...............
 b74:	04090301 00000ab4 00000012 04090302     ................
 b84:	00000aa0 00000010 04090303 00000a94     ................
 b94:	00000008                                ....
