
pikokey.elf:     file format elf32-littleriscv


Disassembly of section .init:

00000000 <InterruptVector>:
   0:	0b60006f          	j	b6 <handle_reset>
   4:	00000000          	.word	0x00000000
   8:	0000012a          	.word	0x0000012a
   c:	00000128          	.word	0x00000128
	...
  30:	0000056e          	.word	0x0000056e
  34:	00000000          	.word	0x00000000
  38:	00000128          	.word	0x00000128
  3c:	00000000          	.word	0x00000000
  40:	00000128          	.word	0x00000128
  44:	00000128          	.word	0x00000128
  48:	00000128          	.word	0x00000128
  4c:	00000128          	.word	0x00000128
  50:	00000764          	.word	0x00000764
  54:	00000128          	.word	0x00000128
  58:	00000128          	.word	0x00000128
  5c:	00000128          	.word	0x00000128
  60:	00000128          	.word	0x00000128
  64:	00000128          	.word	0x00000128
  68:	00000128          	.word	0x00000128
  6c:	00000128          	.word	0x00000128
  70:	00000128          	.word	0x00000128
  74:	00000128          	.word	0x00000128
  78:	00000128          	.word	0x00000128
  7c:	00000128          	.word	0x00000128
  80:	00000128          	.word	0x00000128
  84:	00000128          	.word	0x00000128
  88:	00000128          	.word	0x00000128
  8c:	00000128          	.word	0x00000128
  90:	00000128          	.word	0x00000128
  94:	00000128          	.word	0x00000128
  98:	00000128          	.word	0x00000128
  9c:	0000                	.2byte	0x0
	...

Disassembly of section .text:

000000a0 <DelaySysTick>:
  a0:	e000f7b7          	lui	a5,0xe000f
  a4:	479c                	lw	a5,8(a5)
  a6:	e000f737          	lui	a4,0xe000f
  aa:	953e                	add	a0,a0,a5
  ac:	471c                	lw	a5,8(a4)
  ae:	8f89                	sub	a5,a5,a0
  b0:	fe07cee3          	bltz	a5,ac <DelaySysTick+0xc>
  b4:	8082                	ret

000000b6 <handle_reset>:
  b6:	20000197          	auipc	gp,0x20000
  ba:	74a18193          	add	gp,gp,1866 # 20000800 <__global_pointer$>
  be:	00018113          	mv	sp,gp
  c2:	08000513          	li	a0,128
  c6:	30051073          	csrw	mstatus,a0
  ca:	468d                	li	a3,3
  cc:	00000517          	auipc	a0,0x0
  d0:	f3450513          	add	a0,a0,-204 # 0 <InterruptVector>
  d4:	8d55                	or	a0,a0,a3
  d6:	30551073          	csrw	mtvec,a0
  da:	80c18513          	add	a0,gp,-2036 # 2000000c <previous_report>
  de:	8ac18593          	add	a1,gp,-1876 # 200000ac <_ebss>
  e2:	4601                	li	a2,0
  e4:	00b55663          	bge	a0,a1,f0 <handle_reset+0x3a>
  e8:	c110                	sw	a2,0(a0)
  ea:	0511                	add	a0,a0,4
  ec:	feb54ee3          	blt	a0,a1,e8 <handle_reset+0x32>
  f0:	00001517          	auipc	a0,0x1
  f4:	c0450513          	add	a0,a0,-1020 # cf4 <_data_lma>
  f8:	20000597          	auipc	a1,0x20000
  fc:	f0858593          	add	a1,a1,-248 # 20000000 <cols>
 100:	80c18613          	add	a2,gp,-2036 # 2000000c <previous_report>
 104:	00c58863          	beq	a1,a2,114 <handle_reset+0x5e>
 108:	4114                	lw	a3,0(a0)
 10a:	c194                	sw	a3,0(a1)
 10c:	0511                	add	a0,a0,4
 10e:	0591                	add	a1,a1,4
 110:	fec59ae3          	bne	a1,a2,104 <handle_reset+0x4e>
 114:	e000f7b7          	lui	a5,0xe000f
 118:	4715                	li	a4,5
 11a:	c398                	sw	a4,0(a5)
 11c:	18000793          	li	a5,384
 120:	34179073          	csrw	mepc,a5
 124:	30200073          	mret

00000128 <ADC1_2_IRQHandler>:
 128:	a001                	j	128 <ADC1_2_IRQHandler>

0000012a <NMI_Handler>:
 12a:	40021737          	lui	a4,0x40021
 12e:	471c                	lw	a5,8(a4)
 130:	008006b7          	lui	a3,0x800
 134:	8fd5                	or	a5,a5,a3
 136:	c71c                	sw	a5,8(a4)

00000138 <SystemInit>:
 138:	400227b7          	lui	a5,0x40022
 13c:	4705                	li	a4,1
 13e:	c398                	sw	a4,0(a5)
 140:	400217b7          	lui	a5,0x40021
 144:	01080737          	lui	a4,0x1080
 148:	0007a223          	sw	zero,4(a5) # 40021004 <__global_pointer$+0x20020804>
 14c:	08170713          	add	a4,a4,129 # 1080081 <rv003usb.c.4b30943f+0x107d276>
 150:	c398                	sw	a4,0(a5)
 152:	009f0737          	lui	a4,0x9f0
 156:	c798                	sw	a4,8(a5)
 158:	020006b7          	lui	a3,0x2000
 15c:	40021737          	lui	a4,0x40021
 160:	431c                	lw	a5,0(a4)
 162:	8ff5                	and	a5,a5,a3
 164:	dff5                	beqz	a5,160 <SystemInit+0x28>
 166:	435c                	lw	a5,4(a4)
 168:	400216b7          	lui	a3,0x40021
 16c:	9bf1                	and	a5,a5,-4
 16e:	0027e793          	or	a5,a5,2
 172:	c35c                	sw	a5,4(a4)
 174:	4721                	li	a4,8
 176:	42dc                	lw	a5,4(a3)
 178:	8bb1                	and	a5,a5,12
 17a:	fee79ee3          	bne	a5,a4,176 <SystemInit+0x3e>
 17e:	8082                	ret

00000180 <main>:
  //   lastChangeTime = now;
  // }
}

int main()
{
 180:	fdc10113          	add	sp,sp,-36
 184:	d006                	sw	ra,32(sp)
 186:	ce22                	sw	s0,28(sp)
 188:	cc26                	sw	s1,24(sp)
  SystemInit();
  Delay_Ms(1); // Ensures USB re-enumeration after bootloader or reset; Spec demand >2.5µs ( TDDIS )
 18a:	6431                	lui	s0,0xc
  SystemInit();
 18c:	3775                	jal	138 <SystemInit>
  Delay_Ms(1); // Ensures USB re-enumeration after bootloader or reset; Spec demand >2.5µs ( TDDIS )
 18e:	b8040513          	add	a0,s0,-1152 # bb80 <rv003usb.c.4b30943f+0x8d75>
 192:	3739                	jal	a0 <DelaySysTick>
 * Start up the SysTick IRQ
 */
void systick_init(void)
{
	/* disable default SysTick behavior */
	SysTick->CTLR = 0;
 194:	e000f7b7          	lui	a5,0xe000f
 198:	0007a023          	sw	zero,0(a5) # e000f000 <__global_pointer$+0xc000e800>
}

// Enable Interrupt (by interrupt number)
RV_STATIC_INLINE void NVIC_EnableIRQ(IRQn_Type IRQn)
{
	NVIC->IENR[((uint32_t)(IRQn) >> 5)] = (1 << ((uint32_t)(IRQn) & 0x1F));
 19c:	e000e737          	lui	a4,0xe000e
 1a0:	6685                	lui	a3,0x1
 1a2:	10d72023          	sw	a3,256(a4) # e000e100 <__global_pointer$+0xc000d900>
	
	/* enable the SysTick IRQ */
	NVIC_EnableIRQ(SysTicK_IRQn);
	
	/* Set the tick interval to 1ms for normal op */
	SysTick->CMP = (FUNCONF_SYSTEM_CORE_CLOCK/1000)-1;
 1a6:	b7f40413          	add	s0,s0,-1153
 1aa:	cb80                	sw	s0,16(a5)
	
	/* Start at zero */
	SysTick->CNT = 0;
 1ac:	0007a423          	sw	zero,8(a5)
	SysTick_Count = 0;
 1b0:	8001ae23          	sw	zero,-2020(gp) # 2000001c <SysTick_Count>
	
	/* Enable SysTick counter, IRQ, HCLK/1 */
	SysTick->CTLR = SYSTICK_CTLR_STE | SYSTICK_CTLR_STIE |
 1b4:	471d                	li	a4,7
 1b6:	c398                	sw	a4,0(a5)
  systick_init();

  // Enable GPIOs
  RCC->APB2PCENR |= RCC_APB2Periph_GPIOD | RCC_APB2Periph_GPIOC | RCC_AFIOEN;
 1b8:	400217b7          	lui	a5,0x40021
 1bc:	4f98                	lw	a4,24(a5)
  // Convert PD1 from SWIO to GPIO
  AFIO->PCFR1 &= ~(AFIO_PCFR1_SWJ_CFG);
 1be:	f9000637          	lui	a2,0xf9000
 1c2:	167d                	add	a2,a2,-1 # f8ffffff <__global_pointer$+0xd8fff7ff>
  RCC->APB2PCENR |= RCC_APB2Periph_GPIOD | RCC_APB2Periph_GPIOC | RCC_AFIOEN;
 1c4:	03176713          	or	a4,a4,49
 1c8:	cf98                	sw	a4,24(a5)
  AFIO->PCFR1 &= ~(AFIO_PCFR1_SWJ_CFG);
 1ca:	40010737          	lui	a4,0x40010
 1ce:	4354                	lw	a3,4(a4)
  AFIO->PCFR1 |= AFIO_PCFR1_SWJ_CFG_DISABLE;

  funGpioInitAll();
  for (int i=0;i<nrows;i++){
    funPinMode(rows[i], GPIO_CFGLR_IN_PUPD);
 1d0:	400115b7          	lui	a1,0x40011
 1d4:	80058593          	add	a1,a1,-2048 # 40010800 <__global_pointer$+0x20010000>
  AFIO->PCFR1 &= ~(AFIO_PCFR1_SWJ_CFG);
 1d8:	8ef1                	and	a3,a3,a2
 1da:	c354                	sw	a3,4(a4)
  AFIO->PCFR1 |= AFIO_PCFR1_SWJ_CFG_DISABLE;
 1dc:	4354                	lw	a3,4(a4)
 1de:	04000637          	lui	a2,0x4000
    funPinMode(rows[i], GPIO_CFGLR_IN_PUPD);
 1e2:	43bd                	li	t2,15
  AFIO->PCFR1 |= AFIO_PCFR1_SWJ_CFG_DISABLE;
 1e4:	8ed1                	or	a3,a3,a2
 1e6:	c354                	sw	a3,4(a4)
  funGpioInitAll();
 1e8:	4f98                	lw	a4,24(a5)
  for (int i=0;i<nrows;i++){
 1ea:	4601                	li	a2,0
    funPinMode(rows[i], GPIO_CFGLR_IN_PUPD);
 1ec:	42a1                	li	t0,8
  funGpioInitAll();
 1ee:	03576713          	or	a4,a4,53
 1f2:	cf98                	sw	a4,24(a5)
    funPinMode(rows[i], GPIO_CFGLR_IN_PUPD);
 1f4:	80818793          	add	a5,gp,-2040 # 20000008 <rows>
 1f8:	c03e                	sw	a5,0(sp)
    funDigitalWrite(rows[i], FUN_HIGH);
 1fa:	4305                	li	t1,1
  for (int i=0;i<nrows;i++){
 1fc:	4511                	li	a0,4
    funPinMode(rows[i], GPIO_CFGLR_IN_PUPD);
 1fe:	4782                	lw	a5,0(sp)
 200:	97b2                	add	a5,a5,a2
 202:	0007c703          	lbu	a4,0(a5) # 40021000 <__global_pointer$+0x20020800>
  for (int i=0;i<nrows;i++){
 206:	0605                	add	a2,a2,1 # 4000001 <rv003usb.c.4b30943f+0x3ffd1f6>
    funPinMode(rows[i], GPIO_CFGLR_IN_PUPD);
 208:	00475793          	srl	a5,a4,0x4
 20c:	07aa                	sll	a5,a5,0xa
 20e:	97ae                	add	a5,a5,a1
 210:	8b3d                	and	a4,a4,15
 212:	4380                	lw	s0,0(a5)
 214:	00271093          	sll	ra,a4,0x2
 218:	001396b3          	sll	a3,t2,ra
 21c:	fff6c693          	not	a3,a3
 220:	8ee1                	and	a3,a3,s0
 222:	001290b3          	sll	ra,t0,ra
 226:	0016e6b3          	or	a3,a3,ra
 22a:	c394                	sw	a3,0(a5)
    funDigitalWrite(rows[i], FUN_HIGH);
 22c:	00e31733          	sll	a4,t1,a4
 230:	cb98                	sw	a4,16(a5)
  for (int i=0;i<nrows;i++){
 232:	fca616e3          	bne	a2,a0,1fe <main+0x7e>
  }
  for (int i=0;i<ncols;i++){
    funPinMode(cols[i], GPIO_CFGLR_IN_PUPD);
 236:	200007b7          	lui	a5,0x20000
 23a:	00078793          	mv	a5,a5
 23e:	40011637          	lui	a2,0x40011
  for (int i=0;i<ncols;i++){
 242:	4581                	li	a1,0
    funPinMode(cols[i], GPIO_CFGLR_IN_PUPD);
 244:	c23e                	sw	a5,4(sp)
 246:	80060493          	add	s1,a2,-2048 # 40010800 <__global_pointer$+0x20010000>
 24a:	443d                	li	s0,15
 24c:	43a1                	li	t2,8
    funDigitalWrite(cols[i], FUN_HIGH);
 24e:	4285                	li	t0,1
  for (int i=0;i<ncols;i++){
 250:	4319                	li	t1,6
    funPinMode(cols[i], GPIO_CFGLR_IN_PUPD);
 252:	4792                	lw	a5,4(sp)
 254:	97ae                	add	a5,a5,a1
 256:	0007c703          	lbu	a4,0(a5) # 20000000 <cols>
  for (int i=0;i<ncols;i++){
 25a:	0585                	add	a1,a1,1
    funPinMode(cols[i], GPIO_CFGLR_IN_PUPD);
 25c:	00475793          	srl	a5,a4,0x4
 260:	07aa                	sll	a5,a5,0xa
 262:	97a6                	add	a5,a5,s1
 264:	8b3d                	and	a4,a4,15
 266:	0007a083          	lw	ra,0(a5)
 26a:	00271513          	sll	a0,a4,0x2
 26e:	00a416b3          	sll	a3,s0,a0
 272:	fff6c693          	not	a3,a3
 276:	0016f6b3          	and	a3,a3,ra
 27a:	00a39533          	sll	a0,t2,a0
 27e:	8ec9                	or	a3,a3,a0
 280:	c394                	sw	a3,0(a5)
    funDigitalWrite(cols[i], FUN_HIGH);
 282:	00e29733          	sll	a4,t0,a4
 286:	cb98                	sw	a4,16(a5)
  for (int i=0;i<ncols;i++){
 288:	fc6595e3          	bne	a1,t1,252 <main+0xd2>
#define LOCAL_CONCAT(A, B) A##B
#define LOCAL_EXP(A, B) LOCAL_CONCAT(A,B)

void usb_setup()
{
	rv003usb_internal_data.se0_windup = 0;
 28c:	200007b7          	lui	a5,0x20000
 290:	0207ac23          	sw	zero,56(a5) # 20000038 <rv003usb_internal_data+0x18>

	// Enable GPIOs, TIMERs
	RCC->APB2PCENR |= LOCAL_EXP( RCC_APB2Periph_GPIO, USB_PORT ) | RCC_APB2Periph_AFIO;
 294:	40021737          	lui	a4,0x40021
 298:	4f1c                	lw	a5,24(a4)
	}
#endif

	// GPIO Setup
	LOCAL_EXP( GPIO, USB_PORT )->CFGLR = 
		( LOCAL_EXP( GPIO, USB_PORT )->CFGLR & 
 29a:	40060613          	add	a2,a2,1024
	RCC->APB2PCENR |= LOCAL_EXP( RCC_APB2Periph_GPIO, USB_PORT ) | RCC_APB2Periph_AFIO;
 29e:	0217e793          	or	a5,a5,33
 2a2:	cf1c                	sw	a5,24(a4)
		( LOCAL_EXP( GPIO, USB_PORT )->CFGLR & 
 2a4:	421c                	lw	a5,0(a2)
 2a6:	fff01737          	lui	a4,0xfff01
 2aa:	177d                	add	a4,a4,-1 # fff00fff <__global_pointer$+0xdff007ff>
 2ac:	8ff9                	and	a5,a5,a4
			) )) )
		 |
#ifdef USB_PIN_DPU
		(GPIO_Speed_50MHz | GPIO_CNF_OUT_PP)<<(4*USB_PIN_DPU) |
#endif
		(GPIO_Speed_In | GPIO_CNF_IN_PUPD)<<(4*USB_PIN_DP) | 
 2ae:	00088737          	lui	a4,0x88
 2b2:	8fd9                	or	a5,a5,a4
	LOCAL_EXP( GPIO, USB_PORT )->CFGLR = 
 2b4:	c21c                	sw	a5,0(a2)
		(GPIO_Speed_In | GPIO_CNF_IN_PUPD)<<(4*USB_PIN_DM);

	// Configure USB_PIN_DM (D-) as an interrupt on falling edge.
	AFIO->EXTICR = LOCAL_EXP(GPIO_PortSourceGPIO,USB_PORT)<<(USB_PIN_DM*2); // Configure EXTI interrupt for USB_PIN_DM
 2b6:	30000713          	li	a4,768
 2ba:	400107b7          	lui	a5,0x40010
 2be:	c798                	sw	a4,8(a5)
	EXTI->INTENR = 1<<USB_PIN_DM; // Enable EXTI interrupt
 2c0:	40078793          	add	a5,a5,1024 # 40010400 <__global_pointer$+0x2000fc00>
 2c4:	4741                	li	a4,16
 2c6:	c398                	sw	a4,0(a5)
	EXTI->FTENR = 1<<USB_PIN_DM;  // Enable falling edge trigger for USB_PIN_DM (D-)
 2c8:	c7d8                	sw	a4,12(a5)
 2ca:	e000e7b7          	lui	a5,0xe000e
 2ce:	00100737          	lui	a4,0x100
 2d2:	10e7a023          	sw	a4,256(a5) # e000e100 <__global_pointer$+0xc000d900>
  }

  usb_setup();

  while(1){
    Delay_Ms(10);
 2d6:	00075537          	lui	a0,0x75
 2da:	30050513          	add	a0,a0,768 # 75300 <rv003usb.c.4b30943f+0x724f5>
 2de:	33c9                	jal	a0 <DelaySysTick>
    funPinMode(rows[i], GPIO_CFGLR_OUT_10Mhz_PP);
 2e0:	400115b7          	lui	a1,0x40011
    Delay_Ms(10);
 2e4:	87c18313          	add	t1,gp,-1924 # 2000007c <matrix>
  for (int i=0;i<nrows;i++){
 2e8:	4601                	li	a2,0
    funPinMode(rows[i], GPIO_CFGLR_OUT_10Mhz_PP);
 2ea:	80058593          	add	a1,a1,-2048 # 40010800 <__global_pointer$+0x20010000>
 2ee:	4782                	lw	a5,0(sp)
 2f0:	44bd                	li	s1,15
 2f2:	4685                	li	a3,1
 2f4:	97b2                	add	a5,a5,a2
 2f6:	0007c703          	lbu	a4,0(a5)
 2fa:	ca1a                	sw	t1,20(sp)
 2fc:	c832                	sw	a2,16(sp)
 2fe:	00475413          	srl	s0,a4,0x4
 302:	042a                	sll	s0,s0,0xa
 304:	942e                	add	s0,s0,a1
 306:	8b3d                	and	a4,a4,15
 308:	00271293          	sll	t0,a4,0x2
 30c:	401c                	lw	a5,0(s0)
 30e:	005494b3          	sll	s1,s1,t0
 312:	fff4c493          	not	s1,s1
 316:	00569533          	sll	a0,a3,t0
 31a:	8fe5                	and	a5,a5,s1
 31c:	8fc9                	or	a5,a5,a0
 31e:	c01c                	sw	a5,0(s0)
    funDigitalWrite(rows[i], FUN_LOW);
 320:	01070793          	add	a5,a4,16 # 100010 <rv003usb.c.4b30943f+0xfd205>
 324:	00f696b3          	sll	a3,a3,a5
 328:	c814                	sw	a3,16(s0)
    Delay_Us(1);
 32a:	03000513          	li	a0,48
    funPinMode(rows[i], GPIO_CFGLR_OUT_10Mhz_PP);
 32e:	c616                	sw	t0,12(sp)
    funDigitalWrite(rows[i], FUN_LOW);
 330:	c43a                	sw	a4,8(sp)
    Delay_Us(1);
 332:	33bd                	jal	a0 <DelaySysTick>
    for (int j=0;j<ncols;j++){
 334:	4352                	lw	t1,20(sp)
 336:	4642                	lw	a2,16(sp)
 338:	42b2                	lw	t0,12(sp)
 33a:	4722                	lw	a4,8(sp)
 33c:	400117b7          	lui	a5,0x40011
 340:	4681                	li	a3,0
 342:	4399                	li	t2,6
 344:	80078593          	add	a1,a5,-2048 # 40010800 <__global_pointer$+0x20010000>
      bool state = funDigitalRead(cols[j]) == FUN_LOW;
 348:	4792                	lw	a5,4(sp)
      matrix[i][j] = state;
 34a:	00d300b3          	add	ra,t1,a3
      bool state = funDigitalRead(cols[j]) == FUN_LOW;
 34e:	97b6                	add	a5,a5,a3
 350:	0007c503          	lbu	a0,0(a5)
    for (int j=0;j<ncols;j++){
 354:	0685                	add	a3,a3,1 # 1001 <_data_lma+0x30d>
      bool state = funDigitalRead(cols[j]) == FUN_LOW;
 356:	00455793          	srl	a5,a0,0x4
 35a:	07aa                	sll	a5,a5,0xa
 35c:	97ae                	add	a5,a5,a1
 35e:	479c                	lw	a5,8(a5)
 360:	893d                	and	a0,a0,15
 362:	00a7d7b3          	srl	a5,a5,a0
 366:	fff7c793          	not	a5,a5
 36a:	8b85                	and	a5,a5,1
 36c:	00f08023          	sb	a5,0(ra)
    for (int j=0;j<ncols;j++){
 370:	fc769ce3          	bne	a3,t2,348 <main+0x1c8>
    funPinMode(rows[i], GPIO_CFGLR_IN_PUPD);
 374:	401c                	lw	a5,0(s0)
  for (int i=0;i<nrows;i++){
 376:	0605                	add	a2,a2,1
 378:	0331                	add	t1,t1,12
    funPinMode(rows[i], GPIO_CFGLR_IN_PUPD);
 37a:	8cfd                	and	s1,s1,a5
 37c:	47a1                	li	a5,8
 37e:	005797b3          	sll	a5,a5,t0
 382:	8cdd                	or	s1,s1,a5
    funDigitalWrite(rows[i], FUN_HIGH);
 384:	4785                	li	a5,1
 386:	00e797b3          	sll	a5,a5,a4
    funPinMode(rows[i], GPIO_CFGLR_IN_PUPD);
 38a:	c004                	sw	s1,0(s0)
    funDigitalWrite(rows[i], FUN_HIGH);
 38c:	c81c                	sw	a5,16(s0)
  for (int i=0;i<nrows;i++){
 38e:	4791                	li	a5,4
 390:	f4f61fe3          	bne	a2,a5,2ee <main+0x16e>
    funPinMode(cols[i], GPIO_CFGLR_OUT_10Mhz_PP);
 394:	400115b7          	lui	a1,0x40011
  for (int i=0;i<ncols;i++){
 398:	4681                	li	a3,0
    funPinMode(cols[i], GPIO_CFGLR_OUT_10Mhz_PP);
 39a:	80058593          	add	a1,a1,-2048 # 40010800 <__global_pointer$+0x20010000>
 39e:	4792                	lw	a5,4(sp)
 3a0:	44bd                	li	s1,15
 3a2:	4605                	li	a2,1
 3a4:	97b6                	add	a5,a5,a3
 3a6:	0007c703          	lbu	a4,0(a5)
 3aa:	c836                	sw	a3,16(sp)
 3ac:	00475413          	srl	s0,a4,0x4
 3b0:	042a                	sll	s0,s0,0xa
 3b2:	942e                	add	s0,s0,a1
 3b4:	8b3d                	and	a4,a4,15
 3b6:	00271313          	sll	t1,a4,0x2
 3ba:	401c                	lw	a5,0(s0)
 3bc:	006494b3          	sll	s1,s1,t1
 3c0:	fff4c493          	not	s1,s1
 3c4:	00661533          	sll	a0,a2,t1
 3c8:	8fe5                	and	a5,a5,s1
 3ca:	8fc9                	or	a5,a5,a0
 3cc:	c01c                	sw	a5,0(s0)
    funDigitalWrite(cols[i], FUN_LOW);
 3ce:	01070793          	add	a5,a4,16
 3d2:	00f61633          	sll	a2,a2,a5
 3d6:	c810                	sw	a2,16(s0)
    Delay_Us(1);
 3d8:	03000513          	li	a0,48
    funPinMode(cols[i], GPIO_CFGLR_OUT_10Mhz_PP);
 3dc:	c61a                	sw	t1,12(sp)
    funDigitalWrite(cols[i], FUN_LOW);
 3de:	c43a                	sw	a4,8(sp)
    Delay_Us(1);
 3e0:	31c1                	jal	a0 <DelaySysTick>
    for (int j=0;j<nrows;j++){
 3e2:	46c2                	lw	a3,16(sp)
 3e4:	87c18793          	add	a5,gp,-1924 # 2000007c <matrix>
 3e8:	4332                	lw	t1,12(sp)
 3ea:	4722                	lw	a4,8(sp)
 3ec:	00b78613          	add	a2,a5,11
 3f0:	400117b7          	lui	a5,0x40011
 3f4:	8e15                	sub	a2,a2,a3
 3f6:	4501                	li	a0,0
 3f8:	4391                	li	t2,4
 3fa:	80078593          	add	a1,a5,-2048 # 40010800 <__global_pointer$+0x20010000>
      bool state = funDigitalRead(rows[j]) == FUN_LOW;
 3fe:	4782                	lw	a5,0(sp)
    for (int j=0;j<nrows;j++){
 400:	0631                	add	a2,a2,12
      bool state = funDigitalRead(rows[j]) == FUN_LOW;
 402:	97aa                	add	a5,a5,a0
 404:	0007c283          	lbu	t0,0(a5)
    for (int j=0;j<nrows;j++){
 408:	0505                	add	a0,a0,1
      bool state = funDigitalRead(rows[j]) == FUN_LOW;
 40a:	0042d793          	srl	a5,t0,0x4
 40e:	07aa                	sll	a5,a5,0xa
 410:	97ae                	add	a5,a5,a1
 412:	479c                	lw	a5,8(a5)
 414:	00f2f293          	and	t0,t0,15
 418:	0057d7b3          	srl	a5,a5,t0
 41c:	fff7c793          	not	a5,a5
 420:	8b85                	and	a5,a5,1
 422:	fef60a23          	sb	a5,-12(a2)
    for (int j=0;j<nrows;j++){
 426:	fc751ce3          	bne	a0,t2,3fe <main+0x27e>
    funPinMode(cols[i], GPIO_CFGLR_IN_PUPD);
 42a:	401c                	lw	a5,0(s0)
  for (int i=0;i<ncols;i++){
 42c:	0685                	add	a3,a3,1
    funPinMode(cols[i], GPIO_CFGLR_IN_PUPD);
 42e:	8cfd                	and	s1,s1,a5
 430:	47a1                	li	a5,8
 432:	006797b3          	sll	a5,a5,t1
 436:	8cdd                	or	s1,s1,a5
    funDigitalWrite(cols[i], FUN_HIGH);
 438:	4785                	li	a5,1
 43a:	00e797b3          	sll	a5,a5,a4
    funPinMode(cols[i], GPIO_CFGLR_IN_PUPD);
 43e:	c004                	sw	s1,0(s0)
    funDigitalWrite(cols[i], FUN_HIGH);
 440:	c81c                	sw	a5,16(s0)
  for (int i=0;i<ncols;i++){
 442:	4799                	li	a5,6
 444:	f4f69de3          	bne	a3,a5,39e <main+0x21e>
volatile uint8_t key_report[8] = { 0x00,0x00,0x00,0x00,0x00,0x00,0x00,0x00 };

void generate_report() {
  uint8_t num_pushed_keys = 0;
  for (int i=0;i<8;i++) {
    key_report[i] = 0;
 448:	81418713          	add	a4,gp,-2028 # 20000014 <key_report>
 44c:	00070023          	sb	zero,0(a4)
 450:	000700a3          	sb	zero,1(a4)
 454:	00070123          	sb	zero,2(a4)
 458:	000701a3          	sb	zero,3(a4)
 45c:	00070223          	sb	zero,4(a4)
  }

  uint8_t layer = 0;
  bool fn = matrix[3][0] || matrix[3][11];
 460:	87c18613          	add	a2,gp,-1924 # 2000007c <matrix>
    key_report[i] = 0;
 464:	000702a3          	sb	zero,5(a4)
  bool fn = matrix[3][0] || matrix[3][11];
 468:	02464603          	lbu	a2,36(a2)
    key_report[i] = 0;
 46c:	00070323          	sb	zero,6(a4)
 470:	000703a3          	sb	zero,7(a4)
  bool num = matrix[3][7];
  bool sym = matrix[3][4];
 474:	87c18713          	add	a4,gp,-1924 # 2000007c <matrix>
 478:	02874683          	lbu	a3,40(a4)
 47c:	81418793          	add	a5,gp,-2028 # 20000014 <key_report>
  bool num = matrix[3][7];
 480:	02b74703          	lbu	a4,43(a4)
  bool fn = matrix[3][0] || matrix[3][11];
 484:	ee41                	bnez	a2,51c <main+0x39c>
 486:	87c18613          	add	a2,gp,-1924 # 2000007c <matrix>
 48a:	02f64603          	lbu	a2,47(a2)
 48e:	e659                	bnez	a2,51c <main+0x39c>
  if (num || sym) {
 490:	ef2d                	bnez	a4,50a <main+0x38a>
 492:	e6d9                	bnez	a3,520 <main+0x3a0>
  }
  if (sym) {
    key_report[0] |= 0b00000010;
  }

  for (int x = 0;x<12;x++) {
 494:	00171693          	sll	a3,a4,0x1
 498:	9736                	add	a4,a4,a3
 49a:	6685                	lui	a3,0x1
 49c:	0712                	sll	a4,a4,0x4
 49e:	c6468693          	add	a3,a3,-924 # c64 <keymap>
 4a2:	9736                	add	a4,a4,a3
 4a4:	c43a                	sw	a4,8(sp)
  uint8_t layer = 0;
 4a6:	4601                	li	a2,0
 4a8:	4701                	li	a4,0
    for (int y=0;y<4;y++) {
      if (!matrix[y][x]) continue;
      uint8_t kc = keymap[layer][x+y*12];
      if (___ <= kc && kc <= END_OF_CUSTOM_KEY) {
 4aa:	448d                	li	s1,3
        // ignore custom key
      } else if (kc == CTL) {
 4ac:	0e000413          	li	s0,224
        key_report[0] |= 0b00000001;
      } else if (kc == SFT) {
 4b0:	0e100393          	li	t2,225
        key_report[0] |= 0b00000010;
      } else if (kc == ALT) {
 4b4:	0e200093          	li	ra,226
    for (int y=0;y<4;y++) {
 4b8:	46a2                	lw	a3,8(sp)
  uint8_t layer = 0;
 4ba:	4581                	li	a1,0
 4bc:	00d602b3          	add	t0,a2,a3
      if (!matrix[y][x]) continue;
 4c0:	87c18693          	add	a3,gp,-1924 # 2000007c <matrix>
 4c4:	00c68333          	add	t1,a3,a2
 4c8:	00b306b3          	add	a3,t1,a1
 4cc:	0006c683          	lbu	a3,0(a3)
 4d0:	c29d                	beqz	a3,4f6 <main+0x376>
      uint8_t kc = keymap[layer][x+y*12];
 4d2:	00b286b3          	add	a3,t0,a1
 4d6:	0006c683          	lbu	a3,0(a3)
      if (___ <= kc && kc <= END_OF_CUSTOM_KEY) {
 4da:	f9068513          	add	a0,a3,-112
 4de:	0ff57513          	zext.b	a0,a0
 4e2:	00a4fa63          	bgeu	s1,a0,4f6 <main+0x376>
      } else if (kc == CTL) {
 4e6:	02869f63          	bne	a3,s0,524 <main+0x3a4>
        key_report[0] |= 0b00000001;
 4ea:	0007c683          	lbu	a3,0(a5)
 4ee:	0016e693          	or	a3,a3,1
        key_report[0] |= 0b00000010;
 4f2:	00d78023          	sb	a3,0(a5)
    for (int y=0;y<4;y++) {
 4f6:	05b1                	add	a1,a1,12
 4f8:	03000693          	li	a3,48
 4fc:	fcd596e3          	bne	a1,a3,4c8 <main+0x348>
  for (int x = 0;x<12;x++) {
 500:	0605                	add	a2,a2,1
 502:	46b1                	li	a3,12
 504:	fad61ae3          	bne	a2,a3,4b8 <main+0x338>
 508:	b3f9                	j	2d6 <main+0x156>
    layer = 2; // num or sym
 50a:	4709                	li	a4,2
  if (sym) {
 50c:	d6c1                	beqz	a3,494 <main+0x314>
    key_report[0] |= 0b00000010;
 50e:	0007c683          	lbu	a3,0(a5)
 512:	0026e693          	or	a3,a3,2
 516:	00d78023          	sb	a3,0(a5)
 51a:	bfad                	j	494 <main+0x314>
    layer = 1; // fn
 51c:	4705                	li	a4,1
 51e:	b7fd                	j	50c <main+0x38c>
    layer = 2; // num or sym
 520:	4709                	li	a4,2
 522:	b7f5                	j	50e <main+0x38e>
      } else if (kc == SFT) {
 524:	00769763          	bne	a3,t2,532 <main+0x3b2>
        key_report[0] |= 0b00000010;
 528:	0007c683          	lbu	a3,0(a5)
 52c:	0026e693          	or	a3,a3,2
 530:	b7c9                	j	4f2 <main+0x372>
      } else if (kc == ALT) {
 532:	00169763          	bne	a3,ra,540 <main+0x3c0>
        key_report[0] |= 0b00000100;
 536:	0007c683          	lbu	a3,0(a5)
 53a:	0046e693          	or	a3,a3,4
 53e:	bf55                	j	4f2 <main+0x372>
      } else if (kc == GUI) {
 540:	0e300513          	li	a0,227
 544:	00a69763          	bne	a3,a0,552 <main+0x3d2>
        key_report[0] |= 0b00001000;
 548:	0007c683          	lbu	a3,0(a5)
 54c:	0086e693          	or	a3,a3,8
 550:	b74d                	j	4f2 <main+0x372>
      } else {
        // normal key
        if (num_pushed_keys >= 6) continue;
 552:	4515                	li	a0,5
 554:	fae561e3          	bltu	a0,a4,4f6 <main+0x376>
        key_report[2+num_pushed_keys] = kc;
 558:	00270513          	add	a0,a4,2
 55c:	0ff57513          	zext.b	a0,a0
 560:	953e                	add	a0,a0,a5
        num_pushed_keys++;
 562:	0705                	add	a4,a4,1
        key_report[2+num_pushed_keys] = kc;
 564:	00d50023          	sb	a3,0(a0)
        num_pushed_keys++;
 568:	0ff77713          	zext.b	a4,a4
 56c:	b769                	j	4f6 <main+0x376>

0000056e <SysTick_Handler>:
 * SysTick ISR just counts ticks
 * note - the __attribute__((interrupt)) syntax is crucial!
 */
void SysTick_Handler(void) __attribute__((interrupt));
void SysTick_Handler(void)
{
 56e:	1151                	add	sp,sp,-12
 570:	c03e                	sw	a5,0(sp)
	// move the compare further ahead in time.
	// as a warning, if more than this length of time
	// passes before triggering, you may miss your
	// interrupt.
	SysTick->CMP += (FUNCONF_SYSTEM_CORE_CLOCK/1000);
 572:	e000f7b7          	lui	a5,0xe000f
{
 576:	c23a                	sw	a4,4(sp)
	SysTick->CMP += (FUNCONF_SYSTEM_CORE_CLOCK/1000);
 578:	4b98                	lw	a4,16(a5)
{
 57a:	c436                	sw	a3,8(sp)
	SysTick->CMP += (FUNCONF_SYSTEM_CORE_CLOCK/1000);
 57c:	66b1                	lui	a3,0xc
 57e:	b8068693          	add	a3,a3,-1152 # bb80 <rv003usb.c.4b30943f+0x8d75>
 582:	9736                	add	a4,a4,a3
 584:	cb98                	sw	a4,16(a5)

	/* clear IRQ */
	SysTick->SR = 0;
 586:	0007a223          	sw	zero,4(a5) # e000f004 <__global_pointer$+0xc000e804>

	/* update counter */
	SysTick_Count++;
 58a:	81c1a783          	lw	a5,-2020(gp) # 2000001c <SysTick_Count>
}
 58e:	46a2                	lw	a3,8(sp)
	SysTick_Count++;
 590:	0785                	add	a5,a5,1
 592:	80f1ae23          	sw	a5,-2020(gp) # 2000001c <SysTick_Count>
}
 596:	4712                	lw	a4,4(sp)
 598:	4782                	lw	a5,0(sp)
 59a:	0131                	add	sp,sp,12
 59c:	30200073          	mret

000005a0 <usb_pid_handle_in>:
	NVIC_EnableIRQ( EXTI7_0_IRQn );
}


void usb_pid_handle_in( uint32_t addr, uint8_t * data, uint32_t endp, uint32_t unused, struct rv003usb_internal * ist )
{
 5a0:	1131                	add	sp,sp,-20
 5a2:	c622                	sw	s0,12(sp)
 5a4:	c426                	sw	s1,8(sp)
 5a6:	c806                	sw	ra,16(sp)
	ist->current_endpoint = endp;
	struct usb_endpoint * e = &ist->eps[endp];

	int tosend = 0;
	uint8_t * sendnow;
	int sendtok = e->toggle_in?0b01001011:0b11000011;
 5a8:	00561793          	sll	a5,a2,0x5
{
 5ac:	843a                	mv	s0,a4
	ist->current_endpoint = endp;
 5ae:	c310                	sw	a2,0(a4)
	int sendtok = e->toggle_in?0b01001011:0b11000011;
 5b0:	973e                	add	a4,a4,a5
 5b2:	5318                	lw	a4,32(a4)
{
 5b4:	84b2                	mv	s1,a2
	int sendtok = e->toggle_in?0b01001011:0b11000011;
 5b6:	04b00693          	li	a3,75
 5ba:	e319                	bnez	a4,5c0 <usb_pid_handle_in+0x20>
 5bc:	0c300693          	li	a3,195



#if RV003USB_USE_REBOOT_FEATURE_REPORT
	if( ist->reboot_armed == 2 )
 5c0:	4450                	lw	a2,12(s0)
 5c2:	4709                	li	a4,2
 5c4:	02e61f63          	bne	a2,a4,602 <usb_pid_handle_in+0x62>
	{
		usb_send_empty( sendtok );
 5c8:	8536                	mv	a0,a3
 5ca:	c23e                	sw	a5,4(sp)
 5cc:	c036                	sw	a3,0(sp)
 5ce:	2989                	jal	a20 <usb_send_empty>

		// Initiate boot into bootloader
		FLASH->BOOT_MODEKEYR = FLASH_KEY1;
 5d0:	45670637          	lui	a2,0x45670
 5d4:	40022737          	lui	a4,0x40022
 5d8:	12360613          	add	a2,a2,291 # 45670123 <__global_pointer$+0x2566f923>
 5dc:	d710                	sw	a2,40(a4)
		FLASH->BOOT_MODEKEYR = FLASH_KEY2;
 5de:	cdef9637          	lui	a2,0xcdef9
 5e2:	9ab60613          	add	a2,a2,-1621 # cdef89ab <__global_pointer$+0xadef81ab>
 5e6:	d710                	sw	a2,40(a4)
		FLASH->STATR = 1<<14; // 1<<14 is zero, so, boot bootloader code. Unset for user code.
 5e8:	6611                	lui	a2,0x4
 5ea:	c750                	sw	a2,12(a4)
		FLASH->CTLR = CR_LOCK_Set;
		PFIC->SCTLR = 1<<31;
 5ec:	4792                	lw	a5,4(sp)
		FLASH->CTLR = CR_LOCK_Set;
 5ee:	08000613          	li	a2,128
		PFIC->SCTLR = 1<<31;
 5f2:	4682                	lw	a3,0(sp)
		FLASH->CTLR = CR_LOCK_Set;
 5f4:	cb10                	sw	a2,16(a4)
		PFIC->SCTLR = 1<<31;
 5f6:	e000f737          	lui	a4,0xe000f
 5fa:	80000637          	lui	a2,0x80000
 5fe:	d0c72823          	sw	a2,-752(a4) # e000ed10 <__global_pointer$+0xc000e510>
	}
#endif

#if RV003USB_HANDLE_IN_REQUEST
	if( e->custom || endp )
 602:	97a2                	add	a5,a5,s0
 604:	579c                	lw	a5,40(a5)
 606:	8fc5                	or	a5,a5,s1
 608:	c3a1                	beqz	a5,648 <usb_pid_handle_in+0xa8>

uint8_t previous_report[8] = { 0x00,0x00,0x00,0x00,0x00,0x00,0x00,0x00 };

void usb_handle_user_in_request( struct usb_endpoint * e, uint8_t * scratchpad, int endp, uint32_t sendtok, struct rv003usb_internal * ist )
{
  if( endp == 1 )
 60a:	4785                	li	a5,1
 60c:	04f49963          	bne	s1,a5,65e <usb_pid_handle_in+0xbe>
  {
    // bool changed = false;
    for (int i=0;i<8;i++) {
      // if (key_report[i] != previous_report[i]) changed = true;
      previous_report[i] = key_report[i];
 610:	20000537          	lui	a0,0x20000
    for (int i=0;i<8;i++) {
 614:	4781                	li	a5,0
      previous_report[i] = key_report[i];
 616:	81418713          	add	a4,gp,-2028 # 20000014 <key_report>
 61a:	00c50293          	add	t0,a0,12 # 2000000c <previous_report>
    for (int i=0;i<8;i++) {
 61e:	4621                	li	a2,8
      previous_report[i] = key_report[i];
 620:	00f705b3          	add	a1,a4,a5
 624:	0005c303          	lbu	t1,0(a1)
 628:	005785b3          	add	a1,a5,t0
    for (int i=0;i<8;i++) {
 62c:	0785                	add	a5,a5,1
      previous_report[i] = key_report[i];
 62e:	00658023          	sb	t1,0(a1)
    for (int i=0;i<8;i++) {
 632:	fec797e3          	bne	a5,a2,620 <usb_pid_handle_in+0x80>
    }
    // if (changed) {
    //   usb_send_data(previous_report, 8, 0, sendtok );
    // }
    usb_send_data(previous_report, 8, 0, sendtok );
 636:	4601                	li	a2,0
 638:	45a1                	li	a1,8
 63a:	00c50513          	add	a0,a0,12
	}
	else
	{
		usb_send_data( sendnow, tosend, 0, sendtok );
	}
}
 63e:	4432                	lw	s0,12(sp)
 640:	40c2                	lw	ra,16(sp)
 642:	44a2                	lw	s1,8(sp)
 644:	0151                	add	sp,sp,20
		usb_send_data( sendnow, tosend, 0, sendtok );
 646:	a6e5                	j	a2e <usb_send_data>
	int offset = (e->count)<<3;
 648:	4c5c                	lw	a5,28(s0)
	tosend = (int)e->max_len - offset;
 64a:	544c                	lw	a1,44(s0)
	sendnow = tsend + offset;
 64c:	5c08                	lw	a0,56(s0)
	int offset = (e->count)<<3;
 64e:	078e                	sll	a5,a5,0x3
	tosend = (int)e->max_len - offset;
 650:	8d9d                	sub	a1,a1,a5
	sendnow = tsend + offset;
 652:	953e                	add	a0,a0,a5
	if( tosend > ENDPOINT0_SIZE ) tosend = ENDPOINT0_SIZE;
 654:	47a1                	li	a5,8
 656:	00b7ca63          	blt	a5,a1,66a <usb_pid_handle_in+0xca>
	if( tosend <= 0 )
 65a:	00b04963          	bgtz	a1,66c <usb_pid_handle_in+0xcc>
}
 65e:	4432                	lw	s0,12(sp)
 660:	40c2                	lw	ra,16(sp)
 662:	44a2                	lw	s1,8(sp)
		usb_send_empty( sendtok );
 664:	8536                	mv	a0,a3
}
 666:	0151                	add	sp,sp,20
		usb_send_empty( sendtok );
 668:	ae65                	j	a20 <usb_send_empty>
	if( tosend > ENDPOINT0_SIZE ) tosend = ENDPOINT0_SIZE;
 66a:	45a1                	li	a1,8
		usb_send_data( sendnow, tosend, 0, sendtok );
 66c:	4601                	li	a2,0
 66e:	bfc1                	j	63e <usb_pid_handle_in+0x9e>

00000670 <usb_pid_handle_data>:
}

void usb_pid_handle_data( uint32_t this_token, uint8_t * data, uint32_t which_data, uint32_t length, struct rv003usb_internal * ist )
{
	//Received data from host.
	int epno = ist->current_endpoint;
 670:	00072303          	lw	t1,0(a4)

	length -= 3;
	uint8_t * data_in = __builtin_assume_aligned( data, 4 );

	// Already received this packet.
	if( e->toggle_out != which_data )
 674:	00531793          	sll	a5,t1,0x5
 678:	97ba                	add	a5,a5,a4
 67a:	53c8                	lw	a0,36(a5)
 67c:	00c51963          	bne	a0,a2,68e <usb_pid_handle_data+0x1e>
	{
		goto just_ack;
	}

	e->toggle_out = !e->toggle_out;
 680:	00153513          	seqz	a0,a0
 684:	d3c8                	sw	a0,36(a5)


#if RV003USB_HANDLE_USER_DATA || RV003USB_USE_REBOOT_FEATURE_REPORT
	if( epno || ( !ist->setup_request && length > 3 )  )
 686:	00030a63          	beqz	t1,69a <usb_pid_handle_data+0x2a>
	{
#if RV003USB_USE_REBOOT_FEATURE_REPORT
		if( ist->reboot_armed )
 68a:	475c                	lw	a5,12(a4)
 68c:	e7a1                	bnez	a5,6d4 <usb_pid_handle_data+0x64>
		}
	}
just_ack:
	{
		//Got the right data.  Acknowledge.
		usb_send_data( 0, 0, 2, 0xD2 ); // Send ACK
 68e:	0d200693          	li	a3,210
 692:	4609                	li	a2,2
 694:	4581                	li	a1,0
 696:	4501                	li	a0,0
 698:	ae59                	j	a2e <usb_send_data>
	if( epno || ( !ist->setup_request && length > 3 )  )
 69a:	471c                	lw	a5,8(a4)
 69c:	ef9d                	bnez	a5,6da <usb_pid_handle_data+0x6a>
	length -= 3;
 69e:	16f5                	add	a3,a3,-3
	if( epno || ( !ist->setup_request && length > 3 )  )
 6a0:	478d                	li	a5,3
 6a2:	fed7f6e3          	bgeu	a5,a3,68e <usb_pid_handle_data+0x1e>
		if( ist->reboot_armed )
 6a6:	475c                	lw	a5,12(a4)
 6a8:	d3fd                	beqz	a5,68e <usb_pid_handle_data+0x1e>
			if( epno == 0 && base[0] == 0xaa3412fd && (base[1] & 0x00ffffff) == 0x00ddccbb )
 6aa:	4194                	lw	a3,0(a1)
 6ac:	aa3417b7          	lui	a5,0xaa341
 6b0:	2fd78793          	add	a5,a5,765 # aa3412fd <__global_pointer$+0x8a340afd>
 6b4:	02f69063          	bne	a3,a5,6d4 <usb_pid_handle_data+0x64>
 6b8:	41dc                	lw	a5,4(a1)
 6ba:	00ddd6b7          	lui	a3,0xddd
 6be:	cbb68693          	add	a3,a3,-837 # ddccbb <rv003usb.c.4b30943f+0xdd9eb0>
 6c2:	07a2                	sll	a5,a5,0x8
 6c4:	83a1                	srl	a5,a5,0x8
 6c6:	00d79763          	bne	a5,a3,6d4 <usb_pid_handle_data+0x64>
				e->count = 7;
 6ca:	479d                	li	a5,7
 6cc:	cf5c                	sw	a5,28(a4)
				ist->reboot_armed = 2;
 6ce:	4789                	li	a5,2
			if( wvi == 0x000003fd ) ist->reboot_armed = 1;
 6d0:	c75c                	sw	a5,12(a4)
 6d2:	bf75                	j	68e <usb_pid_handle_data+0x1e>
				ist->reboot_armed = 0;
 6d4:	00072623          	sw	zero,12(a4)
 6d8:	bf5d                	j	68e <usb_pid_handle_data+0x1e>
		uint32_t wvi = s->lValueLSBIndexMSB;
 6da:	0045d683          	lhu	a3,4(a1)
 6de:	0025d783          	lhu	a5,2(a1)
		uint32_t wLength = s->wLength;
 6e2:	0065d503          	lhu	a0,6(a1)
		uint32_t wvi = s->lValueLSBIndexMSB;
 6e6:	06c2                	sll	a3,a3,0x10
 6e8:	8edd                	or	a3,a3,a5
		uint32_t reqShl = s->wRequestTypeLSBRequestMSB >> 1;
 6ea:	0005d783          	lhu	a5,0(a1)
		e->count = 0;
 6ee:	00072e23          	sw	zero,28(a4)
		e->opaque = 0;
 6f2:	02072c23          	sw	zero,56(a4)
		e->custom = 0;
 6f6:	02072423          	sw	zero,40(a4)
		e->max_len = 0;
 6fa:	02072623          	sw	zero,44(a4)
		ist->setup_request = 0;
 6fe:	00072423          	sw	zero,8(a4)
		uint32_t reqShl = s->wRequestTypeLSBRequestMSB >> 1;
 702:	8385                	srl	a5,a5,0x1
		if( reqShl == (0x0921>>1) )
 704:	49000613          	li	a2,1168
 708:	00c79863          	bne	a5,a2,718 <usb_pid_handle_data+0xa8>
			if( wvi == 0x000003fd ) ist->reboot_armed = 1;
 70c:	3fd00793          	li	a5,1021
 710:	f6f69fe3          	bne	a3,a5,68e <usb_pid_handle_data+0x1e>
 714:	4785                	li	a5,1
 716:	bf6d                	j	6d0 <usb_pid_handle_data+0x60>
		if( reqShl == (0x0680>>1) ) // GET_DESCRIPTOR = 6 (msb)
 718:	34000613          	li	a2,832
 71c:	02c79d63          	bne	a5,a2,756 <usb_pid_handle_data+0xe6>
 720:	6785                	lui	a5,0x1
 722:	c1078793          	add	a5,a5,-1008 # c10 <descriptor_list>
 726:	05478593          	add	a1,a5,84
					e->max_len = (swLen < elLen)?swLen:elLen;
 72a:	832a                	mv	t1,a0
				if( dl->lIndexValue == wvi )
 72c:	4390                	lw	a2,0(a5)
 72e:	02d61063          	bne	a2,a3,74e <usb_pid_handle_data+0xde>
					e->opaque = (uint8_t*)dl->addr;
 732:	43d0                	lw	a2,4(a5)
 734:	df10                	sw	a2,56(a4)
					uint16_t elLen = dl->length;
 736:	0087c603          	lbu	a2,8(a5)
					e->max_len = (swLen < elLen)?swLen:elLen;
 73a:	01061293          	sll	t0,a2,0x10
 73e:	0102d293          	srl	t0,t0,0x10
 742:	00557363          	bgeu	a0,t0,748 <usb_pid_handle_data+0xd8>
 746:	861a                	mv	a2,t1
 748:	0642                	sll	a2,a2,0x10
 74a:	8241                	srl	a2,a2,0x10
 74c:	d750                	sw	a2,44(a4)
			for( i = 0; i < DESCRIPTOR_LIST_ENTRIES; i++ )
 74e:	07b1                	add	a5,a5,12
 750:	fcb79ee3          	bne	a5,a1,72c <usb_pid_handle_data+0xbc>
 754:	bf2d                	j	68e <usb_pid_handle_data+0x1e>
		else if( reqShl == (0x0500>>1) ) // SET_ADDRESS = 0x05
 756:	28000613          	li	a2,640
 75a:	f2c79ae3          	bne	a5,a2,68e <usb_pid_handle_data+0x1e>
			ist->my_address = wvi;
 75e:	c354                	sw	a3,4(a4)
 760:	b73d                	j	68e <usb_pid_handle_data+0x1e>
	...

00000764 <EXTI7_0_IRQHandler>:

.section .text.vector_handler
.global EXTI7_0_IRQHandler
.balign 4
EXTI7_0_IRQHandler:
	addi	sp,sp,-80
 764:	715d                	add	sp,sp,-80
	sw	a0, 0(sp)
 766:	c02a                	sw	a0,0(sp)
	sw	a5, 20(sp)
 768:	ca3e                	sw	a5,20(sp)
	la a5, USB_GPIO_BASE
 76a:	400117b7          	lui	a5,0x40011
 76e:	40078793          	add	a5,a5,1024 # 40011400 <__global_pointer$+0x20010c00>
	c.lw a0, INDR_OFFSET(a5) // MUST check SE0 immediately.
 772:	4788                	lw	a0,8(a5)
	c.andi a0, USB_DMASK
 774:	8961                	and	a0,a0,24

	sw	a1, 4(sp)
 776:	c22e                	sw	a1,4(sp)
	sw	a2, 8(sp)
 778:	c432                	sw	a2,8(sp)
	sw	a3, 12(sp)
 77a:	c636                	sw	a3,12(sp)
	sw	a4, 16(sp)
 77c:	c83a                	sw	a4,16(sp)
	sw	s1, 28(sp)
 77e:	ce26                	sw	s1,28(sp)

	SAVE_DEBUG_MARKER( 48 );
 780:	d812                	sw	tp,48(sp)
	DEBUG_TICK_SETUP
 782:	40013237          	lui	tp,0x40013
 786:	c5820213          	add	tp,tp,-936 # 40012c58 <__global_pointer$+0x20012458>
	c.lw a1, INDR_OFFSET(a5)
 78a:	478c                	lw	a1,8(a5)
	c.andi a1, USB_DMASK;
 78c:	89e1                	and	a1,a1,24

	// Finish jump to se0
	c.beqz a0, handle_se0_keepalive
 78e:	22050963          	beqz	a0,9c0 <handle_se0_keepalive>

	c.lw a0, INDR_OFFSET(a5); c.andi a0, USB_DMASK; bne a0, a1, syncout
 792:	4788                	lw	a0,8(a5)
 794:	8961                	and	a0,a0,24
 796:	02b51b63          	bne	a0,a1,7cc <syncout>
	c.lw a0, INDR_OFFSET(a5); c.andi a0, USB_DMASK; bne a0, a1, syncout
 79a:	4788                	lw	a0,8(a5)
 79c:	8961                	and	a0,a0,24
 79e:	02b51763          	bne	a0,a1,7cc <syncout>
	c.lw a0, INDR_OFFSET(a5); c.andi a0, USB_DMASK; bne a0, a1, syncout
 7a2:	4788                	lw	a0,8(a5)
 7a4:	8961                	and	a0,a0,24
 7a6:	02b51363          	bne	a0,a1,7cc <syncout>
	c.lw a0, INDR_OFFSET(a5); c.andi a0, USB_DMASK; bne a0, a1, syncout
 7aa:	4788                	lw	a0,8(a5)
 7ac:	8961                	and	a0,a0,24
 7ae:	00b51f63          	bne	a0,a1,7cc <syncout>
	c.lw a0, INDR_OFFSET(a5); c.andi a0, USB_DMASK; bne a0, a1, syncout
 7b2:	4788                	lw	a0,8(a5)
 7b4:	8961                	and	a0,a0,24
 7b6:	00b51b63          	bne	a0,a1,7cc <syncout>
	c.lw a0, INDR_OFFSET(a5); c.andi a0, USB_DMASK; bne a0, a1, syncout
 7ba:	4788                	lw	a0,8(a5)
 7bc:	8961                	and	a0,a0,24
 7be:	00b51763          	bne	a0,a1,7cc <syncout>
	c.lw a0, INDR_OFFSET(a5); c.andi a0, USB_DMASK; bne a0, a1, syncout
 7c2:	4788                	lw	a0,8(a5)
 7c4:	8961                	and	a0,a0,24
 7c6:	00b51363          	bne	a0,a1,7cc <syncout>
	c.j syncout
 7ca:	a009                	j	7cc <syncout>

000007cc <syncout>:
syncout:
	sw	s0, 24(sp)
 7cc:	cc22                	sw	s0,24(sp)
	li a2, 0
 7ce:	4601                	li	a2,0
	sw	t0, 32(sp)  // XXX NOTE: This is actually unused register - remove some day?
 7d0:	d016                	sw	t0,32(sp)
	sw	t1, 36(sp)
 7d2:	d21a                	sw	t1,36(sp)

000007d4 <preamble_loop>:
	
	// This is actually somewhat late.
	// The preamble loop should try to make it earlier.
.balign 4
preamble_loop:
	DEBUG_TICK_MARK
 7d4:	00022023          	sw	zero,0(tp) # 0 <InterruptVector>
	c.lw a0, INDR_OFFSET(a5);
 7d8:	4788                	lw	a0,8(a5)
	c.andi a0, USB_DMASK;
 7da:	8961                	and	a0,a0,24
	c.beqz a0, done_usb_message // SE0 here?
 7dc:	18050163          	beqz	a0,95e <done_usb_message>
	c.xor a0, a1;
 7e0:	8d2d                	xor	a0,a0,a1
	c.xor a1, a0; // Recover a1.
 7e2:	8da9                	xor	a1,a1,a0
	j 1f; 1: // 4 cycles?
 7e4:	a009                	j	7e6 <preamble_loop+0x12>
	c.beqz a0, done_preamble
 7e6:	c909                	beqz	a0,7f8 <done_preamble>
	j 1f; 1: // 4 cycles?
 7e8:	a009                	j	7ea <preamble_loop+0x16>
	c.lw s0, INDR_OFFSET(a5);
 7ea:	4780                	lw	s0,8(a5)
	c.andi s0, USB_DMASK;
 7ec:	8861                	and	s0,s0,24
	c.xor s0, a1
 7ee:	8c2d                	xor	s0,s0,a1

	// TRICKY: This helps retime the USB sync.
	// If s0 is nonzero, then it's changed (we're going too slow)
	c.bnez s0, 2f;  // This code takes 6 cycles or 8 cycles, depending.
 7f0:	e011                	bnez	s0,7f4 <preamble_loop+0x20>
	c.j 1f; 1:
 7f2:	a009                	j	7f4 <preamble_loop+0x20>
	2:
	j preamble_loop // 4 cycles
 7f4:	b7c5                	j	7d4 <preamble_loop>
 7f6:	0001                	nop

000007f8 <done_preamble>:
.balign 4
done_preamble:
	sw  t2, 40(sp)
 7f8:	d41e                	sw	t2,40(sp)
	sw  ra, 52(sp)
 7fa:	da06                	sw	ra,52(sp)
	// 16-byte temporary buffer at 56+sp

	// XXX TODO: Do one byte here to determine the header byte and from that set the CRC.
	c.li s1, 8
 7fc:	44a1                	li	s1,8

	// This is the first bit that matters.
	c.li s0, 6 // 1 runs.
 7fe:	4419                	li	s0,6

	c.nop; 
 800:	0001                	nop
 802:	0001                	nop

00000804 <packet_type_loop>:
packet_type_loop:
	// Up here to delay loop a tad, and we need to execute them anyway.
	// TODO: Maybe we could further sync bits here instead of take up time?
	// I.e. can we do what we're doing above, here, and take less time, but sync
	// up when possible.
	li a3, 0xffff // Starting CRC of 0.   Because USB doesn't respect reverse CRCing.
 804:	66c1                	lui	a3,0x10
 806:	16fd                	add	a3,a3,-1 # ffff <rv003usb.c.4b30943f+0xd1f4>
	li a4, 0xa001
 808:	6729                	lui	a4,0xa
 80a:	0705                	add	a4,a4,1 # a001 <rv003usb.c.4b30943f+0x71f6>
	addi  t2, sp, DATA_PTR_OFFSET //rv003usb_internal_data
 80c:	03f10393          	add	t2,sp,63
	la  t0, 0x80
 810:	08000293          	li	t0,128
	c.nop
 814:	0001                	nop
 816:	0001                	nop

	DEBUG_TICK_MARK
 818:	00022023          	sw	zero,0(tp) # 0 <InterruptVector>
	c.lw a0, INDR_OFFSET(a5);
 81c:	4788                	lw	a0,8(a5)
	c.andi a0, USB_DMASK;
 81e:	8961                	and	a0,a0,24
	c.beqz a0, done_usb_message // Not se0 complete, that can't happen here and be valid.
 820:	12050f63          	beqz	a0,95e <done_usb_message>
	c.xor a0, a1;
 824:	8d2d                	xor	a0,a0,a1
	c.xor a1, a0; // Recover a1, for next cycle
 826:	8da9                	xor	a1,a1,a0

	// No CRC for the header.
	//c.srli a0, USB_PIN_DP
	//c.addi a0, 1 // 00 -> 1, 11 -> 100
	//c.andi a0, 1 // If 1, 1 if 0, 0
        c.nop
 828:	0001                	nop
        seqz a0, a0
 82a:	00153513          	seqz	a0,a0

	// Write header into byte in reverse order, because we can.
	c.slli a2, 1
 82e:	0606                	sll	a2,a2,0x1
	c.or a2, a0
 830:	8e49                	or	a2,a2,a0

	// Handle bit stuffing rules.
	c.addi a0, -1 // 0->0xffffffff 1->0
 832:	157d                	add	a0,a0,-1
	c.or s0, a0
 834:	8c49                	or	s0,s0,a0
	c.andi s0, 7
 836:	881d                	and	s0,s0,7
	c.addi s0, -1
 838:	147d                	add	s0,s0,-1
	c.addi s1, -1
 83a:	14fd                	add	s1,s1,-1
	c.bnez s1, packet_type_loop
 83c:	f4e1                	bnez	s1,804 <packet_type_loop>
///////////////////////////////////////////////////////////////////////////////////////
///////////////////////////////////////////////////////////////////////////////////////	

	// XXX Here, figure out CRC polynomial.

	li s1, (USB_BUFFER_SIZE*8) // # of bits we culd read.
 83e:	06000493          	li	s1,96
	//
	// When we get here, packet type is loaded in A2.
	// If packet type is 0xXX01 or 0xXX11
	// the LSBs are the inverted packet type.
	// we can branch off of bit 2.
	andi a0, a2, 0x0c
 842:	00c67513          	and	a0,a2,12

	// if a0 is 1 then it's DATA (full CRC) otherwise,
	// (0) for setup or PARTIAL CRC.
	// Careful:  This has to take a constant amount of time either way the branch goes.
	c.beqz a0, data_crc
 846:	c509                	beqz	a0,850 <data_crc>
	c.li a4, 0x14	
 848:	4751                	li	a4,20
	c.li a3, 0x1e
 84a:	46f9                	li	a3,30
 84c:	00000013          	.word	0x00000013

00000850 <data_crc>:

///////////////////////////////////////////////////////////////////////////////////////
///////////////////////////////////////////////////////////////////////////////////////	
.balign 4
is_end_of_byte:
	HANDLE_EOB_YES
 850:	00c38023          	sb	a2,0(t2)
 854:	00138393          	.word	0x00138393

00000858 <bit_process>:
	// end-of-byte.
.balign 4
bit_process:
	// Debug blip
//	c.lw a4, INDR_OFFSET(a5);
	DEBUG_TICK_MARK
 858:	00022023          	sw	zero,0(tp) # 0 <InterruptVector>
	c.lw a0, INDR_OFFSET(a5);
 85c:	4788                	lw	a0,8(a5)
	c.andi a0, USB_DMASK;
 85e:	8961                	and	a0,a0,24
	c.xor a0, a1;
 860:	8d2d                	xor	a0,a0,a1
#define HANDLE_NEXT_BYTE(is_end_of_byte, jumptype)  \
	c.addi s1, -1; \
	andi a0, s1, 7; /* s1 could be really really big */ \
	c.jumptype a0, is_end_of_byte /* 4 cycles for this section. (Checked) (Sometimes 5)? */ 

	c.beqz a0, handle_one_bit
 862:	c50d                	beqz	a0,88c <handle_one_bit>

00000864 <handle_zero_bit>:
handle_zero_bit:
	c.xor a1, a0; // Recover a1, for next cycle
 864:	8da9                	xor	a1,a1,a0
	// TODO: Do we have time to do time fixup here?
	// Can we resync time here?
	// If they are different, we need to sloowwww dowwwnnn
	// There is some free time.  Could do something interesting here!!!
	// I was thinking we could put the resync code here.
	c.j 1f; 1:  //Delay 4 cycles.
 866:	a009                	j	868 <handle_zero_bit+0x4>

	c.li s0, 6      // reset runs-of-one.
 868:	4419                	li	s0,6
	c.beqz a1, se0_complete
 86a:	c9bd                	beqz	a1,8e0 <se0_complete>

	// Handle CRC (0 bit)  (From @Domkeykong)
	slli a0,a3,31 // Put a3s LSB into a0s MSB
 86c:	01f69513          	sll	a0,a3,0x1f
	c.srai a0,31    // Copy MSB into all other bits
 870:	857d                	sra	a0,a0,0x1f
	c.srli a3,1
 872:	8285                	srl	a3,a3,0x1
	c.and  a0, a4
 874:	8d79                	and	a0,a0,a4
	c.xor  a3, a0
 876:	8ea9                	xor	a3,a3,a0

	c.srli a2, 1;  // shift a2 down by 1
 878:	8205                	srl	a2,a2,0x1
	HANDLE_NEXT_BYTE(is_end_of_byte, beqz)
 87a:	14fd                	add	s1,s1,-1
 87c:	0074f513          	and	a0,s1,7
 880:	d961                	beqz	a0,850 <data_crc>
	c.nop
 882:	0001                	nop
	c.nop
 884:	0001                	nop
	c.nop
 886:	0001                	nop
	c.bnez s1, bit_process // + 4 cycles
 888:	f8e1                	bnez	s1,858 <bit_process>
	c.j done_usb_message
 88a:	a8d1                	j	95e <done_usb_message>

0000088c <handle_one_bit>:


.balign 4
handle_one_bit:
	c.addi s0, -1; // Count # of runs of 1 (subtract 1)
 88c:	147d                	add	s0,s0,-1
	//HANDLE_CRC (1 bit)
	andi a0, a3, 1
 88e:	0016f513          	and	a0,a3,1
	c.addi a0, -1
 892:	157d                	add	a0,a0,-1
	c.and a0, a4
 894:	8d79                	and	a0,a0,a4
	c.srli a3, 1
 896:	8285                	srl	a3,a3,0x1
	c.xor a3, a0
 898:	8ea9                	xor	a3,a3,a0

	c.srli a2, 1;  // shift a2 down by 1
 89a:	8205                	srl	a2,a2,0x1
	ori a2, a2, 0x80
 89c:	08066613          	or	a2,a2,128
	c.beqz s0, handle_bit_stuff;
 8a0:	c811                	beqz	s0,8b4 <handle_bit_stuff>

	HANDLE_NEXT_BYTE(is_end_of_byte, beqz)
 8a2:	14fd                	add	s1,s1,-1
 8a4:	0074f513          	and	a0,s1,7
 8a8:	d545                	beqz	a0,850 <data_crc>
	c.nop // Need extra delay here because we need more time if it's end-of-byte.
 8aa:	0001                	nop
	c.nop
 8ac:	0001                	nop
	c.nop
 8ae:	0001                	nop
	c.bnez s1, bit_process // + 4 cycles
 8b0:	f4c5                	bnez	s1,858 <bit_process>
	c.j done_usb_message
 8b2:	a075                	j	95e <done_usb_message>

000008b4 <handle_bit_stuff>:

handle_bit_stuff:
	// We want to wait a little bit, then read another byte, and make
	// sure everything is well, before heading back into the main loop
	// Debug blip
	HANDLE_NEXT_BYTE(not_is_end_of_byte_and_bit_stuffed, bnez)
 8b4:	14fd                	add	s1,s1,-1
 8b6:	0074f513          	and	a0,s1,7
 8ba:	e509                	bnez	a0,8c4 <not_is_end_of_byte_and_bit_stuffed>
	HANDLE_EOB_YES
 8bc:	00c38023          	sb	a2,0(t2)
 8c0:	00138393          	.word	0x00138393

000008c4 <not_is_end_of_byte_and_bit_stuffed>:

not_is_end_of_byte_and_bit_stuffed:
        DEBUG_TICK_MARK
 8c4:	00022023          	sw	zero,0(tp) # 0 <InterruptVector>
	c.lw a0, INDR_OFFSET(a5);
 8c8:	4788                	lw	a0,8(a5)
	c.andi a0, USB_DMASK;
 8ca:	8961                	and	a0,a0,24
	c.beqz a0, se0_complete
 8cc:	c911                	beqz	a0,8e0 <se0_complete>
	c.xor a0, a1;
 8ce:	8d2d                	xor	a0,a0,a1
	c.xor a1, a0; // Recover a1, for next cycle.
 8d0:	8da9                	xor	a1,a1,a0

	// If A0 is a 0 then that's bad, we just did a bit stuff
        //   and A0 == 0 means there was no signal transition
	c.beqz a0, done_usb_message
 8d2:	c551                	beqz	a0,95e <done_usb_message>

        // Reset bit stuff, delay, then continue onto the next actual bit
	c.li s0, 6;
 8d4:	4419                	li	s0,6

        c.nop;
 8d6:	0001                	nop
	nx6p3delay( 2, a0 )
 8d8:	450d                	li	a0,3
 8da:	157d                	add	a0,a0,-1
 8dc:	fd7d                	bnez	a0,8da <not_is_end_of_byte_and_bit_stuffed+0x16>

	c.bnez s1, bit_process // + 4 cycles
 8de:	fcad                	bnez	s1,858 <bit_process>

000008e0 <se0_complete>:

.balign 4
se0_complete:
	// This is triggered when we finished getting a packet.
	andi a0, s1, 7; // Make sure we received an even number of bytes.
 8e0:	0074f513          	and	a0,s1,7
	c.bnez a0, done_usb_message
 8e4:	ed2d                	bnez	a0,95e <done_usb_message>


	// Special: handle ACKs?
	// Now we have to decide what we're doing based on the
	// packet type.
	addi  a1, sp, DATA_PTR_OFFSET
 8e6:	03f10593          	add	a1,sp,63
 8ea:	2188                	.short	0x2188
	XW_C_LBU(a0, a1, 0);	//lbu  a0, 0(a1)
	c.addi a1, 1
 8ec:	0585                	add	a1,a1,1
	// 1001 => 10010110 => PID IN
	// 0001 => 10000111 => PID_OUT
	// 1101 => 10110100 => SETUP    (OK)

	// a0 contains first 4 bytes.
	la ra, done_usb_message_in // Common return address for all function calls.
 8ee:	00000097          	auipc	ra,0x0
 8f2:	07008093          	add	ra,ra,112 # 95e <done_usb_message>

	// For ACK don't worry about CRC.
	addi a5, a0, -0b01001011
 8f6:	fb550793          	add	a5,a0,-75

	RESTORE_DEBUG_MARKER(48) // restore x4 for whatever in C land.
 8fa:	5242                	lw	tp,48(sp)

	la a4, rv003usb_internal_data
 8fc:	1ffff717          	auipc	a4,0x1ffff
 900:	72470713          	add	a4,a4,1828 # 20000020 <rv003usb_internal_data>

	// ACK doesn't need good CRC.
	c.beqz a5, usb_pid_handle_ack
 904:	c7c9                	beqz	a5,98e <usb_pid_handle_ack>

	// Next, check for tokens.
	c.bnez a3, crc_for_tokens_would_be_bad_maybe_data
 906:	ea85                	bnez	a3,936 <crc_for_tokens_would_be_bad_maybe_data>

00000908 <may_be_a_token>:
 908:	2192                	.short	0x2192
may_be_a_token:
	// Our CRC is 0, so we might be a token.

	// Do token-y things.
	XW_C_LHU( a2, a1, 0 )
	andi a0, a2, 0x7f // addr
 90a:	07f67513          	and	a0,a2,127
	c.srli a2, 7
 90e:	821d                	srl	a2,a2,0x7
	c.andi a2, 0xf    // endp
 910:	8a3d                	and	a2,a2,15
	li s0, ENDPOINTS
 912:	4409                	li	s0,2
	bgeu a2, s0, done_usb_message // Make sure < ENDPOINTS
 914:	04867563          	bgeu	a2,s0,95e <done_usb_message>
	c.beqz a0,  yes_check_tokens
 918:	c501                	beqz	a0,920 <yes_check_tokens>
 91a:	2340                	.short	0x2340
	// Otherwise, we might have our assigned address.
	XW_C_LBU(s0, a4, MY_ADDRESS_OFFSET_BYTES);	//	lbu s0, MY_ADDRESS_OFFSET_BYTES(a4)
	bne s0, a0, done_usb_message // addr != 0 && addr != ours.
 91c:	04a41163          	bne	s0,a0,95e <done_usb_message>

00000920 <yes_check_tokens>:
yes_check_tokens:
	addi a5, a5, (0b01001011-0b10000111)
 920:	fc478793          	add	a5,a5,-60
	c.beqz a5, usb_pid_handle_out
 924:	cfc1                	beqz	a5,9bc <usb_pid_handle_out>
	c.addi a5, (0b10000111-0b10010110)
 926:	17c5                	add	a5,a5,-15
	c.beqz a5, usb_pid_handle_in
 928:	00079463          	bnez	a5,930 <yes_check_tokens+0x10>
 92c:	c75ff06f          	j	5a0 <usb_pid_handle_in>
	c.addi a5, (0b10010110-0b10110100)
 930:	1789                	add	a5,a5,-30
	c.beqz a5, usb_pid_handle_setup
 932:	cbb5                	beqz	a5,9a6 <usb_pid_handle_setup>

	c.j done_usb_message_in
 934:	a02d                	j	95e <done_usb_message>

00000936 <crc_for_tokens_would_be_bad_maybe_data>:

	// CRC is nonzero. (Good for Data packets)
crc_for_tokens_would_be_bad_maybe_data:
	li s0, 0xb001  // UGH: You can't use the CRC16 in reverse :(
 936:	642d                	lui	s0,0xb
 938:	0405                	add	s0,s0,1 # b001 <rv003usb.c.4b30943f+0x81f6>
	c.sub a3, s0
 93a:	8e81                	sub	a3,a3,s0
	c.bnez a3, done_usb_message_in
 93c:	e28d                	bnez	a3,95e <done_usb_message>
	// Good CRC!!
	sub a3, t2, a1 //a3 = # of bytes read..
 93e:	40b386b3          	sub	a3,t2,a1
	c.addi a3, 1
 942:	0685                	add	a3,a3,1
	addi a5, a5, (0b01001011-0b11000011)
 944:	f8878793          	add	a5,a5,-120
	c.li a2, 0
 948:	4601                	li	a2,0
	c.beqz a5, usb_pid_handle_data
 94a:	00079463          	bnez	a5,952 <crc_for_tokens_would_be_bad_maybe_data+0x1c>
 94e:	d23ff06f          	j	670 <usb_pid_handle_data>
	c.addi a5, (0b11000011-0b11010010)
 952:	17c5                	add	a5,a5,-15
	c.li a2, 1
 954:	4605                	li	a2,1
	c.beqz a5, usb_pid_handle_data
 956:	00079463          	bnez	a5,95e <done_usb_message>
 95a:	d17ff06f          	j	670 <usb_pid_handle_data>

0000095e <done_usb_message>:

done_usb_message:
done_usb_message_in:
	lw	s0, 24(sp)
 95e:	4462                	lw	s0,24(sp)
	lw	s1, 28(sp)
 960:	44f2                	lw	s1,28(sp)
	lw	t0, 32(sp)
 962:	5282                	lw	t0,32(sp)
	lw	t1, 36(sp)
 964:	5312                	lw	t1,36(sp)
	lw	t2, 40(sp)
 966:	53a2                	lw	t2,40(sp)
	lw  ra, 52(sp)
 968:	50d2                	lw	ra,52(sp)

0000096a <ret_from_se0>:

ret_from_se0:
	lw	s1, 28(sp)
 96a:	44f2                	lw	s1,28(sp)
	RESTORE_DEBUG_MARKER(48)
 96c:	5242                	lw	tp,48(sp)
	lw	a2, 8(sp)
 96e:	4622                	lw	a2,8(sp)
	lw	a3, 12(sp)
 970:	46b2                	lw	a3,12(sp)
	lw	a4, 16(sp)
 972:	4742                	lw	a4,16(sp)
	lw	a1, 4(sp)
 974:	4592                	lw	a1,4(sp)

00000976 <interrupt_complete>:

interrupt_complete:
	// Acknowledge interrupt.
	// EXTI->INTFR = 1<<4
	c.j 1f; 1: // Extra little bit of delay to make sure we don't accidentally false fire.
 976:	a009                	j	978 <interrupt_complete+0x2>

	la a5, EXTI_BASE + 20
 978:	400107b7          	lui	a5,0x40010
 97c:	41478793          	add	a5,a5,1044 # 40010414 <__global_pointer$+0x2000fc14>
	li a0, (1<<USB_PIN_DM)
 980:	4541                	li	a0,16
	sw a0, 0(a5)
 982:	c388                	sw	a0,0(a5)

	// Restore stack.
	lw	a0, 0(sp)
 984:	4502                	lw	a0,0(sp)
	lw	a5, 20(sp)
 986:	47d2                	lw	a5,20(sp)
	addi	sp,sp,80
 988:	6161                	add	sp,sp,80
	mret
 98a:	30200073          	mret

0000098e <usb_pid_handle_ack>:
	return;
}
*/

usb_pid_handle_ack:
	c.lw a2, 0(a4) //ist->current_endpoint -> endp;
 98e:	4310                	lw	a2,0(a4)
	c.slli a2, 5
 990:	0616                	sll	a2,a2,0x5
	c.add a2, a4
 992:	963a                	add	a2,a2,a4
	c.addi a2, ENDP_OFFSET // usb_endpoint eps[ENDPOINTS];
 994:	0671                	add	a2,a2,28 # 8000001c <__global_pointer$+0x5ffff81c>

	c.lw a0, (EP_TOGGLE_IN_OFFSET)(a2) // toggle_in=!toggle_in
 996:	4248                	lw	a0,4(a2)
	c.li a1, 1
 998:	4585                	li	a1,1
	c.xor a0, a1
 99a:	8d2d                	xor	a0,a0,a1
	c.sw a0, (EP_TOGGLE_IN_OFFSET)(a2)
 99c:	c248                	sw	a0,4(a2)

	c.lw a0, (EP_COUNT_OFFSET)(a2) // count_in
 99e:	4208                	lw	a0,0(a2)
	c.addi a0, 1
 9a0:	0505                	add	a0,a0,1
	c.sw a0, (EP_COUNT_OFFSET)(a2)
 9a2:	c208                	sw	a0,0(a2)

	c.j done_usb_message_in
 9a4:	bf6d                	j	95e <done_usb_message>

000009a6 <usb_pid_handle_setup>:
	e->count = 0;
	e->toggle_in = 1;
	ist->setup_request = 1;
}*/
usb_pid_handle_setup:
	c.sw a2, 0(a4) // ist->current_endpoint = endp
 9a6:	c310                	sw	a2,0(a4)
	c.li a1, 1
 9a8:	4585                	li	a1,1
	c.sw a1, SETUP_REQUEST_OFFSET(a4) //ist->setup_request = 1;
 9aa:	c70c                	sw	a1,8(a4)
	c.slli a2, 3+2
 9ac:	0616                	sll	a2,a2,0x5
	c.add a2, a4
 9ae:	963a                	add	a2,a2,a4
	c.sw a1, (ENDP_OFFSET+EP_TOGGLE_IN_OFFSET)(a2) //e->toggle_in = 1;
 9b0:	d20c                	sw	a1,32(a2)
	c.li a1, 0
 9b2:	4581                	li	a1,0
	c.sw a1, (ENDP_OFFSET+EP_COUNT_OFFSET)(a2)  //e->count = 0;
 9b4:	ce4c                	sw	a1,28(a2)
	c.sw a1, (ENDP_OFFSET+EP_OPAQUE_OFFSET)(a2)  //e->opaque = 0;
 9b6:	de0c                	sw	a1,56(a2)
	c.sw a1, (ENDP_OFFSET+EP_TOGGLE_OUT_OFFSET)(a2) //e->toggle_out = 0;
 9b8:	d24c                	sw	a1,36(a2)
	c.j done_usb_message_in	
 9ba:	b755                	j	95e <done_usb_message>

000009bc <usb_pid_handle_out>:
 9bc:	a310                	.short	0xa310
//This will correctly swap back the endpoint.
usb_pid_handle_out:
	//void usb_pid_handle_out( uint32_t addr, uint8_t * data, uint32_t endp, uint32_t unused, struct rv003usb_internal * ist )	
	//sb a2, 0(a4) //ist->current_endpoint = endp;
	XW_C_SB( a2, a4, 0 ); // current_endpoint = endp
	c.j done_usb_message_in
 9be:	b745                	j	95e <done_usb_message>

000009c0 <handle_se0_keepalive>:

handle_se0_keepalive:
	// In here, we want to do smart stuff with the
	// 1ms tick.

	la  a0, SYSTICK_CNT
 9c0:	e000f537          	lui	a0,0xe000f
 9c4:	0521                	add	a0,a0,8 # e000f008 <__global_pointer$+0xc000e808>
	la a4, rv003usb_internal_data
 9c6:	1ffff717          	auipc	a4,0x1ffff
 9ca:	65a70713          	add	a4,a4,1626 # 20000020 <rv003usb_internal_data>
	c.lw a1, LAST_SE0_OFFSET(a4) //last cycle count   last_se0_cyccount
 9ce:	4b0c                	lw	a1,16(a4)
	c.lw a2, 0(a0) //this cycle count
 9d0:	4110                	lw	a2,0(a0)
	c.sw a2, LAST_SE0_OFFSET(a4) //store it back to last_se0_cyccount
 9d2:	cb10                	sw	a2,16(a4)
	c.sub a2, a1
 9d4:	8e0d                	sub	a2,a2,a1
	c.sw a2, DELTA_SE0_OFFSET(a4) //record delta_se0_cyccount
 9d6:	cb50                	sw	a2,20(a4)

	li a1, 48000
 9d8:	65b1                	lui	a1,0xc
 9da:	b8058593          	add	a1,a1,-1152 # bb80 <rv003usb.c.4b30943f+0x8d75>
	c.sub a2, a1
 9de:	8e0d                	sub	a2,a2,a1
	// This is our deviance from 48MHz.

	// Make sure we aren't in left field.
	li a5, 4000
 9e0:	6785                	lui	a5,0x1
 9e2:	fa078793          	add	a5,a5,-96 # fa0 <_data_lma+0x2ac>
	bge a2, a5, ret_from_se0
 9e6:	f8f652e3          	bge	a2,a5,96a <ret_from_se0>
	li a5, -4000
 9ea:	77fd                	lui	a5,0xfffff
 9ec:	06078793          	add	a5,a5,96 # fffff060 <__global_pointer$+0xdfffe860>
	blt a2, a5, ret_from_se0
 9f0:	f6f64de3          	blt	a2,a5,96a <ret_from_se0>

	c.lw a1, SE0_WINDUP_OFFSET(a4) // load windup se0_windup
 9f4:	4f0c                	lw	a1,24(a4)
	c.add a1, a2
 9f6:	95b2                	add	a1,a1,a2
	c.sw a1, SE0_WINDUP_OFFSET(a4) // save windup
 9f8:	cf0c                	sw	a1,24(a4)

	// No further adjustments
	beqz a1, ret_from_se0
 9fa:	d9a5                	beqz	a1,96a <ret_from_se0>

	// 0x40021000 = RCC.CTLR
	la a4, 0x40021000
 9fc:	40021737          	lui	a4,0x40021
	lw a0, 0(a4)
 a00:	4308                	lw	a0,0(a4)
	srli a2, a0, 3 // Extract HSI Trim.
 a02:	00355613          	srl	a2,a0,0x3
	andi a2, a2, 0b11111
 a06:	8a7d                	and	a2,a2,31
	li a5, 0xffffff07  
 a08:	f0700793          	li	a5,-249
	and a0, a0, a5	// Mask off non-HSI
 a0c:	8d7d                	and	a0,a0,a5

	// Decimate windup - use as HSIrim.
	neg a1, a1
 a0e:	40b005b3          	neg	a1,a1
	srai a2, a1, 9
 a12:	4095d613          	sra	a2,a1,0x9
	addi a2, a2, 16  // add HSI offset.
 a16:	0641                	add	a2,a2,16

	// Put trim in place in register.
	slli a2, a2, 3
 a18:	060e                	sll	a2,a2,0x3
	or a0, a0, a2
 a1a:	8d51                	or	a0,a0,a2
	sw a0, 0(a4)
 a1c:	c308                	sw	a0,0(a4)

	j ret_from_se0
 a1e:	b7b1                	j	96a <ret_from_se0>

00000a20 <usb_send_empty>:


.balign 4
//void usb_send_empty( uint32_t token );
usb_send_empty:
	c.mv a3, a0
 a20:	86aa                	mv	a3,a0
	la a0, always0
 a22:	00000517          	auipc	a0,0x0
 a26:	13a50513          	add	a0,a0,314 # b5c <always0>
	li a1, 2
 a2a:	4589                	li	a1,2
	c.mv a2, a1
 a2c:	862e                	mv	a2,a1

00000a2e <usb_send_data>:
//void usb_send_data( uint8_t * data, uint32_t length, uint32_t poly_function, uint32_t token );
usb_send_data:
	addi	sp,sp,-16
 a2e:	1141                	add	sp,sp,-16
	sw	s0, 0(sp)
 a30:	c022                	sw	s0,0(sp)
	sw	s1, 4(sp)
 a32:	c226                	sw	s1,4(sp)

	la a5, USB_GPIO_BASE
 a34:	400117b7          	lui	a5,0x40011
 a38:	40078793          	add	a5,a5,1024 # 40011400 <__global_pointer$+0x20010c00>

	// ASAP: Turn the bus around and send our preamble + token.
	c.lw a4, CFGLR_OFFSET(a5)
 a3c:	4398                	lw	a4,0(a5)

	li s1, ~((0b1111<<(USB_PIN_DP*4)) | (0b1111<<(USB_PIN_DM*4)))
 a3e:	fff014b7          	lui	s1,0xfff01
 a42:	14fd                	add	s1,s1,-1 # fff00fff <__global_pointer$+0xdff007ff>
	and a4, s1, a4
 a44:	8f65                	and	a4,a4,s1

	// Convert D+/D- into 2MHz outputs
	li s1, ((0b0010<<(USB_PIN_DP*4)) | (0b0010<<(USB_PIN_DM*4)))
 a46:	000224b7          	lui	s1,0x22
	or a4, s1, a4
 a4a:	8f45                	or	a4,a4,s1

	li s1, (1<<USB_PIN_DP) | (1<<(USB_PIN_DM+16))
 a4c:	001004b7          	lui	s1,0x100
 a50:	04a1                	add	s1,s1,8 # 100008 <rv003usb.c.4b30943f+0xfd1fd>
	c.sw s1, BSHR_OFFSET(a5)
 a52:	cb84                	sw	s1,16(a5)

	//00: Universal push-pull output mode
	c.sw a4, CFGLR_OFFSET(a5)
 a54:	c398                	sw	a4,0(a5)

	li t1, (1<<USB_PIN_DP) | (1<<(USB_PIN_DM+16)) | (1<<USB_PIN_DM) | (1<<(USB_PIN_DP+16));
 a56:	00180337          	lui	t1,0x180
 a5a:	0361                	add	t1,t1,24 # 180018 <rv003usb.c.4b30943f+0x17d20d>

	SAVE_DEBUG_MARKER( 8 )
 a5c:	c412                	sw	tp,8(sp)

	// Save off our preamble and token.
	c.slli a3, 7     //Put token further up so it gets sent later.
 a5e:	069e                	sll	a3,a3,0x7
	ori s0, a3, 0x40  
 a60:	0406e413          	or	s0,a3,64

	li t0, 0x0000
 a64:	4281                	li	t0,0
	c.bnez a2, done_poly_check
 a66:	e609                	bnez	a2,a70 <done_poly_check>
	li t0, 0xa001
 a68:	62a9                	lui	t0,0xa
 a6a:	0285                	add	t0,t0,1 # a001 <rv003usb.c.4b30943f+0x71f6>
	li a2, 0xffff
 a6c:	6641                	lui	a2,0x10
 a6e:	167d                	add	a2,a2,-1 # ffff <rv003usb.c.4b30943f+0xd1f4>

00000a70 <done_poly_check>:
done_poly_check:

	c.slli a1, 3 // bump up one extra to be # of bits
 a70:	058e                	sll	a1,a1,0x3
	mv t2, a1
 a72:	83ae                	mv	t2,a1

	// t0 is our polynomial
	// a2 is our running CRC.
	// a3 is our token.
	DEBUG_TICK_SETUP
 a74:	40013237          	lui	tp,0x40013
 a78:	c5820213          	add	tp,tp,-936 # 40012c58 <__global_pointer$+0x20012458>

	c.li a4, 6 // reset bit stuffing.
 a7c:	4719                	li	a4,6
	c.li a1, 15 // 15 bits.
 a7e:	45bd                	li	a1,15

	//c.nop; c.nop; c.nop;
	c.j pre_and_tok_send_inner_loop
 a80:	a011                	j	a84 <pre_and_tok_send_inner_loop>
 a82:	0001                	nop

00000a84 <pre_and_tok_send_inner_loop>:
		* We have to decrement our bit stuffing index.
		* If it is 0, we can reset our bit stuffing index.
	*/

	// a3 is now the lsb of s0 (the 'next bit' to read out)
	c.mv a3, s0
 a84:	86a2                	mv	a3,s0
	c.srli s0, 1 // Shift down into the next bit.
 a86:	8005                	srl	s0,s0,0x1
	c.andi a3, 1
 a88:	8a85                	and	a3,a3,1
	// If a3 is 0, we should FLIP
	// if a3 is 1, we should NOT flip.

	c.addi a4, -1
 a8a:	177d                	add	a4,a4,-1 # 40020fff <__global_pointer$+0x200207ff>
	c.bnez a3, pre_and_tok_send_one_bit
 a8c:	e681                	bnez	a3,a94 <pre_and_tok_send_one_bit>
//Send 0 bit. (Flip)
	// Flip s1 (our bshr setting) by xoring it.
	// 10.....01
	// 11.....11 (xor with)
	// 01.....10
	xor s1, s1, t1
 a8e:	0064c4b3          	xor	s1,s1,t1
	c.li a4, 6 // reset bit stuffing.
 a92:	4719                	li	a4,6

00000a94 <pre_and_tok_send_one_bit>:
	// DO NOT flip.  Allow a4 to increment.
// Deliberately unaligned for timing purposes.
.balign 4
pre_and_tok_send_one_bit:
	sw s1, BSHR_OFFSET(a5)
 a94:	cb84                	sw	s1,16(a5)
	//Bit stuffing doesn't happen.
	c.addi a1, -1
 a96:	15fd                	add	a1,a1,-1
	c.beqz a1, pre_and_tok_done_sending_data
 a98:	c591                	beqz	a1,aa4 <pre_and_tok_done_sending_data>
	nx6p3delay( 2, a3 );	c.nop;             // Free time!
 a9a:	468d                	li	a3,3
 a9c:	16fd                	add	a3,a3,-1
 a9e:	fefd                	bnez	a3,a9c <pre_and_tok_send_one_bit+0x8>
 aa0:	0001                	nop
	c.j pre_and_tok_send_inner_loop
 aa2:	b7cd                	j	a84 <pre_and_tok_send_inner_loop>

00000aa4 <pre_and_tok_done_sending_data>:
////////////////////////////////////////////////////////////////////////////

	// We have very little time here.  Just enough to do this.

	//Restore size.
	mv a1, t2//lw  a1, 12(sp)
 aa4:	859e                	mv	a1,t2
	c.beqz a1, no_really_done_sending_data  //No actual payload?  Bail!
 aa6:	c5ad                	beqz	a1,b10 <no_really_done_sending_data>
	c.addi a1, -1
 aa8:	15fd                	add	a1,a1,-1
//	beqz t2, no_really_done_sending_data 

	bnez t0, done_poly_check2
 aaa:	00029463          	bnez	t0,ab2 <done_poly_check2>
	li a2, 0xffff
 aae:	6641                	lui	a2,0x10
 ab0:	167d                	add	a2,a2,-1 # ffff <rv003usb.c.4b30943f+0xd1f4>

00000ab2 <done_poly_check2>:
 ab2:	0001                	nop

00000ab4 <load_next_byte>:
 ab4:	2100                	.short	0x2100
	// CH32v003 has the XW extension.
	// this replaces: lb s0, 0(a0)
	XW_C_LBU(s0, a0, 0);
	//lb s0, 0(a0)
	//	.long 0x00150513 // addi a0, a0, 1  (For alignment's sake)
	c.addi a0, 1
 ab6:	0505                	add	a0,a0,1

00000ab8 <send_inner_loop>:
		* We have to decrement our bit stuffing index.
		* If it is 0, we can reset our bit stuffing index.
	*/

	// a3 is now the lsb of s0 (the 'next bit' to read out)
	c.mv a3, s0
 ab8:	86a2                	mv	a3,s0
	c.andi a3, 1
 aba:	8a85                	and	a3,a3,1
	// If a3 is 0, we should FLIP
	// if a3 is 1, we should NOT flip.
	c.beqz a3, send_zero_bit
 abc:	ce81                	beqz	a3,ad4 <send_zero_bit>
	c.srli s0, 1 // Shift down into the next bit.
 abe:	8005                	srl	s0,s0,0x1
//send_one_bit:
	//HANDLE_CRC (1 bit)
	andi a3, a2, 1
 ac0:	00167693          	and	a3,a2,1
	c.addi a3, -1
 ac4:	16fd                	add	a3,a3,-1
	and a3, a3, t0
 ac6:	0056f6b3          	and	a3,a3,t0
	c.srli a2, 1
 aca:	8205                	srl	a2,a2,0x1
	c.xor a2, a3
 acc:	8e35                	xor	a2,a2,a3

	c.addi a4, -1
 ace:	177d                	add	a4,a4,-1
	c.beqz a4, insert_stuffed_bit
 ad0:	cf25                	beqz	a4,b48 <insert_stuffed_bit>
	c.j cont_after_jump
 ad2:	a829                	j	aec <cont_after_jump>

00000ad4 <send_zero_bit>:
//Send 0 bit. (Flip)
.balign 4
send_zero_bit:
	c.srli s0, 1 // Shift down into the next bit.
 ad4:	8005                	srl	s0,s0,0x1
	// a3 is temp
	// t0 is polynomial.

	// XXX WARNING: this was by https://github.com/cnlohr/rv003usb/issues/7 
	// TODO Check me!
	slli a3,a2,31 // Put a3s LSB into a0s MSB
 ad6:	01f61693          	sll	a3,a2,0x1f
	c.srai a3,31    // Copy MSB into all other bits
 ada:	86fd                	sra	a3,a3,0x1f

	// Flip s1 (our bshr setting) by xoring it.
	// 10.....01
	// 11.....11 (xor with)
	// 01.....10
	xor s1, s1, t1
 adc:	0064c4b3          	xor	s1,s1,t1
	sw s1, BSHR_OFFSET(a5)
 ae0:	cb84                	sw	s1,16(a5)

	c.li a4, 6 // reset bit stuffing.
 ae2:	4719                	li	a4,6

	// XXX XXX CRC down here to make bit stuffing timings line up.
	c.srli a2,1
 ae4:	8205                	srl	a2,a2,0x1
	and a3,a3,t0
 ae6:	0056f6b3          	and	a3,a3,t0
	c.xor  a2,a3 
 aea:	8e35                	xor	a2,a2,a3

00000aec <cont_after_jump>:

.balign 4
cont_after_jump:
send_end_bit_complete:
	c.beqz a1, done_sending_data
 aec:	c981                	beqz	a1,afc <done_sending_data>
	andi a3, a1, 7
 aee:	0075f693          	and	a3,a1,7
	c.addi a1, -1
 af2:	15fd                	add	a1,a1,-1
	c.beqz a3, load_next_byte
 af4:	d2e1                	beqz	a3,ab4 <load_next_byte>
	// Wait an extra few cycles.
	c.j 1f; 1:
 af6:	a009                	j	af8 <cont_after_jump+0xc>
	c.j send_inner_loop
 af8:	b7c1                	j	ab8 <send_inner_loop>
 afa:	0001                	nop

00000afc <done_sending_data>:

.balign 4
done_sending_data:
	// BUT WAIT!! MAYBE WE NEED TO CRC!
	beqz t0, no_really_done_sending_data
 afc:	00028a63          	beqz	t0,b10 <no_really_done_sending_data>
	srli t0, t0, 8 // reset poly - we don't want it anymore.
 b00:	0082d293          	srl	t0,t0,0x8
	li a1, 7 // Load 8 more bits out
 b04:	459d                	li	a1,7
	beqz t0, send_inner_loop  //Second CRC byte
 b06:	fa0289e3          	beqz	t0,ab8 <send_inner_loop>
	// First CRC byte
	not s0, a2 // get read to send out the CRC.
 b0a:	fff64413          	not	s0,a2
	c.j send_inner_loop
 b0e:	b76d                	j	ab8 <send_inner_loop>

00000b10 <no_really_done_sending_data>:
.balign 4
no_really_done_sending_data:

//	c.bnez a2, poly_function  TODO: Uncomment me!

	nx6p3delay( 2, a3 );
 b10:	468d                	li	a3,3
 b12:	16fd                	add	a3,a3,-1
 b14:	fefd                	bnez	a3,b12 <no_really_done_sending_data+0x2>

	// Need to perform an SE0.
	li s1, (1<<(USB_PIN_DM+16)) | (1<<(USB_PIN_DP+16))
 b16:	001804b7          	lui	s1,0x180
	c.sw s1, BSHR_OFFSET(a5)
 b1a:	cb84                	sw	s1,16(a5)

	nx6p3delay( 7, a3 );
 b1c:	46a1                	li	a3,8
 b1e:	16fd                	add	a3,a3,-1
 b20:	fefd                	bnez	a3,b1e <no_really_done_sending_data+0xe>

	li s1, (1<<(USB_PIN_DM)) | (1<<(USB_PIN_DP+16))
 b22:	000804b7          	lui	s1,0x80
 b26:	04c1                	add	s1,s1,16 # 80010 <rv003usb.c.4b30943f+0x7d205>
	c.sw s1, BSHR_OFFSET(a5)
 b28:	cb84                	sw	s1,16(a5)

	lw s1, CFGLR_OFFSET(a5)
 b2a:	4384                	lw	s1,0(a5)
	// Convert D+/D- into inputs.
	li a3, ~((0b11<<(USB_PIN_DP*4)) | (0b11<<(USB_PIN_DM*4)))
 b2c:	fffcd6b7          	lui	a3,0xfffcd
 b30:	16fd                	add	a3,a3,-1 # fffccfff <__global_pointer$+0xdffcc7ff>
	and s1, a3, s1
 b32:	8cf5                	and	s1,s1,a3
	// 01: Floating input mode.
	li a3, ((0b01<<(USB_PIN_DP*4+2)) | (0b01<<(USB_PIN_DM*4+2)))
 b34:	000446b7          	lui	a3,0x44
	or s1, a3, s1
 b38:	8cd5                	or	s1,s1,a3
	sw s1, CFGLR_OFFSET(a5)
 b3a:	c384                	sw	s1,0(a5)

	lw	s0, 0(sp)
 b3c:	4402                	lw	s0,0(sp)
	lw	s1, 4(sp)
 b3e:	4492                	lw	s1,4(sp)
	RESTORE_DEBUG_MARKER( 8 )
 b40:	4222                	lw	tp,8(sp)
	addi	sp,sp,16
 b42:	0141                	add	sp,sp,16
	ret
 b44:	8082                	ret
 b46:	0001                	nop

00000b48 <insert_stuffed_bit>:

.balign 4
// TODO: This seems to be either 222 or 226 (not 224) in cases.
// It's off by 2 clock cycles.  Probably OK, but, hmm.
insert_stuffed_bit:
	nx6p3delay(3, a3)
 b48:	4691                	li	a3,4
 b4a:	16fd                	add	a3,a3,-1 # 43fff <rv003usb.c.4b30943f+0x411f4>
 b4c:	fefd                	bnez	a3,b4a <insert_stuffed_bit+0x2>
	xor s1, s1, t1
 b4e:	0064c4b3          	xor	s1,s1,t1
	c.li a4, 6 // reset bit stuffing.
 b52:	4719                	li	a4,6
	c.nop
 b54:	0001                	nop
	c.nop
 b56:	0001                	nop
	sw s1, BSHR_OFFSET(a5)
 b58:	cb84                	sw	s1,16(a5)
	c.j send_end_bit_complete
 b5a:	bf49                	j	aec <cont_after_jump>

00000b5c <always0>:
 b5c:	00000000          	.word	0x00000000

00000b60 <string3>:
 b60:	00300308 00300030 00000000              ..0.0.0.....

00000b6c <string2>:
 b6c:	00500310 006b0069 004b006f 00790065     ..P.i.k.o.K.e.y.
 b7c:	00000000                                ....

00000b80 <string1>:
 b80:	00500312 006f0072 0079006b 00650062     ..P.r.o.k.y.b.e.
 b90:	00000072                                r...

00000b94 <string0>:
 b94:	04090304                                ....

00000b98 <keyboard_hid_desc>:
 b98:	06090105 017501a1 07050895 e729e019     ......u.......).
 ba8:	01250015 01950281 03810875 01750595     ..%.....u.....u.
 bb8:	01190805 02910529 03750195 06950391     ....).....u.....
 bc8:	00150875 0705a725 a7290019 00c00081     u...%.....).....

00000bd8 <config_descriptor>:
 bd8:	00220209 80000101 00040964 01030100     ..".....d.......
 be8:	21090001 01000110 07003f22 08038105     ...!...."?......
 bf8:	00000a00                                ....

00000bfc <device_descriptor>:
 bfc:	01100112 08000000 13b916d0 02010002     ................
 c0c:	00000103                                ....

00000c10 <descriptor_list>:
 c10:	00000100 00000bfc 00000012 00000200     ................
 c20:	00000bd8 00000022 00002200 00000b98     ...."...."......
 c30:	0000003f 00000300 00000b94 00000004     ?...............
 c40:	04090301 00000b80 00000012 04090302     ................
 c50:	00000b6c 00000010 04090303 00000b60     l...........`...
 c60:	00000008                                ....

00000c64 <keymap>:
 c64:	081a142b 181c1715 2a13120c 071604e0     +..........*....
 c74:	0d0b0a09 34330f0e 061b1de1 10110519     ......34........
 c84:	28383736 e3e0e271 732c2c72 71e2e3e3     678(q...r,,s...q
 c94:	3c3b3a70 403f3e3d 4c434241 70454470     p:;<=>?@ABCLpDEp
 ca4:	51507070 4a4b4f52 70707070 70707070     ppPQROKJpppppppp
 cb4:	4d4e7070 70707070 70707070 70707070     ppNMpppppppppppp
 cc4:	201f1e35 24232221 70272625 70707070     5.. !"#$%&'ppppp
 cd4:	2d707070 31302f2e 70707070 70707070     ppp-./01pppppppp
 ce4:	70707070 70707070 70707070 70707070     pppppppppppppppp
