Archive member included to satisfy reference by file (symbol)

../ch32v003fun/ch32fun/../misc/libgcc.a(div.o)
                              /tmp/ccYqZtT2.ltrans0.ltrans.o (__udivsi3)

Discarded input sections

 .text          0x00000000        0x0 /tmp/ccYqZtT2.ltrans0.ltrans.o
 .data          0x00000000        0x0 /tmp/ccYqZtT2.ltrans0.ltrans.o
 .bss           0x00000000        0x0 /tmp/ccYqZtT2.ltrans0.ltrans.o
 .text.mini_pad
                0x00000000       0xa0 /tmp/ccYqZtT2.ltrans0.ltrans.o
 .text._puts    0x00000000       0x40 /tmp/ccYqZtT2.ltrans0.ltrans.o
 .text.mini_itoa.part.0
                0x00000000       0xca /tmp/ccYqZtT2.ltrans0.ltrans.o
 .text.internal_handle_input.constprop.0
                0x00000000        0xa /tmp/ccYqZtT2.ltrans0.ltrans.o
 .text._write.constprop.0
                0x00000000      0x100 /tmp/ccYqZtT2.ltrans0.ltrans.o
 .text.__puts_uart
                0x00000000       0x1a /tmp/ccYqZtT2.ltrans0.ltrans.o
 .text.strlen   0x00000000       0x12 /tmp/ccYqZtT2.ltrans0.ltrans.o
 .text.mini_vpprintf
                0x00000000      0x1e0 /tmp/ccYqZtT2.ltrans0.ltrans.o
 .text.printf   0x00000000       0x30 /tmp/ccYqZtT2.ltrans0.ltrans.o
 .text.vprintf  0x00000000       0x16 /tmp/ccYqZtT2.ltrans0.ltrans.o
 .text.mini_vsnprintf
                0x00000000       0x44 /tmp/ccYqZtT2.ltrans0.ltrans.o
 .text.snprintf
                0x00000000       0x1c /tmp/ccYqZtT2.ltrans0.ltrans.o
 .text.sprintf  0x00000000       0x28 /tmp/ccYqZtT2.ltrans0.ltrans.o
 .text.memset   0x00000000       0x12 /tmp/ccYqZtT2.ltrans0.ltrans.o
 .text.strcpy   0x00000000       0x14 /tmp/ccYqZtT2.ltrans0.ltrans.o
 .text.strncpy  0x00000000       0x1c /tmp/ccYqZtT2.ltrans0.ltrans.o
 .text.strcmp   0x00000000       0x1a /tmp/ccYqZtT2.ltrans0.ltrans.o
 .text.strncmp  0x00000000       0x2e /tmp/ccYqZtT2.ltrans0.ltrans.o
 .text.strchr   0x00000000       0x30 /tmp/ccYqZtT2.ltrans0.ltrans.o
 .text.strrchr  0x00000000       0x3c /tmp/ccYqZtT2.ltrans0.ltrans.o
 .text.memcpy   0x00000000       0x1c /tmp/ccYqZtT2.ltrans0.ltrans.o
 .text.memcmp   0x00000000       0x20 /tmp/ccYqZtT2.ltrans0.ltrans.o
 .text.memmove  0x00000000       0x5e /tmp/ccYqZtT2.ltrans0.ltrans.o
 .text.memchr   0x00000000       0x1a /tmp/ccYqZtT2.ltrans0.ltrans.o
 .text.strnlen  0x00000000       0x2a /tmp/ccYqZtT2.ltrans0.ltrans.o
 .text.twoway_strstr
                0x00000000      0x23e /tmp/ccYqZtT2.ltrans0.ltrans.o
 .text.strstr   0x00000000      0x136 /tmp/ccYqZtT2.ltrans0.ltrans.o
 .rodata.puts.str1.4
                0x00000000        0x2 /tmp/ccYqZtT2.ltrans0.ltrans.o
 .text.puts     0x00000000       0x40 /tmp/ccYqZtT2.ltrans0.ltrans.o
 .text.setjmp   0x00000000       0x10 /tmp/ccYqZtT2.ltrans0.ltrans.o
 .text.longjmp  0x00000000       0x14 /tmp/ccYqZtT2.ltrans0.ltrans.o
 .text.putchar  0x00000000       0x70 /tmp/ccYqZtT2.ltrans0.ltrans.o
 .data.APBAHBPrescTable.lto_priv.0
                0x00000000       0x10 /tmp/ccYqZtT2.ltrans0.ltrans.o
 .data.ADCPrescTable.lto_priv.0
                0x00000000       0x14 /tmp/ccYqZtT2.ltrans0.ltrans.o
 .data.APBAHBPrescTable.lto_priv.1
                0x00000000       0x10 /tmp/ccYqZtT2.ltrans0.ltrans.o
 .data.ADCPrescTable.lto_priv.1
                0x00000000       0x14 /tmp/ccYqZtT2.ltrans0.ltrans.o
 .data.APBAHBPrescTable.lto_priv.2
                0x00000000       0x10 /tmp/ccYqZtT2.ltrans0.ltrans.o
 .data.ADCPrescTable.lto_priv.2
                0x00000000       0x14 /tmp/ccYqZtT2.ltrans0.ltrans.o
 .comment       0x00000000       0x1f /tmp/ccYqZtT2.ltrans0.ltrans.o
 .comment       0x00000000       0x1f /tmp/ccv0GrAs.debug.temp.o
 .comment       0x00000000       0x1f /tmp/cc2gEXlz.debug.temp.o
 .comment       0x00000000       0x1f /tmp/ccaqrnlc.debug.temp.o
 .text          0x00000000        0x0 /tmp/ccV0HZwf.o
 .data          0x00000000        0x0 /tmp/ccV0HZwf.o
 .bss           0x00000000        0x0 /tmp/ccV0HZwf.o
 .text          0x00000000       0x80 ../ch32v003fun/ch32fun/../misc/libgcc.a(div.o)
 .data          0x00000000        0x0 ../ch32v003fun/ch32fun/../misc/libgcc.a(div.o)
 .bss           0x00000000        0x0 ../ch32v003fun/ch32fun/../misc/libgcc.a(div.o)
 .debug_line    0x00000000      0x153 ../ch32v003fun/ch32fun/../misc/libgcc.a(div.o)
 .debug_line_str
                0x00000000       0x92 ../ch32v003fun/ch32fun/../misc/libgcc.a(div.o)
 .debug_info    0x00000000       0x5d ../ch32v003fun/ch32fun/../misc/libgcc.a(div.o)
 .debug_abbrev  0x00000000       0x28 ../ch32v003fun/ch32fun/../misc/libgcc.a(div.o)
 .debug_aranges
                0x00000000       0x20 ../ch32v003fun/ch32fun/../misc/libgcc.a(div.o)
 .debug_str     0x00000000       0xd9 ../ch32v003fun/ch32fun/../misc/libgcc.a(div.o)
 .riscv.attributes
                0x00000000       0x1f ../ch32v003fun/ch32fun/../misc/libgcc.a(div.o)

Memory Configuration

Name             Origin             Length             Attributes
FLASH            0x00000000         0x00004000         xr
RAM              0x20000000         0x00000800         xrw
*default*        0x00000000         0xffffffff

Linker script and memory map

LOAD /tmp/ccOX4efh.o
LOAD /tmp/ccYqZtT2.ltrans0.ltrans.o
LOAD /tmp/ccv0GrAs.debug.temp.o
LOAD /tmp/cc2gEXlz.debug.temp.o
LOAD /tmp/ccaqrnlc.debug.temp.o
LOAD /tmp/ccdmNTz2.o
LOAD /tmp/ccV0HZwf.o
LOAD /tmp/ccsPAkWZ.o
LOAD ../ch32v003fun/ch32fun/../misc/libgcc.a

.init           0x00000000       0xa0
                0x00000000                        _sinit = .
                0x00000000                        . = ALIGN (0x4)
 *(SORT_NONE(.init))
 .init          0x00000000       0x9e /tmp/ccYqZtT2.ltrans0.ltrans.o
                0x00000000                InterruptVectorDefault
                0x00000000                InterruptVector
                0x000000a0                        . = ALIGN (0x4)
 *fill*         0x0000009e        0x2 
                0x000000a0                        _einit = .

.text           0x000000a0      0x9b4
                0x000000a0                        . = ALIGN (0x4)
 *(.text)
 *(.text.*)
 .text.PrintN   0x000000a0       0x58 /tmp/ccYqZtT2.ltrans0.ltrans.o
 .text.handle_reset
                0x000000f8       0x7a /tmp/ccYqZtT2.ltrans0.ltrans.o
                0x000000f8                handle_reset
 .text.vector_handler
                0x00000172       0x5a /tmp/ccYqZtT2.ltrans0.ltrans.o
                0x00000172                EXTI2_IRQHandler
                0x00000172                TIM8_TRG_COM_IRQHandler
                0x00000172                TIM8_CC_IRQHandler
                0x00000172                UART8_IRQHandler
                0x00000172                TIM1_CC_IRQHandler
                0x00000172                HardFault_Handler
                0x00000172                USBPD_IRQHandler
                0x00000172                TIM6_IRQHandler
                0x00000172                PVD_IRQHandler
                0x00000172                SDIO_IRQHandler
                0x00000172                TIM9_BRK_IRQHandler
                0x00000172                DMA2_Channel8_IRQHandler
                0x00000172                CAN2_RX1_IRQHandler
                0x00000172                EXTI3_IRQHandler
                0x00000172                USBHS_IRQHandler
                0x00000172                DMA2_Channel9_IRQHandler
                0x00000172                TIM10_CC_IRQHandler
                0x00000172                EXTI25_16_IRQHandler
                0x00000172                USBFS_IRQHandler
                0x00000172                EXTI0_IRQHandler
                0x00000172                I2C2_EV_IRQHandler
                0x00000172                TIM10_TRG_COM_IRQHandler
                0x00000172                CAN2_SCE_IRQHandler
                0x00000172                ADC1_2_IRQHandler
                0x00000172                BB_IRQHandler
                0x00000172                Break_Point_Handler
                0x00000172                TIM2_CC_IRQHandler
                0x00000172                SPI1_IRQHandler
                0x00000172                TAMPER_IRQHandler
                0x00000172                AWU_IRQHandler
                0x00000172                CAN2_RX0_IRQHandler
                0x00000172                OSCWakeUp_IRQHandler
                0x00000172                TIM8_UP_IRQHandler
                0x00000172                Ecall_M_Mode_Handler
                0x00000172                DMA2_Channel2_IRQHandler
                0x00000172                DMA1_Channel4_IRQHandler
                0x00000172                ADC1_IRQHandler
                0x00000172                TIM2_BRK_IRQHandler
                0x00000172                TIM9_UP_IRQHandler
                0x00000172                USART3_IRQHandler
                0x00000172                RTC_IRQHandler
                0x00000172                DMA1_Channel7_IRQHandler
                0x00000172                CAN1_RX1_IRQHandler
                0x00000172                DVP_IRQHandler
                0x00000172                UART5_IRQHandler
                0x00000172                EXTI15_8_IRQHandler
                0x00000172                TIM4_IRQHandler
                0x00000172                DMA2_Channel1_IRQHandler
                0x00000172                USBPD_WKUP_IRQHandler
                0x00000172                I2C1_EV_IRQHandler
                0x00000172                USART4_IRQHandler
                0x00000172                DMA1_Channel6_IRQHandler
                0x00000172                UART4_IRQHandler
                0x00000172                DMA2_Channel4_IRQHandler
                0x00000172                TIM3_IRQHandler
                0x00000172                RCC_IRQHandler
                0x00000172                TIM1_TRG_COM_IRQHandler
                0x00000172                DMA1_Channel1_IRQHandler
                0x00000172                DMA2_Channel7_IRQHandler
                0x00000172                EXTI15_10_IRQHandler
                0x00000172                DMA1_Channel8_IRQHandler
                0x00000172                DefaultIRQHandler
                0x00000172                TIM7_IRQHandler
                0x00000172                CAN2_TX_IRQHandler
                0x00000172                TIM5_IRQHandler
                0x00000172                EXTI9_5_IRQHandler
                0x00000172                PIOC_IRQHandler
                0x00000172                SPI2_IRQHandler
                0x00000172                OSC32KCal_IRQHandler
                0x00000172                TIM10_BRK_IRQHandler
                0x00000172                TIM9_CC_IRQHandler
                0x00000172                DMA2_Channel5_IRQHandler
                0x00000172                USBHSWakeUp_IRQHandler
                0x00000172                DMA1_Channel5_IRQHandler
                0x00000172                EXTI4_IRQHandler
                0x00000172                USB_LP_CAN1_RX0_IRQHandler
                0x00000172                RNG_IRQHandler
                0x00000172                USB_HP_CAN1_TX_IRQHandler
                0x00000172                LLE_IRQHandler
                0x00000172                DMA1_Channel3_IRQHandler
                0x00000172                FSMC_IRQHandler
                0x00000172                ETH_IRQHandler
                0x00000172                TIM1_UP_IRQHandler
                0x00000172                WWDG_IRQHandler
                0x00000172                DMA2_Channel11_IRQHandler
                0x00000172                Ecall_U_Mode_Handler
                0x00000172                DMA2_Channel6_IRQHandler
                0x00000172                TIM2_IRQHandler
                0x00000172                SW_Handler
                0x00000172                TIM1_BRK_IRQHandler
                0x00000172                OPA_IRQHandler
                0x00000172                DMA2_Channel10_IRQHandler
                0x00000172                EXTI1_IRQHandler
                0x00000172                RTCAlarm_IRQHandler
                0x00000172                TIM10_UP_IRQHandler
                0x00000172                TIM9_TRG_COM_IRQHandler
                0x00000172                UART7_IRQHandler
                0x00000172                USART2_IRQHandler
                0x00000172                UART6_IRQHandler
                0x00000172                ETHWakeUp_IRQHandler
                0x00000172                I2C2_ER_IRQHandler
                0x00000172                DMA1_Channel2_IRQHandler
                0x00000172                TIM8_BRK_IRQHandler
                0x00000172                TIM2_TRG_IRQHandler
                0x00000172                CAN1_SCE_IRQHandler
                0x00000172                FLASH_IRQHandler
                0x00000172                USBFSWakeUp_IRQHandler
                0x00000172                USART1_IRQHandler
                0x00000172                OTG_FS_IRQHandler
                0x00000172                SPI3_IRQHandler
                0x00000172                USBFS_WakeUp_IRQHandler
                0x00000172                I2C1_ER_IRQHandler
                0x00000172                USBWakeUp_IRQHandler
                0x00000172                DMA2_Channel3_IRQHandler
                0x000001be                NMI_Handler
                0x000001be                NMI_RCC_CSS_IRQHandler
 .text.SystemInit
                0x000001cc       0x5e /tmp/ccYqZtT2.ltrans0.ltrans.o
                0x000001cc                SystemInit
 .text.startup.main
                0x0000022a      0x108 /tmp/ccYqZtT2.ltrans0.ltrans.o
                0x0000022a                main
 .text.SysTick_Handler
                0x00000332       0x36 /tmp/ccYqZtT2.ltrans0.ltrans.o
 .text.usb_pid_handle_in
                0x00000368       0xfa /tmp/ccYqZtT2.ltrans0.ltrans.o
                0x00000368                usb_pid_handle_in
 .text.usb_pid_handle_data
                0x00000462       0xf2 /tmp/ccYqZtT2.ltrans0.ltrans.o
                0x00000462                usb_pid_handle_data
 *fill*         0x00000554        0x0 
 .text.vector_handler
                0x00000554      0x3fc /tmp/ccV0HZwf.o
                0x00000554                EXTI7_0_IRQHandler
                0x00000810                usb_send_empty
                0x0000081e                usb_send_data
                0x0000094c                always0
 *(.rodata)
 .rodata        0x00000950       0x38 /tmp/ccYqZtT2.ltrans0.ltrans.o
 *(.rodata*)
 .rodata.keyboard_hid_desc
                0x00000988       0x3f /tmp/ccYqZtT2.ltrans0.ltrans.o
 *fill*         0x000009c7        0x1 
 .rodata.config_descriptor
                0x000009c8       0x22 /tmp/ccYqZtT2.ltrans0.ltrans.o
 *fill*         0x000009ea        0x2 
 .rodata.device_descriptor
                0x000009ec       0x12 /tmp/ccYqZtT2.ltrans0.ltrans.o
 *fill*         0x000009fe        0x2 
 .rodata.descriptor_list
                0x00000a00       0x54 /tmp/ccYqZtT2.ltrans0.ltrans.o
 *(.gnu.linkonce.t.*)
                0x00000a54                        . = ALIGN (0x4)

.rela.dyn       0x00000a54        0x0
 .rela.text.handle_reset
                0x00000a54        0x0 /tmp/ccV0HZwf.o

.fini           0x00000a54        0x0
 *(SORT_NONE(.fini))
                0x00000a54                        . = ALIGN (0x4)
                [!provide]                        PROVIDE (_etext = .)
                [!provide]                        PROVIDE (_eitcm = .)

.preinit_array  0x00000a54        0x0
                [!provide]                        PROVIDE (__preinit_array_start = .)
 *(.preinit_array)
                [!provide]                        PROVIDE (__preinit_array_end = .)

.init_array     0x00000a54        0x0
                [!provide]                        PROVIDE (__init_array_start = .)
 *(SORT_BY_INIT_PRIORITY(.init_array.*) SORT_BY_INIT_PRIORITY(.ctors.*))
 *(.init_array EXCLUDE_FILE(*crtend?.o *crtend.o *crtbegin?.o *crtbegin.o) .ctors)
                [!provide]                        PROVIDE (__init_array_end = .)

.fini_array     0x00000a54        0x0
                [!provide]                        PROVIDE (__fini_array_start = .)
 *(SORT_BY_INIT_PRIORITY(.fini_array.*) SORT_BY_INIT_PRIORITY(.dtors.*))
 *(.fini_array EXCLUDE_FILE(*crtend?.o *crtend.o *crtbegin?.o *crtbegin.o) .dtors)
                [!provide]                        PROVIDE (__fini_array_end = .)

.ctors
 *crtbegin.o(.ctors)
 *crtbegin?.o(.ctors)
 *(EXCLUDE_FILE(*crtend?.o *crtend.o) .ctors)
 *(SORT_BY_NAME(.ctors.*))
 *(.ctors)

.dtors
 *crtbegin.o(.dtors)
 *crtbegin?.o(.dtors)
 *(EXCLUDE_FILE(*crtend?.o *crtend.o) .dtors)
 *(SORT_BY_NAME(.dtors.*))
 *(.dtors)

.dalign         0x20000000        0x0 load address 0x00000a54
                0x20000000                        . = ALIGN (0x4)
                0x20000000                        PROVIDE (_data_vma = .)

.dlalign        0x00000a54        0x0
                0x00000a54                        . = ALIGN (0x4)
                0x00000a54                        PROVIDE (_data_lma = .)

.data           0x20000000        0x0 load address 0x00000a54
                0x20000000                        . = ALIGN (0x4)
 *(.gnu.linkonce.r.*)
 *(.data .data.*)
 *(.gnu.linkonce.d.*)
                0x20000000                        . = ALIGN (0x8)
                0x20000800                        PROVIDE (__global_pointer$ = (. + 0x800))
 *(.sdata .sdata.*)
 *(.sdata2*)
 *(.gnu.linkonce.s.*)
                0x20000000                        . = ALIGN (0x8)
 *(.srodata.cst16)
 *(.srodata.cst8)
 *(.srodata.cst4)
 *(.srodata.cst2)
 *(.srodata .srodata.*)
                0x20000000                        . = ALIGN (0x4)
                0x20000000                        PROVIDE (_edata = .)

.bss            0x20000000       0x70 load address 0x00000a54
                0x20000000                        . = ALIGN (0x4)
                0x20000000                        PROVIDE (_sbss = .)
 *(.sbss*)
 .sbss.qp       0x20000000        0x4 /tmp/ccYqZtT2.ltrans0.ltrans.o
 .sbss.SysTick_Count
                0x20000004        0x4 /tmp/ccYqZtT2.ltrans0.ltrans.o
 *(.gnu.linkonce.sb.*)
 *(.bss*)
 .bss.rv003usb_internal_data
                0x20000008       0x5c /tmp/ccYqZtT2.ltrans0.ltrans.o
                0x20000008                rv003usb_internal_data
 .bss.queue     0x20000064        0xa /tmp/ccYqZtT2.ltrans0.ltrans.o
 *(.gnu.linkonce.b.*)
 *(COMMON*)
                0x20000070                        . = ALIGN (0x4)
 *fill*         0x2000006e        0x2 
                0x20000070                        PROVIDE (_ebss = .)
                [!provide]                        PROVIDE (_end = _ebss)
                [!provide]                        PROVIDE (end = .)
                0x20000800                        PROVIDE (_eusrstack = (ORIGIN (RAM) + LENGTH (RAM)))

/DISCARD/
 *(.note .note.*)
 *(.eh_frame .eh_frame.*)
 *(.comment .comment.*)
 *(.ARM.extab* .gnu.linkonce.armextab.*)
 *(.ARM.exidx*)
OUTPUT(pikokey.elf elf32-littleriscv)

.riscv.attributes
                0x00000000       0x2e
 .riscv.attributes
                0x00000000       0x2e /tmp/ccYqZtT2.ltrans0.ltrans.o
 .riscv.attributes
                0x0000002e       0x23 /tmp/ccV0HZwf.o

.debug_info     0x00000000     0x3c83
 .debug_info    0x00000000     0x1326 /tmp/ccYqZtT2.ltrans0.ltrans.o
 .debug_info    0x00001326     0x107d /tmp/ccv0GrAs.debug.temp.o
                0x00001326                ch32fun.c.3a4b62cd
 .debug_info    0x000023a3      0xafd /tmp/cc2gEXlz.debug.temp.o
                0x000023a3                pikokey.c.7b53e489
 .debug_info    0x00002ea0      0xdbe /tmp/ccaqrnlc.debug.temp.o
                0x00002ea0                rv003usb.c.4b30943f
 .debug_info    0x00003c5e       0x25 /tmp/ccV0HZwf.o

.debug_abbrev   0x00000000      0x968
 .debug_abbrev  0x00000000      0x1d4 /tmp/ccYqZtT2.ltrans0.ltrans.o
 .debug_abbrev  0x000001d4      0x25d /tmp/ccv0GrAs.debug.temp.o
 .debug_abbrev  0x00000431      0x2d1 /tmp/cc2gEXlz.debug.temp.o
 .debug_abbrev  0x00000702      0x252 /tmp/ccaqrnlc.debug.temp.o
 .debug_abbrev  0x00000954       0x14 /tmp/ccV0HZwf.o

.debug_loclists
                0x00000000     0x21cf
 .debug_loclists
                0x00000000     0x21cf /tmp/ccYqZtT2.ltrans0.ltrans.o

.debug_aranges  0x00000000      0x180
 .debug_aranges
                0x00000000      0x160 /tmp/ccYqZtT2.ltrans0.ltrans.o
 .debug_aranges
                0x00000160       0x20 /tmp/ccV0HZwf.o

.debug_rnglists
                0x00000000      0x311
 .debug_rnglists
                0x00000000      0x311 /tmp/ccYqZtT2.ltrans0.ltrans.o

.debug_line     0x00000000     0x36a6
 .debug_line    0x00000000     0x2d2f /tmp/ccYqZtT2.ltrans0.ltrans.o
 .debug_line    0x00002d2f       0x6d /tmp/ccv0GrAs.debug.temp.o
 .debug_line    0x00002d9c       0x6d /tmp/cc2gEXlz.debug.temp.o
 .debug_line    0x00002e09       0x6d /tmp/ccaqrnlc.debug.temp.o
 .debug_line    0x00002e76      0x830 /tmp/ccV0HZwf.o

.debug_str      0x00000000     0x1bba
 .debug_str     0x00000000      0x13c /tmp/ccYqZtT2.ltrans0.ltrans.o
                                0x14a (size before relaxing)
 .debug_str     0x0000013c      0x5f9 /tmp/ccv0GrAs.debug.temp.o
                                0x6ba (size before relaxing)
 .debug_str     0x00000735      0x6b2 /tmp/cc2gEXlz.debug.temp.o
                                0x8fa (size before relaxing)
 .debug_str     0x00000de7      0xd86 /tmp/ccaqrnlc.debug.temp.o
                               0x1379 (size before relaxing)
 .debug_str     0x00001b6d       0x4d /tmp/ccV0HZwf.o

.debug_line_str
                0x00000000      0x1f3
 .debug_line_str
                0x00000000       0x54 /tmp/ccYqZtT2.ltrans0.ltrans.o
                                 0xd6 (size before relaxing)
 .debug_line_str
                0x00000054       0xdb /tmp/ccv0GrAs.debug.temp.o
                                0x130 (size before relaxing)
 .debug_line_str
                0x0000012f       0x4a /tmp/cc2gEXlz.debug.temp.o
                                0x118 (size before relaxing)
 .debug_line_str
                0x00000179       0x39 /tmp/ccaqrnlc.debug.temp.o
                                0x102 (size before relaxing)
 .debug_line_str
                0x000001b2       0x41 /tmp/ccV0HZwf.o

.debug_frame    0x00000000      0x42c
 .debug_frame   0x00000000      0x42c /tmp/ccYqZtT2.ltrans0.ltrans.o
